01-10 22:26:46.575  2604  3624 V Avrcp_ext: updateCurrentMediaState: mMediaController: MediaController (com.miui.player@c15f2fd) , , EP
01-10 22:26:46.575  2604  3624 V Avrcp_ext: isMusicActive: false getBluetoothPlayState: 0
01-10 22:26:46.575  2604  3624 V Avrcp_ext: updateCurrentMediaState: isPlaying = false
01-10 22:26:46.575  2604  3624 V Avrcp_ext: updateCurrentMediaState: get media attributes: 
01-10 22:26:46.576  1582  2633 D CompatibilityInfo: mCompatibilityFlags - 4
01-10 22:26:46.576  1582  2633 D CompatibilityInfo: applicationDensity - 352
01-10 22:26:46.576  1582  2633 D CompatibilityInfo: applicationScale - 1.0
01-10 22:26:46.577  2604  3624 D Avrcp_ext:  albumName :EP device :null
01-10 22:26:46.579  2604  3624 I Avrcp_ext: Skipping update due to invalid playback state
01-10 22:26:46.580  2604  3624 V Avrcp_ext: updatePlaybackState, state: PlaybackState {state=0, position=0, buffered position=0, speed=0.0, updated=0, actions=950, custom actions=[], active item id=-1, error=null} device: null
01-10 22:26:46.580  2604  3624 V Avrcp_ext: Device: no name: 
01-10 22:26:46.580  2604  3624 I chatty  : uid=1002(bluetooth) BluetoothAvrcpH identical 3 lines
01-10 22:26:46.580  2604  3624 V Avrcp_ext: Device: no name: 
01-10 22:26:46.580  2604  3624 V Avrcp_ext: updatePlayerStateAndPosition, old=PlaybackState {state=0, position=0, buffered position=0, speed=0.0, updated=0, actions=950, custom actions=[], active item id=-1, error=null}, state=PlaybackState {state=0, position=0, buffered position=0, speed=0.0, updated=0, actions=950, custom actions=[], active item id=-1, error=null}
01-10 22:26:46.580  2604  3624 V Avrcp_ext: old state = PlaybackState {state=0, position=0, buffered position=0, speed=0.0, updated=0, actions=950, custom actions=[], active item id=-1, error=null}, new state= PlaybackState {state=0, position=0, buffered position=0, speed=0.0, updated=0, actions=950, custom actions=[], active item id=-1, error=null}
01-10 22:26:46.580  2604  3624 D HeadsetService: getHeadsetService(): returning com.android.bluetooth.hfp.HeadsetService@dc63410
01-10 22:26:46.580  2604  3624 D HeadsetService:  isAudioOn: The number of audio connected devices 0
01-10 22:26:46.580  2604  3624 D HeadsetService: isScoOrCallActive(): Call Active:falseCall is Ringing:falseSCO is Active:false
01-10 22:26:46.580  2604  3624 D HeadsetService:  isAudioOn: The number of audio connected devices 0
01-10 22:26:46.580  2604  3624 I Avrcp_ext: updatePlayStatusForDevice: device: null
01-10 22:26:46.580  2604  3624 V Avrcp_ext: updatePlaybackState (1): old=PlaybackState {state=0, position=0, buffered position=0, speed=0.0, updated=0, actions=950, custom actions=[], active item id=-1, error=null}(0), new=PlaybackState {state=0, position=0, buffered position=0, speed=0.0, updated=0, actions=950, custom actions=[], active item id=-1, error=null}(0)
01-10 22:26:46.580  2604  3624 I Avrcp_ext: Exit updatePlayStatusForDevice
01-10 22:26:46.580  2604  3624 D HeadsetService:  isAudioOn: The number of audio connected devices 0
01-10 22:26:46.580  2604  3624 D HeadsetService: isScoOrCallActive(): Call Active:falseCall is Ringing:falseSCO is Active:false
01-10 22:26:46.580  2604  3624 D HeadsetService:  isAudioOn: The number of audio connected devices 0
01-10 22:26:46.580  2604  3624 I Avrcp_ext: updatePlayStatusForDevice: device: null
01-10 22:26:46.580  2604  3624 V Avrcp_ext: updatePlaybackState (1): old=PlaybackState {state=0, position=0, buffered position=0, speed=0.0, updated=0, actions=950, custom actions=[], active item id=-1, error=null}(0), new=PlaybackState {state=0, position=0, buffered position=0, speed=0.0, updated=0, actions=950, custom actions=[], active item id=-1, error=null}(0)
01-10 22:26:46.580  2604  3624 I Avrcp_ext: Exit updatePlayStatusForDevice
01-10 22:26:46.581  2604  3624 D HeadsetService:  isAudioOn: The number of audio connected devices 0
01-10 22:26:46.581  2604  3624 D HeadsetService: isScoOrCallActive(): Call Active:falseCall is Ringing:falseSCO is Active:false
01-10 22:26:46.581  2604  3624 D HeadsetService:  isAudioOn: The number of audio connected devices 0
01-10 22:26:46.581  2604  3624 I Avrcp_ext: updatePlayStatusForDevice: device: null
01-10 22:26:46.581  2604  3624 V Avrcp_ext: updatePlaybackState (1): old=PlaybackState {state=0, position=0, buffered position=0, speed=0.0, updated=0, actions=950, custom actions=[], active item id=-1, error=null}(0), new=PlaybackState {state=0, position=0, buffered position=0, speed=0.0, updated=0, actions=950, custom actions=[], active item id=-1, error=null}(0)
01-10 22:26:46.581  2604  3624 I Avrcp_ext: Exit updatePlayStatusForDevice
01-10 22:26:46.581  2604  3624 D HeadsetService:  isAudioOn: The number of audio connected devices 0
01-10 22:26:46.581  2604  3624 D HeadsetService: isScoOrCallActive(): Call Active:falseCall is Ringing:falseSCO is Active:false
01-10 22:26:46.581  2604  3624 D HeadsetService:  isAudioOn: The number of audio connected devices 0
01-10 22:26:46.581  2604  3624 I Avrcp_ext: updatePlayStatusForDevice: device: null
01-10 22:26:46.581  2604  3624 V Avrcp_ext: updatePlaybackState (1): old=PlaybackState {state=0, position=0, buffered position=0, speed=0.0, updated=0, actions=950, custom actions=[], active item id=-1, error=null}(0), new=PlaybackState {state=0, position=0, buffered position=0, speed=0.0, updated=0, actions=950, custom actions=[], active item id=-1, error=null}(0)
01-10 22:26:46.581  2604  3624 I Avrcp_ext: Exit updatePlayStatusForDevice
01-10 22:26:46.581  2604  3624 D HeadsetService:  isAudioOn: The number of audio connected devices 0
01-10 22:26:46.581  2604  3624 D HeadsetService: isScoOrCallActive(): Call Active:falseCall is Ringing:falseSCO is Active:false
01-10 22:26:46.581  2604  3624 D HeadsetService:  isAudioOn: The number of audio connected devices 0
01-10 22:26:46.581  2604  3624 I Avrcp_ext: updatePlayStatusForDevice: device: null
01-10 22:26:46.581  2604  3624 V Avrcp_ext: updatePlaybackState (1): old=PlaybackState {state=0, position=0, buffered position=0, speed=0.0, updated=0, actions=950, custom actions=[], active item id=-1, error=null}(0), new=PlaybackState {state=0, position=0, buffered position=0, speed=0.0, updated=0, actions=950, custom actions=[], active item id=-1, error=null}(0)
01-10 22:26:46.581  2604  3624 I Avrcp_ext: Exit updatePlayStatusForDevice
01-10 22:26:46.581  2604  3624 D Avrcp_ext: Enter sendPlayPosNotificationRsp
01-10 22:26:46.581  2604  3624 D Avrcp_ext: sendPlayPosNotificationRsp: Not registered or requesting.
01-10 22:26:46.581  2604  3624 D Avrcp_ext: Enter sendPlayPosNotificationRsp
01-10 22:26:46.581  2604  3624 D Avrcp_ext: sendPlayPosNotificationRsp: Not registered or requesting.
01-10 22:26:46.581  2604  3624 D Avrcp_ext: Enter sendPlayPosNotificationRsp
01-10 22:26:46.581  2604  3624 D Avrcp_ext: sendPlayPosNotificationRsp: Not registered or requesting.
01-10 22:26:46.581  2604  3624 D Avrcp_ext: Enter sendPlayPosNotificationRsp
01-10 22:26:46.581  2604  3624 D Avrcp_ext: sendPlayPosNotificationRsp: Not registered or requesting.
01-10 22:26:46.581  2604  3624 D Avrcp_ext: Enter sendPlayPosNotificationRsp
01-10 22:26:46.581  2604  3624 D Avrcp_ext: sendPlayPosNotificationRsp: Not registered or requesting.
01-10 22:26:46.581  2604  3624 V Avrcp_ext: Exit updatePlayerStateAndPosition
01-10 22:26:46.584  1059  1059 E libc    : Access denied finding property "ro.hardware.fp.fod"
01-10 22:26:46.584  1059  1059 E libc    : Access denied finding property "ro.hardware.fp.sideCap"
01-10 22:26:46.588  2579  2579 D SignalClusterView: updateMobileTypeImage  0
01-10 22:26:46.589  2579  2579 D NavigationBarTransitions: applyDarkIntensity 0.75816274
01-10 22:26:46.600  1059  1059 E libc    : Access denied finding property "ro.hardware.fp.fod"
01-10 22:26:46.601  1059  1059 E libc    : Access denied finding property "ro.hardware.fp.sideCap"
01-10 22:26:46.603  2977  3162 E LauncherAnimationRunner: finish: mFinishRunnable.run
01-10 22:26:46.605  1582  1719 D ActivityTrigger: ActivityTrigger activityStopTrigger 
01-10 22:26:46.607 16864 16864 I DisplayFragment: Interest preselect dialog close
01-10 22:26:46.608 16864 16864 I DispatchItemFetcher: start
01-10 22:26:46.608  2579  2579 D SignalClusterView: updateMobileTypeImage  0
01-10 22:26:46.608  2579  2579 D NavigationBarTransitions: applyDarkIntensity 0.8394938
01-10 22:26:46.608 16864 16991 D IdProviderImpl: getOAID
01-10 22:26:46.609 16864 16905 D IdProviderImpl: getOAID
01-10 22:26:46.611  1582  2481 I MiuiNetworkPolicy: updateUidState uid = 10084, uidState = 6
01-10 22:26:46.611 16864 16864 I InterestPreselectHelper: response status 0 or used is 1
01-10 22:26:46.612 16915 17001 I MultiProcessDataSyncService: getServiceToken: needRefresh:false
01-10 22:26:46.613 16915 17001 I MultiProcessDataSyncService: getServiceToken: mMusicAuthToken false
01-10 22:26:46.614 16864 16908 E Volley  : [405] NetworkDispatcher.handleNext: Unhandled exception java.lang.IllegalStateException: Content has not been provided
01-10 22:26:46.614 16864 16908 E Volley  : java.lang.IllegalStateException: Content has not been provided
01-10 22:26:46.614 16864 16908 E Volley  : 	at org.apache.http.entity.BasicHttpEntity.getContent(BasicHttpEntity.java:86)
01-10 22:26:46.614 16864 16908 E Volley  : 	at com.android.volley.toolbox.BasicNetwork.entityToBytes(BasicNetwork.java:245)
01-10 22:26:46.614 16864 16908 E Volley  : 	at com.android.volley.toolbox.BasicNetwork.performRequest(BasicNetwork.java:131)
01-10 22:26:46.614 16864 16908 E Volley  : 	at com.android.volley.NetworkDispatcher.handleNext(NetworkDispatcher.java:143)
01-10 22:26:46.614 16864 16908 E Volley  : 	at com.android.volley.NetworkDispatcher.run(NetworkDispatcher.java:96)
01-10 22:26:46.614 16864 16864 I CommentNotificationUtils: syncFromServer failed
01-10 22:26:46.615 16864 16961 I MediaStatHelper: ensureService mConnecting:false, mService:1
01-10 22:26:46.615 16915 17001 I MusicStatService: track
01-10 22:26:46.617  1059  1059 E libc    : Access denied finding property "ro.hardware.fp.fod"
01-10 22:26:46.617  1059  1059 E libc    : Access denied finding property "ro.hardware.fp.sideCap"
01-10 22:26:46.620  2579  2579 D EventBus: [2579, u0] send(AppTransitionFinishedEvent)
01-10 22:26:46.621  2579  2579 D EventBus: [2579, u0]  -> ForcedResizableInfoActivityController [0x9342fb0, P1] onBusEvent(AppTransitionFinishedEvent)
01-10 22:26:46.621  2579  2579 D EventBus: [2579, u0] onBusEvent(AppTransitionFinishedEvent) duration: 24 microseconds, avg: 31
01-10 22:26:46.623  1059  1694 D BufferQueueLayer: Launcher new frame Arrived
01-10 22:26:46.623  2579  2579 D SignalClusterView: updateMobileTypeImage  0
01-10 22:26:46.623  2579  2579 D NavigationBarTransitions: applyDarkIntensity 0.89663
01-10 22:26:46.625  2977  2977 D Launcher.Lifecycle: onStop:UserHandle{0},62bb542,false
01-10 22:26:46.626  1582  3757 W ActivityManager: Unable to start service Intent { cmp=com.miui.analytics/.onetrack.OneTrackService } U=0: not found
01-10 22:26:46.626  1582  3757 W ActivityManager: Unbind failed: could not find connection for android.os.BinderProxy@90484ce
01-10 22:26:46.626  2977  2977 D LauncherClient.Service: service already disconnected:com.miui.personalassistant
01-10 22:26:46.626  2977  2977 D LauncherClient.Service: service already disconnected:com.miui.newhome
01-10 22:26:46.634  1059  1059 D SurfaceFlinger: Launcher Changed hasLauncher=0
01-10 22:26:46.634  1059  1059 D SurfaceFlinger: WallPaper Changed hasWallPaper=0
01-10 22:26:46.634  1059  1059 E libc    : Access denied finding property "ro.hardware.fp.fod"
01-10 22:26:46.634  1059  1059 E libc    : Access denied finding property "ro.hardware.fp.sideCap"
01-10 22:26:46.635 17025 17025 I Perf    : Connecting to perf service.
01-10 22:26:46.639  2579  2579 D SignalClusterView: updateMobileTypeImage  0
01-10 22:26:46.640  2579  2579 D NavigationBarTransitions: applyDarkIntensity 0.9360082
01-10 22:26:46.643  7956  7956 D TouchAssistant: topActivity.getPackageName(),packageName:com.miui.player
01-10 22:26:46.643  7956  7956 D TouchAssistant: onTopAppChanged packageName:com.miui.player
01-10 22:26:46.649  1582  1678 D CompatibilityInfo: mCompatibilityFlags - 4
01-10 22:26:46.649  1582  1678 D CompatibilityInfo: applicationDensity - 352
01-10 22:26:46.649  1582  1678 D CompatibilityInfo: applicationScale - 1.0
01-10 22:26:46.649   559   559 E SELinux : avc:  denied  { find } for interface=vendor.qti.hardware.servicetracker::IServicetracker sid=u:r:system_server:s0 pid=1582 scontext=u:r:system_server:s0 tcontext=u:object_r:default_android_hwservice:s0 tclass=hwservice_manager permissive=0
01-10 22:26:46.651  1059  1059 E libc    : Access denied finding property "ro.hardware.fp.fod"
01-10 22:26:46.651  1059  1059 E libc    : Access denied finding property "ro.hardware.fp.sideCap"
01-10 22:26:46.651 16915 17015 W BpBinder: Slow Binder: BpBinder transact took 215 ms, interface=android.app.IActivityManager, code=20 oneway=false
01-10 22:26:46.653  2579  2579 D NavigationBarTransitions: applyDarkIntensity 0.9644598
01-10 22:26:46.657 17025 17025 I FeatureParser: can't find polaris.xml in assets/device_features/,it may be in /system/etc/device_features
01-10 22:26:46.661 17025 17025 D miuisdk : current sdk level is 22
01-10 22:26:46.664 17025 17025 I DynamicDumpReceiver: Dynamic receiver registered
01-10 22:26:46.665 17025 17025 E libc    : Access denied finding property "ro.vendor.display.type"
01-10 22:26:46.665 17025 17025 I ApplicationHelper: Create ApplicationHelper successfully, class=com.miui.player.phone.app.PhoneApplicationHelper@3c07c77
01-10 22:26:46.666 16915 17015 I com.miui.player.content.cache.FileStatusCache[content://com.miui.player.private/scanned_audiosFinish to load in background, size = 3
01-10 22:26:46.666 17025 17025 E ApplicationHelper: start process, name=com.miui.player:download
01-10 22:26:46.667 16915 16915 I com.miui.player.content.cache.FileStatusCache[content://com.miui.player.private/scanned_audiosUpdate Cache version to 1
01-10 22:26:46.667  1059  1059 E libc    : Access denied finding property "ro.hardware.fp.fod"
01-10 22:26:46.667  1059  1059 E libc    : Access denied finding property "ro.hardware.fp.sideCap"
01-10 22:26:46.668  2579  2579 D NavigationBarTransitions: applyDarkIntensity 0.9835245
01-10 22:26:46.669 16864 16990 I AccountPermissionHelper: isVip=false, start_time=null, end_time=null
01-10 22:26:46.669 17025 17025 I Threads : name=mt_PreferenceCache_1, total=8
01-10 22:26:46.669 16864 16990 I AccountPermissionHelper: updatePaidSong
01-10 22:26:46.669 17025 17055 I PreferenceCache: handle change: update load background
01-10 22:26:46.670  2579  2579 D NavBarTintController: onSampleCollected 1.0
01-10 22:26:46.673 16864 16990 I AccountPermissionHelper: updatePaidSong  needAdded:0  needRemoved:0
01-10 22:26:46.673 16864 16990 I AccountPermissionHelper: Refresh vip permission end: isVip=false
01-10 22:26:46.674 16864 16988 E Volley  : [435] NetworkDispatcher.handleNext: Unhandled exception java.lang.IllegalStateException: Content has not been provided
01-10 22:26:46.674 16864 16988 E Volley  : java.lang.IllegalStateException: Content has not been provided
01-10 22:26:46.674 16864 16988 E Volley  : 	at org.apache.http.entity.BasicHttpEntity.getContent(BasicHttpEntity.java:86)
01-10 22:26:46.674 16864 16988 E Volley  : 	at com.android.volley.toolbox.BasicNetwork.entityToBytes(BasicNetwork.java:245)
01-10 22:26:46.674 16864 16988 E Volley  : 	at com.android.volley.toolbox.BasicNetwork.performRequest(BasicNetwork.java:131)
01-10 22:26:46.674 16864 16988 E Volley  : 	at com.android.volley.NetworkDispatcher.handleNext(NetworkDispatcher.java:143)
01-10 22:26:46.674 16864 16988 E Volley  : 	at com.android.volley.NetworkDispatcher.run(NetworkDispatcher.java:96)
01-10 22:26:46.675 16864 16864 E VipDialogHelper: displayItem is null
01-10 22:26:46.675 16864 16864 E VipDialogHelper: com.android.volley.VolleyError: java.lang.IllegalStateException: Content has not been provided
01-10 22:26:46.675 16864 16864 E VipDialogHelper: 	at com.android.volley.NetworkDispatcher.handleNext(NetworkDispatcher.java:183)
01-10 22:26:46.675 16864 16864 E VipDialogHelper: 	at com.android.volley.NetworkDispatcher.run(NetworkDispatcher.java:96)
01-10 22:26:46.675 16864 16864 E VipDialogHelper: Caused by: java.lang.IllegalStateException: Content has not been provided
01-10 22:26:46.675 16864 16864 E VipDialogHelper: 	at org.apache.http.entity.BasicHttpEntity.getContent(BasicHttpEntity.java:86)
01-10 22:26:46.675 16864 16864 E VipDialogHelper: 	at com.android.volley.toolbox.BasicNetwork.entityToBytes(BasicNetwork.java:245)
01-10 22:26:46.675 16864 16864 E VipDialogHelper: 	at com.android.volley.toolbox.BasicNetwork.performRequest(BasicNetwork.java:131)
01-10 22:26:46.675 16864 16864 E VipDialogHelper: 	at com.android.volley.NetworkDispatcher.handleNext(NetworkDispatcher.java:143)
01-10 22:26:46.675 16864 16864 E VipDialogHelper: 	... 1 more
01-10 22:26:46.676 16864 16864 I AccountPaymentStateUtil: checkAccountDiscountInfo com.miui.player.util.AccountPaymentStateUtils$AccountDiscountResult@5f6a3a7
01-10 22:26:46.679 17025 17025 I MiCloudSDKDependencyUtil: MiCloudSDK environment: 31
01-10 22:26:46.682 17025 17025 D DownloadService: (onCreate) ---> Service onCreate com.miui.player:download pid=17025 uid=10090
01-10 22:26:46.684  1059  1059 E libc    : Access denied finding property "ro.hardware.fp.fod"
01-10 22:26:46.685  1059  1059 E libc    : Access denied finding property "ro.hardware.fp.sideCap"
01-10 22:26:46.685  2579  2579 D NavigationBarTransitions: applyDarkIntensity 0.99415183
01-10 22:26:46.689 17025 17025 D DownloadService: onStartCommand --->startId=1 cmd=0
01-10 22:26:46.692 17025 17058 D DownloadService: updateLocked cursor count=0
01-10 22:26:46.692 17025 17058 D DownloadService: updateLocked exit isActive=false
01-10 22:26:46.692 17025 17058 D DownloadService: enqueueFinalUpdate  send MSG_FINAL_UPDATE
01-10 22:26:46.692 17025 17025 D DownloadService: onStartCommand --->startId=2 cmd=2
01-10 22:26:46.694 17025 17058 D DownloadService: updateLocked cursor count=0
01-10 22:26:46.694 17025 17058 D DownloadService: updateLocked exit isActive=false
01-10 22:26:46.694 17025 17058 D DownloadService: enqueueFinalUpdate  send MSG_FINAL_UPDATE
01-10 22:26:46.701  1059  1059 E libc    : Access denied finding property "ro.hardware.fp.fod"
01-10 22:26:46.701  1059  1059 E libc    : Access denied finding property "ro.hardware.fp.sideCap"
01-10 22:26:46.701  2579  2579 D NavigationBarTransitions: applyDarkIntensity 0.9990056
01-10 22:26:46.712 17025 17056 E Perf    : Fail to get file list oat
01-10 22:26:46.712 17025 17056 E Perf    : getFolderSize() : Exception_1 = java.lang.NullPointerException: Attempt to get length of null array
01-10 22:26:46.717  1059  1059 E libc    : Access denied finding property "ro.hardware.fp.fod"
01-10 22:26:46.717  1059  1059 E libc    : Access denied finding property "ro.hardware.fp.sideCap"
01-10 22:26:46.718  2579  2579 D NavigationBarTransitions: applyDarkIntensity 1.0
01-10 22:26:46.719   998   998 V DisplayFeatureHal: dataCallback value=<  46.7938,   0.0000,   0.0000>,time=23971447743919, sensor=5, temperature(K)=   0.0000
01-10 22:26:46.734  1059  1059 E libc    : Access denied finding property "ro.hardware.fp.fod"
01-10 22:26:46.734  1059  1059 E libc    : Access denied finding property "ro.hardware.fp.sideCap"
01-10 22:26:46.751  1059  1059 E libc    : Access denied finding property "ro.hardware.fp.fod"
01-10 22:26:46.751  1059  1059 E libc    : Access denied finding property "ro.hardware.fp.sideCap"
01-10 22:26:46.767  1059  1059 E libc    : Access denied finding property "ro.hardware.fp.fod"
01-10 22:26:46.767  1059  1059 E libc    : Access denied finding property "ro.hardware.fp.sideCap"
01-10 22:26:46.784  1059  1059 E libc    : Access denied finding property "ro.hardware.fp.fod"
01-10 22:26:46.784  1059  1059 E libc    : Access denied finding property "ro.hardware.fp.sideCap"
01-10 22:26:46.786  2579  2579 D NavBarTintController: onSampleCollected 1.0
01-10 22:26:46.801  1059  1059 E libc    : Access denied finding property "ro.hardware.fp.fod"
01-10 22:26:46.801  1059  1059 E libc    : Access denied finding property "ro.hardware.fp.sideCap"
01-10 22:26:46.817  1059  1059 E libc    : Access denied finding property "ro.hardware.fp.fod"
01-10 22:26:46.817  1059  1059 E libc    : Access denied finding property "ro.hardware.fp.sideCap"
01-10 22:26:46.834  1059  1059 E libc    : Access denied finding property "ro.hardware.fp.fod"
01-10 22:26:46.834  1059  1059 E libc    : Access denied finding property "ro.hardware.fp.sideCap"
01-10 22:26:46.851  1059  1059 E libc    : Access denied finding property "ro.hardware.fp.fod"
01-10 22:26:46.851  1059  1059 E libc    : Access denied finding property "ro.hardware.fp.sideCap"
01-10 22:26:46.867  1059  1059 E libc    : Access denied finding property "ro.hardware.fp.fod"
01-10 22:26:46.867  1059  1059 E libc    : Access denied finding property "ro.hardware.fp.sideCap"
01-10 22:26:46.870   790 17060 E ResolverController: No valid NAT64 prefix (114, <unspecified>/0)
01-10 22:26:46.884  1059  1059 E libc    : Access denied finding property "ro.hardware.fp.fod"
01-10 22:26:46.884  1059  1059 E libc    : Access denied finding property "ro.hardware.fp.sideCap"
01-10 22:26:46.885   998   998 V DisplayFeatureHal: dataCallback value=<  47.6603,   0.0000,   0.0000>,time=23971614410534, sensor=5, temperature(K)=   0.0000
01-10 22:26:46.886  2579  2579 D NavBarTintController: onSampleCollected 1.0
01-10 22:26:46.901  1059  1059 E libc    : Access denied finding property "ro.hardware.fp.fod"
01-10 22:26:46.901  1059  1059 E libc    : Access denied finding property "ro.hardware.fp.sideCap"
01-10 22:26:46.917  1059  1059 E libc    : Access denied finding property "ro.hardware.fp.fod"
01-10 22:26:46.918  1059  1059 E libc    : Access denied finding property "ro.hardware.fp.sideCap"
01-10 22:26:46.934  1059  1059 E libc    : Access denied finding property "ro.hardware.fp.fod"
01-10 22:26:46.934  1059  1059 E libc    : Access denied finding property "ro.hardware.fp.sideCap"
01-10 22:26:46.945 16864 16864 D ForceDarkHelper: updateByCheckExcludeList: pkg: com.miui.player activity: com.miui.player.ui.MiuiMusicActivity@fd16d90
01-10 22:26:46.947 16864 16864 I chatty  : uid=10090(com.miui.player) identical 3 lines
01-10 22:26:46.947 16864 16864 D ForceDarkHelper: updateByCheckExcludeList: pkg: com.miui.player activity: com.miui.player.ui.MiuiMusicActivity@fd16d90
01-10 22:26:46.948 16864 16864 I DisplayFactory: setDisplayContext  the non-IImageLoaderRoot IDisplay need an ImageLoader
01-10 22:26:46.948 16864 16864 D ForceDarkHelper: updateByCheckExcludeList: pkg: com.miui.player activity: com.miui.player.ui.MiuiMusicActivity@fd16d90
01-10 22:26:46.950 16864 16864 I MultiChoiceFrameLayoutCard: SideMenuLoaderContaineronBindItem
01-10 22:26:46.950 16864 16864 I LoaderContainer: mLoader.onLoadStateChagned 2
01-10 22:26:46.950 16864 16864 I LoaderContainer: mLoader.onLoadStateChagned 1
01-10 22:26:46.951  1059  1059 E libc    : Access denied finding property "ro.hardware.fp.fod"
01-10 22:26:46.951  1059  1059 E libc    : Access denied finding property "ro.hardware.fp.sideCap"
01-10 22:26:46.951 16864 16864 D ForceDarkHelper: updateByCheckExcludeList: pkg: com.miui.player activity: com.miui.player.ui.MiuiMusicActivity@fd16d90
01-10 22:26:46.954 16864 16864 I DisplayRecyclerView: transformRawItems  header count:0  footer count:1  count:1
01-10 22:26:46.955 16864 16864 I LoaderRecyclerView: updateData  pullToRefresh:0 length:3
01-10 22:26:46.955 16864 16864 I DisplayRecyclerView: transformRawItems  header count:0  footer count:1  count:4
01-10 22:26:46.956 16864 16864 D ForceDarkHelper: updateByCheckExcludeList: pkg: com.miui.player activity: com.miui.player.ui.MiuiMusicActivity@fd16d90
01-10 22:26:46.957 16864 16864 D ForceDarkHelper: updateByCheckExcludeList: pkg: com.miui.player activity: com.miui.player.ui.MiuiMusicActivity@fd16d90
01-10 22:26:46.957 16864 16864 I AbsSwitchImage: ImageViewCompat=null
01-10 22:26:46.957 16864 16864 D ForceDarkHelper: updateByCheckExcludeList: pkg: com.miui.player activity: com.miui.player.ui.MiuiMusicActivity@fd16d90
01-10 22:26:46.958 16864 16864 I chatty  : uid=10090(com.miui.player) identical 2 lines
01-10 22:26:46.958 16864 16864 D ForceDarkHelper: updateByCheckExcludeList: pkg: com.miui.player activity: com.miui.player.ui.MiuiMusicActivity@fd16d90
01-10 22:26:46.958 16864 16864 I AbsSwitchImage: ImageViewCompat=null
01-10 22:26:46.958 16864 16864 I DisplayFactory: setDisplayContext  the non-IImageLoaderRoot IDisplay need an ImageLoader
01-10 22:26:46.961 16864 16864 D ForceDarkHelper: updateByCheckExcludeList: pkg: com.miui.player activity: com.miui.player.ui.MiuiMusicActivity@fd16d90
01-10 22:26:46.961 16864 16864 D ForceDarkHelper: updateByCheckExcludeList: pkg: com.miui.player activity: com.miui.player.ui.MiuiMusicActivity@fd16d90
01-10 22:26:46.961 16864 16864 I AbsSwitchImage: ImageViewCompat=null
01-10 22:26:46.961 16864 16864 D ForceDarkHelper: updateByCheckExcludeList: pkg: com.miui.player activity: com.miui.player.ui.MiuiMusicActivity@fd16d90
01-10 22:26:46.962 16864 16864 I chatty  : uid=10090(com.miui.player) identical 2 lines
01-10 22:26:46.962 16864 16864 D ForceDarkHelper: updateByCheckExcludeList: pkg: com.miui.player activity: com.miui.player.ui.MiuiMusicActivity@fd16d90
01-10 22:26:46.962 16864 16864 I AbsSwitchImage: ImageViewCompat=null
01-10 22:26:46.962 16864 16864 I DisplayFactory: setDisplayContext  the non-IImageLoaderRoot IDisplay need an ImageLoader
01-10 22:26:46.962 16864 16864 D ForceDarkHelper: updateByCheckExcludeList: pkg: com.miui.player activity: com.miui.player.ui.MiuiMusicActivity@fd16d90
01-10 22:26:46.963 16864 16864 D ForceDarkHelper: updateByCheckExcludeList: pkg: com.miui.player activity: com.miui.player.ui.MiuiMusicActivity@fd16d90
01-10 22:26:46.963 16864 16864 I AbsSwitchImage: ImageViewCompat=null
01-10 22:26:46.963 16864 16864 D ForceDarkHelper: updateByCheckExcludeList: pkg: com.miui.player activity: com.miui.player.ui.MiuiMusicActivity@fd16d90
01-10 22:26:46.963 16864 16864 I chatty  : uid=10090(com.miui.player) identical 2 lines
01-10 22:26:46.963 16864 16864 D ForceDarkHelper: updateByCheckExcludeList: pkg: com.miui.player activity: com.miui.player.ui.MiuiMusicActivity@fd16d90
01-10 22:26:46.963 16864 16864 I AbsSwitchImage: ImageViewCompat=null
01-10 22:26:46.963 16864 16864 I DisplayFactory: setDisplayContext  the non-IImageLoaderRoot IDisplay need an ImageLoader
01-10 22:26:46.964 16864 16864 D ForceDarkHelper: updateByCheckExcludeList: pkg: com.miui.player activity: com.miui.player.ui.MiuiMusicActivity@fd16d90
01-10 22:26:46.964 16864 16864 D ForceDarkHelper: updateByCheckExcludeList: pkg: com.miui.player activity: com.miui.player.ui.MiuiMusicActivity@fd16d90
01-10 22:26:46.965 16864 16864 I AbsSwitchImage: ImageViewCompat=null
01-10 22:26:46.965 16864 16864 D ForceDarkHelper: updateByCheckExcludeList: pkg: com.miui.player activity: com.miui.player.ui.MiuiMusicActivity@fd16d90
01-10 22:26:46.965 16864 16864 I chatty  : uid=10090(com.miui.player) identical 3 lines
01-10 22:26:46.965 16864 16864 D ForceDarkHelper: updateByCheckExcludeList: pkg: com.miui.player activity: com.miui.player.ui.MiuiMusicActivity@fd16d90
01-10 22:26:46.965 16864 16864 I DisplayFactory: setDisplayContext  the non-IImageLoaderRoot IDisplay need an ImageLoader
01-10 22:26:46.967 16864 16864 D ForceDarkHelper: updateByCheckExcludeList: pkg: com.miui.player activity: com.miui.player.ui.MiuiMusicActivity@fd16d90
01-10 22:26:46.968  1059  1059 E libc    : Access denied finding property "ro.hardware.fp.fod"
01-10 22:26:46.968  1059  1059 E libc    : Access denied finding property "ro.hardware.fp.sideCap"
01-10 22:26:46.968 16864 16864 D ForceDarkHelper: updateByCheckExcludeList: pkg: com.miui.player activity: com.miui.player.ui.MiuiMusicActivity@fd16d90
01-10 22:26:46.968 16864 16864 I AbsSwitchImage: ImageViewCompat=null
01-10 22:26:46.968 16864 16864 D ForceDarkHelper: updateByCheckExcludeList: pkg: com.miui.player activity: com.miui.player.ui.MiuiMusicActivity@fd16d90
01-10 22:26:46.969 16864 16864 I chatty  : uid=10090(com.miui.player) identical 3 lines
01-10 22:26:46.969 16864 16864 D ForceDarkHelper: updateByCheckExcludeList: pkg: com.miui.player activity: com.miui.player.ui.MiuiMusicActivity@fd16d90
01-10 22:26:46.969 16864 16864 I AbsSwitchImage: ImageViewCompat=null
01-10 22:26:46.969 16864 16864 D ForceDarkHelper: updateByCheckExcludeList: pkg: com.miui.player activity: com.miui.player.ui.MiuiMusicActivity@fd16d90
01-10 22:26:46.969 16864 16864 D ForceDarkHelper: updateByCheckExcludeList: pkg: com.miui.player activity: com.miui.player.ui.MiuiMusicActivity@fd16d90
01-10 22:26:46.969 16864 16864 I DisplayFactory: setDisplayContext  the non-IImageLoaderRoot IDisplay need an ImageLoader
01-10 22:26:46.970 16864 16864 D ForceDarkHelper: updateByCheckExcludeList: pkg: com.miui.player activity: com.miui.player.ui.MiuiMusicActivity@fd16d90
01-10 22:26:46.970 16864 16864 D ForceDarkHelper: updateByCheckExcludeList: pkg: com.miui.player activity: com.miui.player.ui.MiuiMusicActivity@fd16d90
01-10 22:26:46.970 16864 16864 I AbsSwitchImage: ImageViewCompat=null
01-10 22:26:46.970 16864 16864 D ForceDarkHelper: updateByCheckExcludeList: pkg: com.miui.player activity: com.miui.player.ui.MiuiMusicActivity@fd16d90
01-10 22:26:46.971 16864 16864 I chatty  : uid=10090(com.miui.player) identical 3 lines
01-10 22:26:46.971 16864 16864 D ForceDarkHelper: updateByCheckExcludeList: pkg: com.miui.player activity: com.miui.player.ui.MiuiMusicActivity@fd16d90
01-10 22:26:46.971 16864 16864 I AbsSwitchImage: ImageViewCompat=null
01-10 22:26:46.971 16864 16864 D ForceDarkHelper: updateByCheckExcludeList: pkg: com.miui.player activity: com.miui.player.ui.MiuiMusicActivity@fd16d90
01-10 22:26:46.971 16864 16864 D ForceDarkHelper: updateByCheckExcludeList: pkg: com.miui.player activity: com.miui.player.ui.MiuiMusicActivity@fd16d90
01-10 22:26:46.971 16864 16864 I DisplayFactory: setDisplayContext  the non-IImageLoaderRoot IDisplay need an ImageLoader
01-10 22:26:46.972 16864 16864 D ForceDarkHelper: updateByCheckExcludeList: pkg: com.miui.player activity: com.miui.player.ui.MiuiMusicActivity@fd16d90
01-10 22:26:46.973 16864 16864 D ForceDarkHelper: updateByCheckExcludeList: pkg: com.miui.player activity: com.miui.player.ui.MiuiMusicActivity@fd16d90
01-10 22:26:46.973 16864 16864 I AbsSwitchImage: ImageViewCompat=null
01-10 22:26:46.973 16864 16864 D ForceDarkHelper: updateByCheckExcludeList: pkg: com.miui.player activity: com.miui.player.ui.MiuiMusicActivity@fd16d90
01-10 22:26:46.973 16864 16864 I DisplayFactory: setDisplayContext  the non-IImageLoaderRoot IDisplay need an ImageLoader
01-10 22:26:46.975 16864 16864 D ForceDarkHelper: updateByCheckExcludeList: pkg: com.miui.player activity: com.miui.player.ui.MiuiMusicActivity@fd16d90
01-10 22:26:46.976 16864 16864 D ForceDarkHelper: updateByCheckExcludeList: pkg: com.miui.player activity: com.miui.player.ui.MiuiMusicActivity@fd16d90
01-10 22:26:46.976 16864 16864 I AbsSwitchImage: ImageViewCompat=null
01-10 22:26:46.976 16864 16864 D ForceDarkHelper: updateByCheckExcludeList: pkg: com.miui.player activity: com.miui.player.ui.MiuiMusicActivity@fd16d90
01-10 22:26:46.976 16864 16864 I chatty  : uid=10090(com.miui.player) identical 3 lines
01-10 22:26:46.976 16864 16864 D ForceDarkHelper: updateByCheckExcludeList: pkg: com.miui.player activity: com.miui.player.ui.MiuiMusicActivity@fd16d90
01-10 22:26:46.977 16864 16864 I DisplayRecyclerView: onBindViewHolder position= 0
01-10 22:26:46.978 16864 16864 D ForceDarkHelper: updateByCheckExcludeList: pkg: com.miui.player activity: com.miui.player.ui.MiuiMusicActivity@fd16d90
01-10 22:26:46.979 16864 16864 D ForceDarkHelper: updateByCheckExcludeList: pkg: com.miui.player activity: com.miui.player.ui.MiuiMusicActivity@fd16d90
01-10 22:26:46.979 16864 16864 I AbsSwitchImage: ImageViewCompat=null
01-10 22:26:46.979 16864 16864 D ForceDarkHelper: updateByCheckExcludeList: pkg: com.miui.player activity: com.miui.player.ui.MiuiMusicActivity@fd16d90
01-10 22:26:46.979 16864 16864 I chatty  : uid=10090(com.miui.player) identical 2 lines
01-10 22:26:46.979 16864 16864 D ForceDarkHelper: updateByCheckExcludeList: pkg: com.miui.player activity: com.miui.player.ui.MiuiMusicActivity@fd16d90
01-10 22:26:46.980 16864 16864 I DisplayRecyclerView: onBindViewHolder position= 1
01-10 22:26:46.982  2579  3043 D MobileSignalController: updateDataType mSelectedDataTypeIcon[0]=2131232922, mSelectedDataActivityIndex=6
01-10 22:26:46.982  2579  3043 D TelephonyIcons: getSignalStrengthIcon: slot=0, inetCondition=1, level=5, roaming=false, signalstrength=SignalStrength:{mCdma=CellSignalStrengthCdma: cdmaDbm=2147483647 cdmaEcio=2147483647 evdoDbm=2147483647 evdoEcio=2147483647 evdoSnr=2147483647 miuiLevel=0 level=0,mGsm=CellSignalStrengthGsm: rssi=2147483647 ber=2147483647 mTa=2147483647 miuiLevel=0 mLevel=0,mWcdma=CellSignalStrengthWcdma: ss=2147483647 ber=2147483647 rscp=2147483647 ecno=2147483647 miuiLevel=0 level=0,mTdscdma=CellSignalStrengthTdscdma: rssi=2147483647 ber=2147483647 rscp=2147483647 miuiLevel=0 level=0,mLte=CellSignalStrengthLte: rssi=-63 rsrp=-92 rsrq=-9 rssnr=104 cqi=2147483647 ta=2147483647 miuiLevel=5 level=3,mNr=CellSignalStrengthNr:{ csiRsrp = 2147483647 csiRsrq = 2147483647 csiSinr = 2147483647 ssRsrp = 2147483647 ssRsrq = 2147483647 ssSinr = 2147483647 miuiLevel = 0 level = 0 },primary=CellSignalStrengthLte}
01-10 22:26:46.983  2579  3043 D TelephonyIcons: getDataActivity, slot=0, activity=3
01-10 22:26:46.983  2579  3043 D TelephonyIcons: null signal icon name: drawable/stat_sys_signal_null
01-10 22:26:46.984  2579  3043 D TelephonyIcons: getDataTypeIcon sub=0
01-10 22:26:46.984 16864 16864 D ForceDarkHelper: updateByCheckExcludeList: pkg: com.miui.player activity: com.miui.player.ui.MiuiMusicActivity@fd16d90
01-10 22:26:46.984  2579  2579 D SignalClusterView: updateMobileTypeImage  0
01-10 22:26:46.984 16864 16864 D ForceDarkHelper: updateByCheckExcludeList: pkg: com.miui.player activity: com.miui.player.ui.MiuiMusicActivity@fd16d90
01-10 22:26:46.984 16864 16864 I AbsSwitchImage: ImageViewCompat=null
01-10 22:26:46.984  1059  1059 E libc    : Access denied finding property "ro.hardware.fp.fod"
01-10 22:26:46.985 16864 16864 D ForceDarkHelper: updateByCheckExcludeList: pkg: com.miui.player activity: com.miui.player.ui.MiuiMusicActivity@fd16d90
01-10 22:26:46.985  1059  1059 E libc    : Access denied finding property "ro.hardware.fp.sideCap"
01-10 22:26:46.985 16864 16864 D ForceDarkHelper: updateByCheckExcludeList: pkg: com.miui.player activity: com.miui.player.ui.MiuiMusicActivity@fd16d90
01-10 22:26:46.985 16864 16864 I chatty  : uid=10090(com.miui.player) identical 2 lines
01-10 22:26:46.985 16864 16864 D ForceDarkHelper: updateByCheckExcludeList: pkg: com.miui.player activity: com.miui.player.ui.MiuiMusicActivity@fd16d90
01-10 22:26:46.985 16864 16864 I AbsSwitchImage: ImageViewCompat=null
01-10 22:26:46.985 16864 16864 D ForceDarkHelper: updateByCheckExcludeList: pkg: com.miui.player activity: com.miui.player.ui.MiuiMusicActivity@fd16d90
01-10 22:26:46.985  2579  2579 D SignalClusterView: updateMobileTypeImage  0
01-10 22:26:46.986 16864 16864 D ForceDarkHelper: updateByCheckExcludeList: pkg: com.miui.player activity: com.miui.player.ui.MiuiMusicActivity@fd16d90
01-10 22:26:46.986 16864 16864 I DisplayRecyclerView: onBindViewHolder position= 2
01-10 22:26:46.986  2579  2579 D SignalClusterView: updateMobileTypeImage  0
01-10 22:26:46.986 16864 16913 D IdProviderImpl: getOAID
01-10 22:26:46.987 16864 16864 D ForceDarkHelper: updateByCheckExcludeList: pkg: com.miui.player activity: com.miui.player.ui.MiuiMusicActivity@fd16d90
01-10 22:26:46.988  2579  2579 D SignalClusterView: updateMobileTypeImage  0
01-10 22:26:46.988 16864 16864 I DisplayRecyclerView: onBindViewHolder position= 3
01-10 22:26:46.988 16864 16864 I DisplayRecyclerView: onBindViewHolder  bind footer:3
01-10 22:26:46.989  2579  2579 D SignalClusterView: updateMobileTypeImage  0
01-10 22:26:46.990 16915 17001 I MultiProcessDataSyncService: getServiceToken: needRefresh:false
01-10 22:26:46.990 16915 17001 I MultiProcessDataSyncService: getServiceToken: mMusicAuthToken false
01-10 22:26:46.992 16864 16864 I LoaderRecyclerView: updateData  change start:0 length:3
01-10 22:26:46.992 16864 16864 I DisplayRecyclerView: findRange  rawStartIndex:0  rawCount:3  isHeader:false  isFooter:false  range:(Begin:0,Count:3)
01-10 22:26:46.992  2579  2579 D SignalClusterView: updateMobileTypeImage  0
01-10 22:26:46.993 16864 16864 I DisplayRecyclerView: constructRange  rawStartIndex:0  rawCount:3  isHeader:false  isFooter:false  list size:3
01-10 22:26:46.993 16864 16864 I DisplayRecyclerView: notifyRawItemRangeChanged  positionStart:0 itemCount:3 beginIndex:0 deletedCount:3 addedCount:3
01-10 22:26:46.993 16864 16864 I LoaderRecyclerView: updateData  insert start:3 length:1
01-10 22:26:46.993  2579  2579 D NavBarTintController: onSampleCollected 1.0
01-10 22:26:46.993 16864 16864 I DisplayRecyclerView: constructRange  rawStartIndex:3  rawCount:1  isHeader:false  isFooter:false  list size:1
01-10 22:26:46.993 16864 16864 I DisplayRecyclerView: notifyRawItemRangeInserted  positionStart:3 itemCount:1 beginIndex:3 added:1
01-10 22:26:46.994 16864 16864 D ForceDarkHelper: updateByCheckExcludeList: pkg: com.miui.player activity: com.miui.player.ui.MiuiMusicActivity@fd16d90
01-10 22:26:46.995 16864 16864 D ForceDarkHelper: updateByCheckExcludeList: pkg: com.miui.player activity: com.miui.player.ui.MiuiMusicActivity@fd16d90
01-10 22:26:46.995 16864 16864 I AbsSwitchImage: ImageViewCompat=null
01-10 22:26:46.995 16864 16864 D ForceDarkHelper: updateByCheckExcludeList: pkg: com.miui.player activity: com.miui.player.ui.MiuiMusicActivity@fd16d90
01-10 22:26:46.995 16864 16864 I chatty  : uid=10090(com.miui.player) identical 3 lines
01-10 22:26:46.996 16864 16864 D ForceDarkHelper: updateByCheckExcludeList: pkg: com.miui.player activity: com.miui.player.ui.MiuiMusicActivity@fd16d90
01-10 22:26:46.996 16864 16864 I DisplayRecyclerView: onBindViewHolder position= 0
01-10 22:26:46.996 16864 16864 W Glide   : Failed to find GeneratedAppGlideModule. You should include an annotationProcessor compile dependency on com.github.bumptech.glide:compiler in your application and a @GlideModule annotated AppGlideModule implementation or LibraryGlideModules will be silently ignored
01-10 22:26:47.002  1059  1059 E libc    : Access denied finding property "ro.hardware.fp.fod"
01-10 22:26:47.002 16864 16864 D ForceDarkHelper: updateByCheckExcludeList: pkg: com.miui.player activity: com.miui.player.ui.MiuiMusicActivity@fd16d90
01-10 22:26:47.002  1059  1059 E libc    : Access denied finding property "ro.hardware.fp.sideCap"
01-10 22:26:47.002 16864 16864 D ForceDarkHelper: updateByCheckExcludeList: pkg: com.miui.player activity: com.miui.player.ui.MiuiMusicActivity@fd16d90
01-10 22:26:47.002 16864 16864 I AbsSwitchImage: ImageViewCompat=null
01-10 22:26:47.002 16864 16864 D ForceDarkHelper: updateByCheckExcludeList: pkg: com.miui.player activity: com.miui.player.ui.MiuiMusicActivity@fd16d90
01-10 22:26:47.003 16864 16864 I chatty  : uid=10090(com.miui.player) identical 3 lines
01-10 22:26:47.003 16864 16864 D ForceDarkHelper: updateByCheckExcludeList: pkg: com.miui.player activity: com.miui.player.ui.MiuiMusicActivity@fd16d90
01-10 22:26:47.003 16864 16864 I AbsSwitchImage: ImageViewCompat=null
01-10 22:26:47.003 16864 16864 D ForceDarkHelper: updateByCheckExcludeList: pkg: com.miui.player activity: com.miui.player.ui.MiuiMusicActivity@fd16d90
01-10 22:26:47.003 16864 16864 D ForceDarkHelper: updateByCheckExcludeList: pkg: com.miui.player activity: com.miui.player.ui.MiuiMusicActivity@fd16d90
01-10 22:26:47.003 16864 16864 I DisplayRecyclerView: onBindViewHolder position= 1
01-10 22:26:47.004 16864 16864 D ForceDarkHelper: updateByCheckExcludeList: pkg: com.miui.player activity: com.miui.player.ui.MiuiMusicActivity@fd16d90
01-10 22:26:47.005 16864 16864 D ForceDarkHelper: updateByCheckExcludeList: pkg: com.miui.player activity: com.miui.player.ui.MiuiMusicActivity@fd16d90
01-10 22:26:47.005 16864 16864 I AbsSwitchImage: ImageViewCompat=null
01-10 22:26:47.005 16864 16864 D ForceDarkHelper: updateByCheckExcludeList: pkg: com.miui.player activity: com.miui.player.ui.MiuiMusicActivity@fd16d90
01-10 22:26:47.005 16864 16864 I chatty  : uid=10090(com.miui.player) identical 3 lines
01-10 22:26:47.006 16864 16864 D ForceDarkHelper: updateByCheckExcludeList: pkg: com.miui.player activity: com.miui.player.ui.MiuiMusicActivity@fd16d90
01-10 22:26:47.006 16864 16864 I AbsSwitchImage: ImageViewCompat=null
01-10 22:26:47.006 16864 16864 D ForceDarkHelper: updateByCheckExcludeList: pkg: com.miui.player activity: com.miui.player.ui.MiuiMusicActivity@fd16d90
01-10 22:26:47.006 16864 16864 D ForceDarkHelper: updateByCheckExcludeList: pkg: com.miui.player activity: com.miui.player.ui.MiuiMusicActivity@fd16d90
01-10 22:26:47.006 16864 16864 I DisplayRecyclerView: onBindViewHolder position= 2
01-10 22:26:47.007 16864 16864 D ForceDarkHelper: updateByCheckExcludeList: pkg: com.miui.player activity: com.miui.player.ui.MiuiMusicActivity@fd16d90
01-10 22:26:47.007 16864 16864 D ForceDarkHelper: updateByCheckExcludeList: pkg: com.miui.player activity: com.miui.player.ui.MiuiMusicActivity@fd16d90
01-10 22:26:47.007 16864 16864 I AbsSwitchImage: ImageViewCompat=null
01-10 22:26:47.007 16864 16864 D ForceDarkHelper: updateByCheckExcludeList: pkg: com.miui.player activity: com.miui.player.ui.MiuiMusicActivity@fd16d90
01-10 22:26:47.008 16864 16864 I chatty  : uid=10090(com.miui.player) identical 3 lines
01-10 22:26:47.008 16864 16864 D ForceDarkHelper: updateByCheckExcludeList: pkg: com.miui.player activity: com.miui.player.ui.MiuiMusicActivity@fd16d90
01-10 22:26:47.008 16864 16864 I AbsSwitchImage: ImageViewCompat=null
01-10 22:26:47.008 16864 16864 D ForceDarkHelper: updateByCheckExcludeList: pkg: com.miui.player activity: com.miui.player.ui.MiuiMusicActivity@fd16d90
01-10 22:26:47.008 16864 16864 D ForceDarkHelper: updateByCheckExcludeList: pkg: com.miui.player activity: com.miui.player.ui.MiuiMusicActivity@fd16d90
01-10 22:26:47.008 16864 16864 I DisplayRecyclerView: onBindViewHolder position= 3
01-10 22:26:47.011 16864 16864 I LoaderContainer: mLoader.onLoadStateChagned 4
01-10 22:26:47.018  1059  1059 E libc    : Access denied finding property "ro.hardware.fp.fod"
01-10 22:26:47.018  1059  1059 E libc    : Access denied finding property "ro.hardware.fp.sideCap"
01-10 22:26:47.035  1059  1059 E libc    : Access denied finding property "ro.hardware.fp.fod"
01-10 22:26:47.035  1059  1059 E libc    : Access denied finding property "ro.hardware.fp.sideCap"
01-10 22:26:47.051  1059  1059 E libc    : Access denied finding property "ro.hardware.fp.fod"
01-10 22:26:47.051  1059  1059 E libc    : Access denied finding property "ro.hardware.fp.sideCap"
01-10 22:26:47.052   998   998 V DisplayFeatureHal: dataCallback value=<  45.0606,   0.0000,   0.0000>,time=23971781076732, sensor=5, temperature(K)=   0.0000
01-10 22:26:47.068  1059  1059 E libc    : Access denied finding property "ro.hardware.fp.fod"
01-10 22:26:47.068  1059  1059 E libc    : Access denied finding property "ro.hardware.fp.sideCap"
01-10 22:26:47.070  1582  1720 I Timeline: Timeline: Activity_windows_visible id: ActivityRecord{ca53b5f u0 com.miui.player/.ui.MiuiMusicActivity t1683} time:9675191
01-10 22:26:47.070  2579  2579 D EventBus: [2579, u0] send(AppTransitionFinishedEvent)
01-10 22:26:47.070  2579  2579 D EventBus: [2579, u0]  -> ForcedResizableInfoActivityController [0x9342fb0, P1] onBusEvent(AppTransitionFinishedEvent)
01-10 22:26:47.070  2579  2579 D EventBus: [2579, u0] onBusEvent(AppTransitionFinishedEvent) duration: 15 microseconds, avg: 31
01-10 22:26:47.070  2579  2579 D EventBus: [2579, u0] send(AppTransitionFinishedEvent)
01-10 22:26:47.070  2579  2579 D EventBus: [2579, u0]  -> ForcedResizableInfoActivityController [0x9342fb0, P1] onBusEvent(AppTransitionFinishedEvent)
01-10 22:26:47.070  2579  2579 D EventBus: [2579, u0] onBusEvent(AppTransitionFinishedEvent) duration: 4 microseconds, avg: 31
01-10 22:26:47.071  1582  1720 I Timeline: Timeline: App_transition_stopped time:9675193
01-10 22:26:47.072  1582  1719 D ActivityTrigger: ActivityTrigger activityStopTrigger 
01-10 22:26:47.085  1059  1059 E libc    : Access denied finding property "ro.hardware.fp.fod"
01-10 22:26:47.085  1059  1059 E libc    : Access denied finding property "ro.hardware.fp.sideCap"
01-10 22:26:47.099 16864 16982 I MarketSdk-MarketUpdateAgent: UpdateInfo:
01-10 22:26:47.099 16864 16982 I MarketSdk-MarketUpdateAgent: host = 
01-10 22:26:47.099 16864 16982 I MarketSdk-MarketUpdateAgent: fitness = 1
01-10 22:26:47.099 16864 16982 I MarketSdk-MarketUpdateAgent: updateLog = 
01-10 22:26:47.099 16864 16982 I MarketSdk-MarketUpdateAgent: versionCode = 0
01-10 22:26:47.099 16864 16982 I MarketSdk-MarketUpdateAgent: versionName = 
01-10 22:26:47.099 16864 16982 I MarketSdk-MarketUpdateAgent: apkUrl = 
01-10 22:26:47.099 16864 16982 I MarketSdk-MarketUpdateAgent: apkHash = 
01-10 22:26:47.099 16864 16982 I MarketSdk-MarketUpdateAgent: apkSize = 0
01-10 22:26:47.099 16864 16982 I MarketSdk-MarketUpdateAgent: diffUrl = 
01-10 22:26:47.099 16864 16982 I MarketSdk-MarketUpdateAgent: diffHash = 
01-10 22:26:47.099 16864 16982 I MarketSdk-MarketUpdateAgent: diffSize = 0
01-10 22:26:47.099 16864 16982 I MarketSdk-MarketUpdateAgent: matchLanguage = false
01-10 22:26:47.101  1059  1059 E libc    : Access denied finding property "ro.hardware.fp.fod"
01-10 22:26:47.101  1059  1059 E libc    : Access denied finding property "ro.hardware.fp.sideCap"
01-10 22:26:47.103  2579  2579 D NavBarTintController: onSampleCollected 1.0
01-10 22:26:47.108 16864 16864 I ApplicationHelper: stop activity, count=1, activity=com.miui.player.ui.MusicBrowserActivity@8314639
01-10 22:26:47.109   559   559 E SELinux : avc:  denied  { find } for interface=vendor.qti.hardware.servicetracker::IServicetracker sid=u:r:system_server:s0 pid=1582 scontext=u:r:system_server:s0 tcontext=u:object_r:default_android_hwservice:s0 tclass=hwservice_manager permissive=0
01-10 22:26:47.111  1582  2633 D CompatibilityInfo: mCompatibilityFlags - 4
01-10 22:26:47.111  1582  2633 D CompatibilityInfo: applicationDensity - 352
01-10 22:26:47.112  1582  2633 D CompatibilityInfo: applicationScale - 1.0
01-10 22:26:47.112   559   559 E SELinux : avc:  denied  { find } for interface=vendor.qti.hardware.servicetracker::IServicetracker sid=u:r:system_server:s0 pid=1582 scontext=u:r:system_server:s0 tcontext=u:object_r:default_android_hwservice:s0 tclass=hwservice_manager permissive=0
01-10 22:26:47.113  1582  2481 I MiuiNetworkPolicy: updateUidState uid = 10128, uidState = 4
01-10 22:26:47.113  1582  2481 I MiuiNetworkPolicy: updateUidState uid = 10098, uidState = 5
01-10 22:26:47.117   559   559 E SELinux : avc:  denied  { find } for interface=vendor.qti.hardware.servicetracker::IServicetracker sid=u:r:system_server:s0 pid=1582 scontext=u:r:system_server:s0 tcontext=u:object_r:default_android_hwservice:s0 tclass=hwservice_manager permissive=0
01-10 22:26:47.118  1059  1059 E libc    : Access denied finding property "ro.hardware.fp.fod"
01-10 22:26:47.118  1059  1059 E libc    : Access denied finding property "ro.hardware.fp.sideCap"
01-10 22:26:47.119 16864 16864 I MusicShareController: clean activity=com.miui.player.ui.MusicBrowserActivity@8314639
01-10 22:26:47.119 16864 16864 I ApplicationHelper: destory activity count=1, activity=com.miui.player.ui.MusicBrowserActivity@8314639
01-10 22:26:47.121   559   559 E SELinux : avc:  denied  { find } for interface=vendor.qti.hardware.servicetracker::IServicetracker sid=u:r:system_server:s0 pid=1582 scontext=u:r:system_server:s0 tcontext=u:object_r:default_android_hwservice:s0 tclass=hwservice_manager permissive=0
01-10 22:26:47.125  2579  2579 D EventBus: [2579, u0] send(AppTransitionFinishedEvent)
01-10 22:26:47.125  2579  2579 D EventBus: [2579, u0]  -> ForcedResizableInfoActivityController [0x9342fb0, P1] onBusEvent(AppTransitionFinishedEvent)
01-10 22:26:47.125  2579  2579 D EventBus: [2579, u0] onBusEvent(AppTransitionFinishedEvent) duration: 14 microseconds, avg: 31
01-10 22:26:47.127   559   559 E SELinux : avc:  denied  { find } for interface=vendor.qti.hardware.servicetracker::IServicetracker sid=u:r:system_server:s0 pid=1582 scontext=u:r:system_server:s0 tcontext=u:object_r:default_android_hwservice:s0 tclass=hwservice_manager permissive=0
01-10 22:26:47.129   559   559 I chatty  : uid=1000(system) hwservicemanage identical 2 lines
01-10 22:26:47.130   559   559 E SELinux : avc:  denied  { find } for interface=vendor.qti.hardware.servicetracker::IServicetracker sid=u:r:system_server:s0 pid=1582 scontext=u:r:system_server:s0 tcontext=u:object_r:default_android_hwservice:s0 tclass=hwservice_manager permissive=0
01-10 22:26:47.132  1582  2481 I MiuiNetworkPolicy: updateUidState uid = 10128, uidState = 20
01-10 22:26:47.132  1582  2481 I MiuiNetworkPolicy: updateUidState uid = 10098, uidState = 20
01-10 22:26:47.135  1059  1059 E libc    : Access denied finding property "ro.hardware.fp.fod"
01-10 22:26:47.135  1059  1059 E libc    : Access denied finding property "ro.hardware.fp.sideCap"
01-10 22:26:47.148   559   559 E SELinux : avc:  denied  { find } for interface=vendor.qti.hardware.servicetracker::IServicetracker sid=u:r:system_server:s0 pid=1582 scontext=u:r:system_server:s0 tcontext=u:object_r:default_android_hwservice:s0 tclass=hwservice_manager permissive=0
01-10 22:26:47.149  1283  1283 D keystore: reading blob user_0/10090_USRPKEY_RSA_KEY
