--------- beginning of main
01-10 22:26:29.461  1059  1059 E libc    : Access denied finding property "ro.hardware.fp.fod"
01-10 22:26:29.462  1059  1059 E libc    : Access denied finding property "ro.hardware.fp.sideCap"
01-10 22:26:29.477  1059  1059 E libc    : Access denied finding property "ro.hardware.fp.fod"
01-10 22:26:29.477  1059  1059 E libc    : Access denied finding property "ro.hardware.fp.sideCap"
01-10 22:26:29.488  2579  2579 D SignalClusterView: updateMobileTypeImage  0
01-10 22:26:29.488  2579  2579 D NavBarTintController: onSampleCollected 1.0
01-10 22:26:29.495  1059  1059 E libc    : Access denied finding property "ro.hardware.fp.fod"
01-10 22:26:29.495  1059  1059 E libc    : Access denied finding property "ro.hardware.fp.sideCap"
01-10 22:26:29.511  1059  1059 E libc    : Access denied finding property "ro.hardware.fp.fod"
01-10 22:26:29.511  1059  1059 E libc    : Access denied finding property "ro.hardware.fp.sideCap"
01-10 22:26:29.526  1059  1059 E libc    : Access denied finding property "ro.hardware.fp.fod"
01-10 22:26:29.526  1059  1059 E libc    : Access denied finding property "ro.hardware.fp.sideCap"
01-10 22:26:29.543  1059  1059 E libc    : Access denied finding property "ro.hardware.fp.fod"
01-10 22:26:29.543  1059  1059 E libc    : Access denied finding property "ro.hardware.fp.sideCap"
01-10 22:26:29.554   998   998 V DisplayFeatureHal: dataCallback value=<  38.9948,   0.0000,   0.0000>,time=23954281322357, sensor=5, temperature(K)=   0.0000
01-10 22:26:29.577  1059  1059 E libc    : Access denied finding property "ro.hardware.fp.fod"
01-10 22:26:29.578  1059  1059 E libc    : Access denied finding property "ro.hardware.fp.sideCap"
01-10 22:26:29.589  2579  2579 D NavBarTintController: onSampleCollected 1.0
01-10 22:26:29.613  1059  1059 E libc    : Access denied finding property "ro.hardware.fp.fod"
01-10 22:26:29.614  1059  1059 E libc    : Access denied finding property "ro.hardware.fp.sideCap"
01-10 22:26:29.629  1059  1059 E libc    : Access denied finding property "ro.hardware.fp.fod"
01-10 22:26:29.630  1059  1059 E libc    : Access denied finding property "ro.hardware.fp.sideCap"
01-10 22:26:29.645  1059  1059 E libc    : Access denied finding property "ro.hardware.fp.fod"
01-10 22:26:29.645  1059  1059 E libc    : Access denied finding property "ro.hardware.fp.sideCap"
01-10 22:26:29.663  1059  1059 E libc    : Access denied finding property "ro.hardware.fp.fod"
01-10 22:26:29.663  1059  1059 E libc    : Access denied finding property "ro.hardware.fp.sideCap"
01-10 22:26:29.696  1059  1059 E libc    : Access denied finding property "ro.hardware.fp.fod"
01-10 22:26:29.696  1059  1059 E libc    : Access denied finding property "ro.hardware.fp.sideCap"
01-10 22:26:29.710  2579  2579 D NavBarTintController: onSampleCollected 1.0
01-10 22:26:29.713  1059  1059 E libc    : Access denied finding property "ro.hardware.fp.fod"
01-10 22:26:29.713  1059  1059 E libc    : Access denied finding property "ro.hardware.fp.sideCap"
01-10 22:26:29.722   998   998 V DisplayFeatureHal: dataCallback value=<  39.8613,   0.0000,   0.0000>,time=23954447924180, sensor=5, temperature(K)=   0.0000
01-10 22:26:29.730  1059  1059 E libc    : Access denied finding property "ro.hardware.fp.fod"
01-10 22:26:29.730  1059  1059 E libc    : Access denied finding property "ro.hardware.fp.sideCap"
01-10 22:26:29.746  1059  1059 E libc    : Access denied finding property "ro.hardware.fp.fod"
01-10 22:26:29.746  1059  1059 E libc    : Access denied finding property "ro.hardware.fp.sideCap"
01-10 22:26:29.756  6775  6929 E SharedPreferencesImpl: Couldn't rename file /data/user_de/0/com.android.settings/shared_prefs/mi_stat_pref.xml to backup file /data/user_de/0/com.android.settings/shared_prefs/mi_stat_pref.xml.bak
01-10 22:26:29.762  1059  1059 E libc    : Access denied finding property "ro.hardware.fp.fod"
01-10 22:26:29.762  1059  1059 E libc    : Access denied finding property "ro.hardware.fp.sideCap"
01-10 22:26:29.833  2579  2579 D NavBarTintController: onSampleCollected 1.0
01-10 22:26:29.889   998   998 V DisplayFeatureHal: dataCallback value=<  41.5944,   0.0000,   0.0000>,time=23954614481107, sensor=5, temperature(K)=   0.0000
01-10 22:26:30.059   998   998 V DisplayFeatureHal: dataCallback value=<  42.4610,   0.0000,   0.0000>,time=23954781147513, sensor=5, temperature(K)=   0.0000
01-10 22:26:30.078  2579  3043 D MobileSignalController: updateDataType mSelectedDataTypeIcon[0]=2131232922, mSelectedDataActivityIndex=6
01-10 22:26:30.079  2579  3043 D TelephonyIcons: getSignalStrengthIcon: slot=0, inetCondition=1, level=5, roaming=false, signalstrength=SignalStrength:{mCdma=CellSignalStrengthCdma: cdmaDbm=2147483647 cdmaEcio=2147483647 evdoDbm=2147483647 evdoEcio=2147483647 evdoSnr=2147483647 miuiLevel=0 level=0,mGsm=CellSignalStrengthGsm: rssi=2147483647 ber=2147483647 mTa=2147483647 miuiLevel=0 mLevel=0,mWcdma=CellSignalStrengthWcdma: ss=2147483647 ber=2147483647 rscp=2147483647 ecno=2147483647 miuiLevel=0 level=0,mTdscdma=CellSignalStrengthTdscdma: rssi=2147483647 ber=2147483647 rscp=2147483647 miuiLevel=0 level=0,mLte=CellSignalStrengthLte: rssi=-59 rsrp=-92 rsrq=-10 rssnr=18 cqi=2147483647 ta=2147483647 miuiLevel=5 level=2,mNr=CellSignalStrengthNr:{ csiRsrp = 2147483647 csiRsrq = 2147483647 csiSinr = 2147483647 ssRsrp = 2147483647 ssRsrq = 2147483647 ssSinr = 2147483647 miuiLevel = 0 level = 0 },primary=CellSignalStrengthLte}
01-10 22:26:30.079  2579  3043 D TelephonyIcons: getDataActivity, slot=0, activity=0
01-10 22:26:30.083  2579  3043 D TelephonyIcons: null signal icon name: drawable/stat_sys_signal_null
01-10 22:26:30.083  2579  3043 D TelephonyIcons: getDataTypeIcon sub=0
01-10 22:26:30.088  2579  2579 D SignalClusterView: updateMobileTypeImage  0
01-10 22:26:30.090  2579  3043 D MobileSignalController: updateDataType mSelectedDataTypeIcon[0]=2131232922, mSelectedDataActivityIndex=6
01-10 22:26:30.090  2579  2579 D SignalClusterView: updateMobileTypeImage  0
01-10 22:26:30.090  2579  3043 D TelephonyIcons: getSignalStrengthIcon: slot=0, inetCondition=1, level=5, roaming=false, signalstrength=SignalStrength:{mCdma=CellSignalStrengthCdma: cdmaDbm=2147483647 cdmaEcio=2147483647 evdoDbm=2147483647 evdoEcio=2147483647 evdoSnr=2147483647 miuiLevel=0 level=0,mGsm=CellSignalStrengthGsm: rssi=2147483647 ber=2147483647 mTa=2147483647 miuiLevel=0 mLevel=0,mWcdma=CellSignalStrengthWcdma: ss=2147483647 ber=2147483647 rscp=2147483647 ecno=2147483647 miuiLevel=0 level=0,mTdscdma=CellSignalStrengthTdscdma: rssi=2147483647 ber=2147483647 rscp=2147483647 miuiLevel=0 level=0,mLte=CellSignalStrengthLte: rssi=-59 rsrp=-92 rsrq=-10 rssnr=18 cqi=2147483647 ta=2147483647 miuiLevel=5 level=2,mNr=CellSignalStrengthNr:{ csiRsrp = 2147483647 csiRsrq = 2147483647 csiSinr = 2147483647 ssRsrp = 2147483647 ssRsrq = 2147483647 ssSinr = 2147483647 miuiLevel = 0 level = 0 },primary=CellSignalStrengthLte}
01-10 22:26:30.090  2579  3043 D TelephonyIcons: getDataActivity, slot=0, activity=0
01-10 22:26:30.092  2579  2579 D SignalClusterView: updateMobileTypeImage  0
01-10 22:26:30.093  2579  3043 D TelephonyIcons: null signal icon name: drawable/stat_sys_signal_null
01-10 22:26:30.093  2579  3043 D TelephonyIcons: getDataTypeIcon sub=0
01-10 22:26:30.099  2579  3043 D MobileSignalController: updateDataType mSelectedDataTypeIcon[0]=2131232922, mSelectedDataActivityIndex=6
01-10 22:26:30.099  2579  3043 D TelephonyIcons: getSignalStrengthIcon: slot=0, inetCondition=1, level=5, roaming=false, signalstrength=SignalStrength:{mCdma=CellSignalStrengthCdma: cdmaDbm=2147483647 cdmaEcio=2147483647 evdoDbm=2147483647 evdoEcio=2147483647 evdoSnr=2147483647 miuiLevel=0 level=0,mGsm=CellSignalStrengthGsm: rssi=2147483647 ber=2147483647 mTa=2147483647 miuiLevel=0 mLevel=0,mWcdma=CellSignalStrengthWcdma: ss=2147483647 ber=2147483647 rscp=2147483647 ecno=2147483647 miuiLevel=0 level=0,mTdscdma=CellSignalStrengthTdscdma: rssi=2147483647 ber=2147483647 rscp=2147483647 miuiLevel=0 level=0,mLte=CellSignalStrengthLte: rssi=-59 rsrp=-92 rsrq=-10 rssnr=18 cqi=2147483647 ta=2147483647 miuiLevel=5 level=2,mNr=CellSignalStrengthNr:{ csiRsrp = 2147483647 csiRsrq = 2147483647 csiSinr = 2147483647 ssRsrp = 2147483647 ssRsrq = 2147483647 ssSinr = 2147483647 miuiLevel = 0 level = 0 },primary=CellSignalStrengthLte}
01-10 22:26:30.100  2579  3043 D TelephonyIcons: getDataActivity, slot=0, activity=0
01-10 22:26:30.100  2579  2579 D SignalClusterView: updateMobileTypeImage  0
01-10 22:26:30.102  2579  3043 D TelephonyIcons: null signal icon name: drawable/stat_sys_signal_null
01-10 22:26:30.102  2579  3043 D TelephonyIcons: getDataTypeIcon sub=0
01-10 22:26:30.105  2579  2579 D SignalClusterView: updateMobileTypeImage  0
01-10 22:26:30.107  2579  3043 D MobileSignalController: updateDataType mSelectedDataTypeIcon[0]=2131232922, mSelectedDataActivityIndex=6
01-10 22:26:30.107  2579  3043 D TelephonyIcons: getSignalStrengthIcon: slot=0, inetCondition=1, level=5, roaming=false, signalstrength=SignalStrength:{mCdma=CellSignalStrengthCdma: cdmaDbm=2147483647 cdmaEcio=2147483647 evdoDbm=2147483647 evdoEcio=2147483647 evdoSnr=2147483647 miuiLevel=0 level=0,mGsm=CellSignalStrengthGsm: rssi=2147483647 ber=2147483647 mTa=2147483647 miuiLevel=0 mLevel=0,mWcdma=CellSignalStrengthWcdma: ss=2147483647 ber=2147483647 rscp=2147483647 ecno=2147483647 miuiLevel=0 level=0,mTdscdma=CellSignalStrengthTdscdma: rssi=2147483647 ber=2147483647 rscp=2147483647 miuiLevel=0 level=0,mLte=CellSignalStrengthLte: rssi=-59 rsrp=-92 rsrq=-10 rssnr=18 cqi=2147483647 ta=2147483647 miuiLevel=5 level=2,mNr=CellSignalStrengthNr:{ csiRsrp = 2147483647 csiRsrq = 2147483647 csiSinr = 2147483647 ssRsrp = 2147483647 ssRsrq = 2147483647 ssSinr = 2147483647 miuiLevel = 0 level = 0 },primary=CellSignalStrengthLte}
01-10 22:26:30.107  2579  3043 D TelephonyIcons: getDataActivity, slot=0, activity=4
01-10 22:26:30.109  2579  3043 D TelephonyIcons: null signal icon name: drawable/stat_sys_signal_null
01-10 22:26:30.110  2579  3043 D TelephonyIcons: getDataTypeIcon sub=0
01-10 22:26:30.115  2579  2579 D SignalClusterView: updateMobileTypeImage  0
01-10 22:26:30.122  2579  2579 I chatty  : uid=1000(system) com.android.systemui identical 8 lines
01-10 22:26:30.122  2579  2579 D SignalClusterView: updateMobileTypeImage  0
01-10 22:26:30.130  1059  1059 E libc    : Access denied finding property "ro.hardware.fp.fod"
01-10 22:26:30.130  1059  1059 E libc    : Access denied finding property "ro.hardware.fp.sideCap"
01-10 22:26:30.132  2579  2579 D SignalClusterView: updateMobileTypeImage  0
01-10 22:26:30.135  2579  2579 I chatty  : uid=1000(system) com.android.systemui identical 1 line
01-10 22:26:30.141  2579  2579 D SignalClusterView: updateMobileTypeImage  0
01-10 22:26:30.141  2579  2579 D NavBarTintController: onSampleCollected 1.0
01-10 22:26:30.145  1059  1059 E libc    : Access denied finding property "ro.hardware.fp.fod"
01-10 22:26:30.145  1059  1059 E libc    : Access denied finding property "ro.hardware.fp.sideCap"
01-10 22:26:30.214  1225  1567 I ThermalEngine: vs_get_temperature: read[0] xo_therm 23258 mC, weight[0] 2
01-10 22:26:30.215  1225  1567 I ThermalEngine: vs_get_temperature: read[1] quiet_therm 22008 mC, weight[1] 1
01-10 22:26:30.222   998   998 V DisplayFeatureHal: dataCallback value=<  42.4610,   0.0000,   0.0000>,time=23954947812409, sensor=5, temperature(K)=   0.0000
01-10 22:26:30.249  1059  1059 E libc    : Access denied finding property "ro.hardware.fp.fod"
01-10 22:26:30.249  1059  1059 E libc    : Access denied finding property "ro.hardware.fp.sideCap"
01-10 22:26:30.255  2579  2579 D NavBarTintController: onSampleCollected 1.0
01-10 22:26:30.267  1059  1059 E libc    : Access denied finding property "ro.hardware.fp.fod"
01-10 22:26:30.267  1059  1059 E libc    : Access denied finding property "ro.hardware.fp.sideCap"
01-10 22:26:30.388  2579  2579 D NavBarTintController: onSampleCollected 1.0
01-10 22:26:30.390   998   998 V DisplayFeatureHal: dataCallback value=<  42.4610,   0.0000,   0.0000>,time=23955114477357, sensor=5, temperature(K)=   0.0000
01-10 22:26:30.528  2579  2579 D SignalClusterView: updateMobileTypeImage  0
01-10 22:26:30.522  1059  1059 W surfaceflinger: type=1400 audit(0.0:549398): avc: denied { read } for name="u:object_r:vendor_fp_prop:s0" dev="tmpfs" ino=15712 scontext=u:r:surfaceflinger:s0 tcontext=u:object_r:vendor_fp_prop:s0 tclass=file permissive=0
01-10 22:26:30.522  1059  1059 W surfaceflinger: type=1400 audit(0.0:549399): avc: denied { read } for name="u:object_r:vendor_fp_prop:s0" dev="tmpfs" ino=15712 scontext=u:r:surfaceflinger:s0 tcontext=u:object_r:vendor_fp_prop:s0 tclass=file permissive=0
01-10 22:26:30.534  1059  1059 E libc    : Access denied finding property "ro.hardware.fp.fod"
01-10 22:26:30.534  1059  1059 E libc    : Access denied finding property "ro.hardware.fp.sideCap"
01-10 22:26:30.540  2579  2579 D NavBarTintController: onSampleCollected 1.0
01-10 22:26:30.557   998   998 V DisplayFeatureHal: dataCallback value=<  44.1941,   0.0000,   0.0000>,time=23955281143711, sensor=5, temperature(K)=   0.0000
01-10 22:26:30.730   998   998 V DisplayFeatureHal: dataCallback value=<  47.6603,   0.0000,   0.0000>,time=23955447828867, sensor=5, temperature(K)=   0.0000
01-10 22:26:30.891   998   998 V DisplayFeatureHal: dataCallback value=<  50.2600,   0.0000,   0.0000>,time=23955614476732, sensor=5, temperature(K)=   0.0000
01-10 22:26:31.064   998   998 V DisplayFeatureHal: dataCallback value=<  50.2600,   0.0000,   0.0000>,time=23955781268867, sensor=5, temperature(K)=   0.0000
01-10 22:26:31.220  1225  1567 I ThermalEngine: vs_get_temperature: read[0] xo_therm 23258 mC, weight[0] 2
01-10 22:26:31.222  1225  1567 I ThermalEngine: vs_get_temperature: read[1] quiet_therm 22008 mC, weight[1] 1
01-10 22:26:31.223   998   998 V DisplayFeatureHal: dataCallback value=<  49.3934,   0.0000,   0.0000>,time=23955947809388, sensor=5, temperature(K)=   0.0000
01-10 22:26:31.233  2579  3043 D MobileSignalController: onSignalStrengthsChanged: SignalStrength:{mCdma=CellSignalStrengthCdma: cdmaDbm=2147483647 cdmaEcio=2147483647 evdoDbm=2147483647 evdoEcio=2147483647 evdoSnr=2147483647 miuiLevel=0 level=0,mGsm=CellSignalStrengthGsm: rssi=2147483647 ber=2147483647 mTa=2147483647 miuiLevel=0 mLevel=0,mWcdma=CellSignalStrengthWcdma: ss=2147483647 ber=2147483647 rscp=2147483647 ecno=2147483647 miuiLevel=0 level=0,mTdscdma=CellSignalStrengthTdscdma: rssi=2147483647 ber=2147483647 rscp=2147483647 miuiLevel=0 level=0,mLte=CellSignalStrengthLte: rssi=-59 rsrp=-92 rsrq=-14 rssnr=114 cqi=2147483647 ta=2147483647 miuiLevel=5 level=3,mNr=CellSignalStrengthNr:{ csiRsrp = 2147483647 csiRsrq = 2147483647 csiSinr = 2147483647 ssRsrp = 2147483647 ssRsrq = 2147483647 ssSinr = 2147483647 miuiLevel = 0 level = 0 },primary=CellSignalStrengthLte}
01-10 22:26:31.233  2579  3043 D NetworkController.MobileSignalController(1): 4G level = 5
01-10 22:26:31.241  2579  3043 D MobileSignalController: updateDataType mSelectedDataTypeIcon[0]=2131232922, mSelectedDataActivityIndex=6
01-10 22:26:31.242  2579  3043 D TelephonyIcons: getSignalStrengthIcon: slot=0, inetCondition=1, level=5, roaming=false, signalstrength=SignalStrength:{mCdma=CellSignalStrengthCdma: cdmaDbm=2147483647 cdmaEcio=2147483647 evdoDbm=2147483647 evdoEcio=2147483647 evdoSnr=2147483647 miuiLevel=0 level=0,mGsm=CellSignalStrengthGsm: rssi=2147483647 ber=2147483647 mTa=2147483647 miuiLevel=0 mLevel=0,mWcdma=CellSignalStrengthWcdma: ss=2147483647 ber=2147483647 rscp=2147483647 ecno=2147483647 miuiLevel=0 level=0,mTdscdma=CellSignalStrengthTdscdma: rssi=2147483647 ber=2147483647 rscp=2147483647 miuiLevel=0 level=0,mLte=CellSignalStrengthLte: rssi=-59 rsrp=-92 rsrq=-14 rssnr=114 cqi=2147483647 ta=2147483647 miuiLevel=5 level=3,mNr=CellSignalStrengthNr:{ csiRsrp = 2147483647 csiRsrq = 2147483647 csiSinr = 2147483647 ssRsrp = 2147483647 ssRsrq = 2147483647 ssSinr = 2147483647 miuiLevel = 0 level = 0 },primary=CellSignalStrengthLte}
01-10 22:26:31.242  2579  3043 D TelephonyIcons: getDataActivity, slot=0, activity=4
01-10 22:26:31.246  2579  3043 D TelephonyIcons: null signal icon name: drawable/stat_sys_signal_null
01-10 22:26:31.247  2579  3043 D TelephonyIcons: getDataTypeIcon sub=0
01-10 22:26:31.254  2579  2579 D SignalClusterView: updateMobileTypeImage  0
01-10 22:26:31.255  2579  2579 I chatty  : uid=1000(system) com.android.systemui identical 1 line
01-10 22:26:31.256  2579  2579 D SignalClusterView: updateMobileTypeImage  0
01-10 22:26:31.252  1059  1059 W surfaceflinger: type=1400 audit(0.0:549400): avc: denied { read } for name="u:object_r:vendor_fp_prop:s0" dev="tmpfs" ino=15712 scontext=u:r:surfaceflinger:s0 tcontext=u:object_r:vendor_fp_prop:s0 tclass=file permissive=0
01-10 22:26:31.262  1059  1059 W surfaceflinger: type=1400 audit(0.0:549401): avc: denied { read } for name="u:object_r:vendor_fp_prop:s0" dev="tmpfs" ino=15712 scontext=u:r:surfaceflinger:s0 tcontext=u:object_r:vendor_fp_prop:s0 tclass=file permissive=0
01-10 22:26:31.268  1059  1059 E libc    : Access denied finding property "ro.hardware.fp.fod"
01-10 22:26:31.268  1059  1059 E libc    : Access denied finding property "ro.hardware.fp.sideCap"
01-10 22:26:31.270  2579  2579 D SignalClusterView: updateMobileTypeImage  0
01-10 22:26:31.276  2579  2579 I chatty  : uid=1000(system) com.android.systemui identical 1 line
01-10 22:26:31.286  2579  2579 D SignalClusterView: updateMobileTypeImage  0
01-10 22:26:31.287  2579  2579 D NavBarTintController: onSampleCollected 1.0
01-10 22:26:31.292  1059  1059 W surfaceflinger: type=1400 audit(0.0:549402): avc: denied { read } for name="u:object_r:vendor_fp_prop:s0" dev="tmpfs" ino=15712 scontext=u:r:surfaceflinger:s0 tcontext=u:object_r:vendor_fp_prop:s0 tclass=file permissive=0
01-10 22:26:31.301  1059  1059 E libc    : Access denied finding property "ro.hardware.fp.fod"
01-10 22:26:31.301  1059  1059 E libc    : Access denied finding property "ro.hardware.fp.sideCap"
01-10 22:26:31.392   998   998 V DisplayFeatureHal: dataCallback value=<  47.6603,   0.0000,   0.0000>,time=23956114472461, sensor=5, temperature(K)=   0.0000
01-10 22:26:31.404  2579  2579 D NavBarTintController: onSampleCollected 1.0
01-10 22:26:31.555   998   998 V DisplayFeatureHal: dataCallback value=<  46.7938,   0.0000,   0.0000>,time=23956281141055, sensor=5, temperature(K)=   0.0000
01-10 22:26:31.561  2579  2579 D SignalClusterView: updateMobileTypeImage  0
01-10 22:26:31.562  1059  1059 W surfaceflinger: type=1400 audit(0.0:549404): avc: denied { read } for name="u:object_r:vendor_fp_prop:s0" dev="tmpfs" ino=15712 scontext=u:r:surfaceflinger:s0 tcontext=u:object_r:vendor_fp_prop:s0 tclass=file permissive=0
01-10 22:26:31.569  1059  1059 E libc    : Access denied finding property "ro.hardware.fp.fod"
01-10 22:26:31.569  1059  1059 E libc    : Access denied finding property "ro.hardware.fp.sideCap"
01-10 22:26:31.562  1059  1059 W surfaceflinger: type=1400 audit(0.0:549405): avc: denied { read } for name="u:object_r:vendor_fp_prop:s0" dev="tmpfs" ino=15712 scontext=u:r:surfaceflinger:s0 tcontext=u:object_r:vendor_fp_prop:s0 tclass=file permissive=0
01-10 22:26:31.574  2579  2579 D NavBarTintController: onSampleCollected 1.0
01-10 22:26:31.730   998   998 V DisplayFeatureHal: dataCallback value=<  42.4610,   0.0000,   0.0000>,time=23956447824544, sensor=5, temperature(K)=   0.0000
01-10 22:26:31.890   998   998 V DisplayFeatureHal: dataCallback value=<  38.1282,   0.0000,   0.0000>,time=23956614579857, sensor=5, temperature(K)=   0.0000
01-10 22:26:32.064   998   998 V DisplayFeatureHal: dataCallback value=<  32.0624,   0.0000,   0.0000>,time=23956781157773, sensor=5, temperature(K)=   0.0000
01-10 22:26:32.227  1225  1567 I ThermalEngine: vs_get_temperature: read[0] xo_therm 23214 mC, weight[0] 2
01-10 22:26:32.229  1225  1567 I ThermalEngine: vs_get_temperature: read[1] quiet_therm 22008 mC, weight[1] 1
01-10 22:26:32.230   998   998 V DisplayFeatureHal: dataCallback value=<  28.5962,   0.0000,   0.0000>,time=23956947822721, sensor=5, temperature(K)=   0.0000
01-10 22:26:32.262  1059  1059 W surfaceflinger: type=1400 audit(0.0:549406): avc: denied { read } for name="u:object_r:vendor_fp_prop:s0" dev="tmpfs" ino=15712 scontext=u:r:surfaceflinger:s0 tcontext=u:object_r:vendor_fp_prop:s0 tclass=file permissive=0
01-10 22:26:32.271  1059  1059 E libc    : Access denied finding property "ro.hardware.fp.fod"
01-10 22:26:32.272  1059  1059 E libc    : Access denied finding property "ro.hardware.fp.sideCap"
01-10 22:26:32.262  1059  1059 W surfaceflinger: type=1400 audit(0.0:549407): avc: denied { read } for name="u:object_r:vendor_fp_prop:s0" dev="tmpfs" ino=15712 scontext=u:r:surfaceflinger:s0 tcontext=u:object_r:vendor_fp_prop:s0 tclass=file permissive=0
01-10 22:26:32.279  2579  2579 D NavBarTintController: onSampleCollected 1.0
01-10 22:26:32.272  1059  1059 W surfaceflinger: type=1400 audit(0.0:549408): avc: denied { read } for name="u:object_r:vendor_fp_prop:s0" dev="tmpfs" ino=15712 scontext=u:r:surfaceflinger:s0 tcontext=u:object_r:vendor_fp_prop:s0 tclass=file permissive=0
01-10 22:26:32.288  1059  1059 E libc    : Access denied finding property "ro.hardware.fp.fod"
01-10 22:26:32.288  1059  1059 E libc    : Access denied finding property "ro.hardware.fp.sideCap"
01-10 22:26:32.398   998   998 V DisplayFeatureHal: dataCallback value=<  28.5962,   0.0000,   0.0000>,time=23957114574805, sensor=5, temperature(K)=   0.0000
01-10 22:26:32.407  2579  2579 D NavBarTintController: onSampleCollected 1.0
01-10 22:26:32.557   998   998 V DisplayFeatureHal: dataCallback value=<  28.5962,   0.0000,   0.0000>,time=23957281136159, sensor=5, temperature(K)=   0.0000
01-10 22:26:32.617  2579  2579 D SignalClusterView: updateMobileTypeImage  0
01-10 22:26:32.621  1059  1059 E libc    : Access denied finding property "ro.hardware.fp.fod"
01-10 22:26:32.621  1059  1059 E libc    : Access denied finding property "ro.hardware.fp.sideCap"
01-10 22:26:32.612  1059  1059 W surfaceflinger: type=1400 audit(0.0:549410): avc: denied { read } for name="u:object_r:vendor_fp_prop:s0" dev="tmpfs" ino=15712 scontext=u:r:surfaceflinger:s0 tcontext=u:object_r:vendor_fp_prop:s0 tclass=file permissive=0
01-10 22:26:32.612  1059  1059 W surfaceflinger: type=1400 audit(0.0:549411): avc: denied { read } for name="u:object_r:vendor_fp_prop:s0" dev="tmpfs" ino=15712 scontext=u:r:surfaceflinger:s0 tcontext=u:object_r:vendor_fp_prop:s0 tclass=file permissive=0
01-10 22:26:32.626  2579  2579 D NavBarTintController: onSampleCollected 1.0
01-10 22:26:32.729   998   998 V DisplayFeatureHal: dataCallback value=<  30.3293,   0.0000,   0.0000>,time=23957447802565, sensor=5, temperature(K)=   0.0000
01-10 22:26:32.892   998   998 V DisplayFeatureHal: dataCallback value=<  31.1958,   0.0000,   0.0000>,time=23957614470013, sensor=5, temperature(K)=   0.0000
01-10 22:26:33.063   998   998 V DisplayFeatureHal: dataCallback value=<  32.9289,   0.0000,   0.0000>,time=23957781154075, sensor=5, temperature(K)=   0.0000
01-10 22:26:33.231   998   998 V DisplayFeatureHal: dataCallback value=<  33.7955,   0.0000,   0.0000>,time=23957947818555, sensor=5, temperature(K)=   0.0000
01-10 22:26:33.233  1225  1567 I ThermalEngine: vs_get_temperature: read[0] xo_therm 23169 mC, weight[0] 2
01-10 22:26:33.234  1225  1567 I ThermalEngine: vs_get_temperature: read[1] quiet_therm 22008 mC, weight[1] 1
01-10 22:26:33.273  1059  1059 E libc    : Access denied finding property "ro.hardware.fp.fod"
01-10 22:26:33.274  1059  1059 E libc    : Access denied finding property "ro.hardware.fp.sideCap"
01-10 22:26:33.262  1059  1059 W surfaceflinger: type=1400 audit(0.0:549412): avc: denied { read } for name="u:object_r:vendor_fp_prop:s0" dev="tmpfs" ino=15712 scontext=u:r:surfaceflinger:s0 tcontext=u:object_r:vendor_fp_prop:s0 tclass=file permissive=0
01-10 22:26:33.262  1059  1059 W surfaceflinger: type=1400 audit(0.0:549413): avc: denied { read } for name="u:object_r:vendor_fp_prop:s0" dev="tmpfs" ino=15712 scontext=u:r:surfaceflinger:s0 tcontext=u:object_r:vendor_fp_prop:s0 tclass=file permissive=0
01-10 22:26:33.280  2579  2579 D NavBarTintController: onSampleCollected 1.0
01-10 22:26:33.394   998   998 V DisplayFeatureHal: dataCallback value=<  33.7955,   0.0000,   0.0000>,time=23958114348242, sensor=5, temperature(K)=   0.0000
01-10 22:26:33.564   998   998 V DisplayFeatureHal: dataCallback value=<  32.9289,   0.0000,   0.0000>,time=23958281149440, sensor=5, temperature(K)=   0.0000
01-10 22:26:33.664  2579  2579 D SignalClusterView: updateMobileTypeImage  0
01-10 22:26:33.662  1059  1059 W surfaceflinger: type=1400 audit(0.0:549414): avc: denied { read } for name="u:object_r:vendor_fp_prop:s0" dev="tmpfs" ino=15712 scontext=u:r:surfaceflinger:s0 tcontext=u:object_r:vendor_fp_prop:s0 tclass=file permissive=0
01-10 22:26:33.662  1059  1059 W surfaceflinger: type=1400 audit(0.0:549415): avc: denied { read } for name="u:object_r:vendor_fp_prop:s0" dev="tmpfs" ino=15712 scontext=u:r:surfaceflinger:s0 tcontext=u:object_r:vendor_fp_prop:s0 tclass=file permissive=0
01-10 22:26:33.673  1059  1059 E libc    : Access denied finding property "ro.hardware.fp.fod"
01-10 22:26:33.674  1059  1059 E libc    : Access denied finding property "ro.hardware.fp.sideCap"
01-10 22:26:33.679  2579  2579 D NavBarTintController: onSampleCollected 1.0
01-10 22:26:33.724   998   998 V DisplayFeatureHal: dataCallback value=<  32.0624,   0.0000,   0.0000>,time=23958447799492, sensor=5, temperature(K)=   0.0000
01-10 22:26:33.894   998   998 V DisplayFeatureHal: dataCallback value=<  32.9289,   0.0000,   0.0000>,time=23958614466211, sensor=5, temperature(K)=   0.0000
01-10 22:26:34.064   998   998 V DisplayFeatureHal: dataCallback value=<  32.0624,   0.0000,   0.0000>,time=23958781149909, sensor=5, temperature(K)=   0.0000
01-10 22:26:34.229   998   998 V DisplayFeatureHal: dataCallback value=<  32.9289,   0.0000,   0.0000>,time=23958947676367, sensor=5, temperature(K)=   0.0000
01-10 22:26:34.237  1225  1567 I ThermalEngine: vs_get_temperature: read[0] xo_therm 23125 mC, weight[0] 2
01-10 22:26:34.238  1225  1567 I ThermalEngine: vs_get_temperature: read[1] quiet_therm 21964 mC, weight[1] 1
01-10 22:26:34.252  1059  1059 W surfaceflinger: type=1400 audit(0.0:549416): avc: denied { read } for name="u:object_r:vendor_fp_prop:s0" dev="tmpfs" ino=15712 scontext=u:r:surfaceflinger:s0 tcontext=u:object_r:vendor_fp_prop:s0 tclass=file permissive=0
01-10 22:26:34.252  1059  1059 W surfaceflinger: type=1400 audit(0.0:549417): avc: denied { read } for name="u:object_r:vendor_fp_prop:s0" dev="tmpfs" ino=15712 scontext=u:r:surfaceflinger:s0 tcontext=u:object_r:vendor_fp_prop:s0 tclass=file permissive=0
01-10 22:26:34.259  1059  1059 E libc    : Access denied finding property "ro.hardware.fp.fod"
01-10 22:26:34.259  1059  1059 E libc    : Access denied finding property "ro.hardware.fp.sideCap"
01-10 22:26:34.266  2579  2579 D NavBarTintController: onSampleCollected 1.0
01-10 22:26:34.276  1059  1059 E libc    : Access denied finding property "ro.hardware.fp.fod"
01-10 22:26:34.276  1059  1059 E libc    : Access denied finding property "ro.hardware.fp.sideCap"
01-10 22:26:34.262  1059  1059 W surfaceflinger: type=1400 audit(0.0:549418): avc: denied { read } for name="u:object_r:vendor_fp_prop:s0" dev="tmpfs" ino=15712 scontext=u:r:surfaceflinger:s0 tcontext=u:object_r:vendor_fp_prop:s0 tclass=file permissive=0
01-10 22:26:34.262  1059  1059 W surfaceflinger: type=1400 audit(0.0:549419): avc: denied { read } for name="u:object_r:vendor_fp_prop:s0" dev="tmpfs" ino=15712 scontext=u:r:surfaceflinger:s0 tcontext=u:object_r:vendor_fp_prop:s0 tclass=file permissive=0
01-10 22:26:34.391   998   998 V DisplayFeatureHal: dataCallback value=<  32.9289,   0.0000,   0.0000>,time=23959114458502, sensor=5, temperature(K)=   0.0000
01-10 22:26:34.395  2579  2579 D NavBarTintController: onSampleCollected 1.0
01-10 22:26:34.563   998   998 V DisplayFeatureHal: dataCallback value=<  33.7955,   0.0000,   0.0000>,time=23959281145898, sensor=5, temperature(K)=   0.0000
01-10 22:26:34.722   998   998 V DisplayFeatureHal: dataCallback value=<  34.6620,   0.0000,   0.0000>,time=23959447794127, sensor=5, temperature(K)=   0.0000
01-10 22:26:34.726  2579  2579 D SignalClusterView: updateMobileTypeImage  0
01-10 22:26:34.712  1059  1059 W surfaceflinger: type=1400 audit(0.0:549420): avc: denied { read } for name="u:object_r:vendor_fp_prop:s0" dev="tmpfs" ino=15712 scontext=u:r:surfaceflinger:s0 tcontext=u:object_r:vendor_fp_prop:s0 tclass=file permissive=0
01-10 22:26:34.722  1059  1059 W surfaceflinger: type=1400 audit(0.0:549421): avc: denied { read } for name="u:object_r:vendor_fp_prop:s0" dev="tmpfs" ino=15712 scontext=u:r:surfaceflinger:s0 tcontext=u:object_r:vendor_fp_prop:s0 tclass=file permissive=0
01-10 22:26:34.729  1059  1059 E libc    : Access denied finding property "ro.hardware.fp.fod"
01-10 22:26:34.730  1059  1059 E libc    : Access denied finding property "ro.hardware.fp.sideCap"
01-10 22:26:34.736  2579  2579 D NavBarTintController: onSampleCollected 1.0
01-10 22:26:34.891   998   998 V DisplayFeatureHal: dataCallback value=<  35.5286,   0.0000,   0.0000>,time=23959614569648, sensor=5, temperature(K)=   0.0000
01-10 22:26:35.065   998   998 V DisplayFeatureHal: dataCallback value=<  36.3951,   0.0000,   0.0000>,time=23959781144544, sensor=5, temperature(K)=   0.0000
01-10 22:26:35.081  1582  1715 D NetworkManagement: mListenedIdleTimerType donot contains!
01-10 22:26:35.091  2579  3043 D MobileSignalController: onSignalStrengthsChanged: SignalStrength:{mCdma=CellSignalStrengthCdma: cdmaDbm=2147483647 cdmaEcio=2147483647 evdoDbm=2147483647 evdoEcio=2147483647 evdoSnr=2147483647 miuiLevel=0 level=0,mGsm=CellSignalStrengthGsm: rssi=2147483647 ber=2147483647 mTa=2147483647 miuiLevel=0 mLevel=0,mWcdma=CellSignalStrengthWcdma: ss=2147483647 ber=2147483647 rscp=2147483647 ecno=2147483647 miuiLevel=0 level=0,mTdscdma=CellSignalStrengthTdscdma: rssi=2147483647 ber=2147483647 rscp=2147483647 miuiLevel=0 level=0,mLte=CellSignalStrengthLte: rssi=-63 rsrp=-92 rsrq=-9 rssnr=104 cqi=2147483647 ta=2147483647 miuiLevel=5 level=3,mNr=CellSignalStrengthNr:{ csiRsrp = 2147483647 csiRsrq = 2147483647 csiSinr = 2147483647 ssRsrp = 2147483647 ssRsrq = 2147483647 ssSinr = 2147483647 miuiLevel = 0 level = 0 },primary=CellSignalStrengthLte}
01-10 22:26:35.091  2579  3043 D NetworkController.MobileSignalController(1): 4G level = 5
01-10 22:26:35.127   790   790 I netd    : tetherGetStats() <4.57ms>
--------- beginning of system
01-10 22:26:35.130  1582  1740 W NetworkStatsFactorySysApp: stats=NetworkStatsSysApp: elapsedRealtime=23959861
01-10 22:26:35.130  1582  1740 W NetworkStatsFactorySysApp:   [0] iface=rmnet_data3 nameOrHashs=com.miui.wmsvc rxBytes=4574 rxPackets=11 txBytes=2449 txPackets=13  [1] iface=rmnet_data3 nameOrHashs=system_server rxBytes=120 rxPackets=3 txBytes=312 txPackets=6  [2] iface=rmnet_data3 nameOrHashs=tycenter.remote rxBytes=2176 rxPackets=28 txBytes=20049 txPackets=27  [3] iface=rmnet_data2 nameOrHashs=com.miui.daemon rxBytes=120 rxPackets=1 txBytes=1515 txPackets=50  [4] iface=rmnet_data2 nameOrHashs=curitycenter:ui rxBytes=8822 rxPackets=24 txBytes=5759 txPackets=30  [5] iface=rmnet_data2 nameOrHashs=system_server rxBytes=332 rxPackets=8 txBytes=664 txPackets=13  [6] iface=rmnet_data2 nameOrHashs=tycenter.remote rxBytes=0 rxPackets=0 txBytes=104 txPackets=2  [7] iface=rmnet_data1 nameOrHashs=eanmaster:cmsdk rxBytes=7342 rxPackets=17 txBytes=2620 txPackets=18  [8] iface=rmnet_data1 nameOrHashs=system_server rxBytes=160 rxPackets=4 txBytes=184 txPackets=4
01-10 22:26:35.225   998   998 V DisplayFeatureHal: dataCallback value=<  35.5286,   0.0000,   0.0000>,time=23959947901471, sensor=5, temperature(K)=   0.0000
01-10 22:26:35.242  1225  1567 I ThermalEngine: vs_get_temperature: read[0] xo_therm 23080 mC, weight[0] 2
01-10 22:26:35.244  1225  1567 I ThermalEngine: vs_get_temperature: read[1] quiet_therm 21964 mC, weight[1] 1
01-10 22:26:35.252  1059  1059 W surfaceflinger: type=1400 audit(0.0:549422): avc: denied { read } for name="u:object_r:vendor_fp_prop:s0" dev="tmpfs" ino=15712 scontext=u:r:surfaceflinger:s0 tcontext=u:object_r:vendor_fp_prop:s0 tclass=file permissive=0
01-10 22:26:35.262  1059  1059 E libc    : Access denied finding property "ro.hardware.fp.fod"
01-10 22:26:35.262  1059  1059 E libc    : Access denied finding property "ro.hardware.fp.sideCap"
01-10 22:26:35.252  1059  1059 W surfaceflinger: type=1400 audit(0.0:549423): avc: denied { read } for name="u:object_r:vendor_fp_prop:s0" dev="tmpfs" ino=15712 scontext=u:r:surfaceflinger:s0 tcontext=u:object_r:vendor_fp_prop:s0 tclass=file permissive=0
01-10 22:26:35.269  2579  2579 D NavBarTintController: onSampleCollected 1.0
01-10 22:26:35.272  1059  1059 W surfaceflinger: type=1400 audit(0.0:549424): avc: denied { read } for name="u:object_r:vendor_fp_prop:s0" dev="tmpfs" ino=15712 scontext=u:r:surfaceflinger:s0 tcontext=u:object_r:vendor_fp_prop:s0 tclass=file permissive=0
01-10 22:26:35.279  1059  1059 E libc    : Access denied finding property "ro.hardware.fp.fod"
01-10 22:26:35.279  1059  1059 E libc    : Access denied finding property "ro.hardware.fp.sideCap"
01-10 22:26:35.393   998   998 V DisplayFeatureHal: dataCallback value=<  32.9289,   0.0000,   0.0000>,time=23960114475169, sensor=5, temperature(K)=   0.0000
01-10 22:26:35.414  2579  2579 D NavBarTintController: onSampleCollected 1.0
01-10 22:26:35.425  2579  2579 D KeyguardUpdateMonitor: received broadcast android.intent.action.BATTERY_CHANGED
01-10 22:26:35.428  4597  4597 D NfcService: Received android.intent.action.BATTERY_CHANGED
01-10 22:26:35.430  5334  5714 D PowerKeeper.FrozenApp: onBatteryChanged plug=true mBatteryPlugged=2
01-10 22:26:35.430  5334  6131 D PowerCheckerService: onBatteryChanged, mBatteryLevel = 15, status = 2, level = 15, plug = 2, scale = 100
01-10 22:26:35.432  4388  4388 I BatteryInfoReceiver: ACTION_BATTERY_CHANGED
01-10 22:26:35.452  4388  4388 I PowerOffUI: charger type = USB
01-10 22:26:35.559   998   998 V DisplayFeatureHal: dataCallback value=<  31.1958,   0.0000,   0.0000>,time=23960281125221, sensor=5, temperature(K)=   0.0000
01-10 22:26:35.722   998   998 V DisplayFeatureHal: dataCallback value=<  30.3293,   0.0000,   0.0000>,time=23960447791940, sensor=5, temperature(K)=   0.0000
01-10 22:26:35.781  2579  2579 D SignalClusterView: updateMobileTypeImage  0
01-10 22:26:35.805  1059  1059 E libc    : Access denied finding property "ro.hardware.fp.fod"
01-10 22:26:35.806  1059  1059 E libc    : Access denied finding property "ro.hardware.fp.sideCap"
01-10 22:26:35.792  1059  1059 W surfaceflinger: type=1400 audit(0.0:549426): avc: denied { read } for name="u:object_r:vendor_fp_prop:s0" dev="tmpfs" ino=15712 scontext=u:r:surfaceflinger:s0 tcontext=u:object_r:vendor_fp_prop:s0 tclass=file permissive=0
01-10 22:26:35.792  1059  1059 W surfaceflinger: type=1400 audit(0.0:549427): avc: denied { read } for name="u:object_r:vendor_fp_prop:s0" dev="tmpfs" ino=15712 scontext=u:r:surfaceflinger:s0 tcontext=u:object_r:vendor_fp_prop:s0 tclass=file permissive=0
01-10 22:26:35.813  2579  2579 D NavBarTintController: onSampleCollected 1.0
01-10 22:26:35.889   998   998 V DisplayFeatureHal: dataCallback value=<  29.4627,   0.0000,   0.0000>,time=23960614456055, sensor=5, temperature(K)=   0.0000
01-10 22:26:36.061   998   998 V DisplayFeatureHal: dataCallback value=<  29.4627,   0.0000,   0.0000>,time=23960781122617, sensor=5, temperature(K)=   0.0000
01-10 22:26:36.223   998   998 V DisplayFeatureHal: dataCallback value=<  30.3293,   0.0000,   0.0000>,time=23960947895950, sensor=5, temperature(K)=   0.0000
01-10 22:26:36.247  1225  1567 I ThermalEngine: vs_get_temperature: read[0] xo_therm 23035 mC, weight[0] 2
01-10 22:26:36.248  1225  1567 I ThermalEngine: vs_get_temperature: read[1] quiet_therm 21919 mC, weight[1] 1
01-10 22:26:36.242  1059  1059 W surfaceflinger: type=1400 audit(0.0:549428): avc: denied { read } for name="u:object_r:vendor_fp_prop:s0" dev="tmpfs" ino=15712 scontext=u:r:surfaceflinger:s0 tcontext=u:object_r:vendor_fp_prop:s0 tclass=file permissive=0
01-10 22:26:36.242  1059  1059 W surfaceflinger: type=1400 audit(0.0:549429): avc: denied { read } for name="u:object_r:vendor_fp_prop:s0" dev="tmpfs" ino=15712 scontext=u:r:surfaceflinger:s0 tcontext=u:object_r:vendor_fp_prop:s0 tclass=file permissive=0
01-10 22:26:36.255  1059  1059 E libc    : Access denied finding property "ro.hardware.fp.fod"
01-10 22:26:36.255  1059  1059 E libc    : Access denied finding property "ro.hardware.fp.sideCap"
01-10 22:26:36.263  2579  2579 D NavBarTintController: onSampleCollected 1.0
01-10 22:26:36.391   998   998 V DisplayFeatureHal: dataCallback value=<  31.1958,   0.0000,   0.0000>,time=23961114455221, sensor=5, temperature(K)=   0.0000
01-10 22:26:36.563   998   998 V DisplayFeatureHal: dataCallback value=<  31.1958,   0.0000,   0.0000>,time=23961281246263, sensor=5, temperature(K)=   0.0000
01-10 22:26:36.730   998   998 V DisplayFeatureHal: dataCallback value=<  32.0624,   0.0000,   0.0000>,time=23961447805690, sensor=5, temperature(K)=   0.0000
01-10 22:26:36.828  2579  2579 D SignalClusterView: updateMobileTypeImage  0
01-10 22:26:36.822  1059  1059 W surfaceflinger: type=1400 audit(0.0:549430): avc: denied { read } for name="u:object_r:vendor_fp_prop:s0" dev="tmpfs" ino=15712 scontext=u:r:surfaceflinger:s0 tcontext=u:object_r:vendor_fp_prop:s0 tclass=file permissive=0
01-10 22:26:36.822  1059  1059 W surfaceflinger: type=1400 audit(0.0:549431): avc: denied { read } for name="u:object_r:vendor_fp_prop:s0" dev="tmpfs" ino=15712 scontext=u:r:surfaceflinger:s0 tcontext=u:object_r:vendor_fp_prop:s0 tclass=file permissive=0
01-10 22:26:36.832  1059  1059 E libc    : Access denied finding property "ro.hardware.fp.fod"
01-10 22:26:36.832  1059  1059 E libc    : Access denied finding property "ro.hardware.fp.sideCap"
01-10 22:26:36.838  2579  2579 D NavBarTintController: onSampleCollected 1.0
01-10 22:26:36.889   998   998 V DisplayFeatureHal: dataCallback value=<  31.1958,   0.0000,   0.0000>,time=23961614453450, sensor=5, temperature(K)=   0.0000
01-10 22:26:37.057   998   998 V DisplayFeatureHal: dataCallback value=<  32.0624,   0.0000,   0.0000>,time=23961781117773, sensor=5, temperature(K)=   0.0000
01-10 22:26:37.144  4597  4597 D NfcService: Received android.intent.action.BATTERY_CHANGED
01-10 22:26:37.146  5334  5714 D PowerKeeper.FrozenApp: onBatteryChanged plug=true mBatteryPlugged=2
01-10 22:26:37.146  4388  4388 I BatteryInfoReceiver: ACTION_BATTERY_CHANGED
01-10 22:26:37.147  5334  6131 D PowerCheckerService: onBatteryChanged, mBatteryLevel = 15, status = 2, level = 15, plug = 2, scale = 100
01-10 22:26:37.150  2579  2579 D KeyguardUpdateMonitor: received broadcast android.intent.action.BATTERY_CHANGED
01-10 22:26:37.226   998   998 V DisplayFeatureHal: dataCallback value=<  31.1958,   0.0000,   0.0000>,time=23961947784648, sensor=5, temperature(K)=   0.0000
01-10 22:26:37.251  1225  1567 I ThermalEngine: vs_get_temperature: read[0] xo_therm 22991 mC, weight[0] 2
01-10 22:26:37.252  1225  1567 I ThermalEngine: vs_get_temperature: read[1] quiet_therm 21919 mC, weight[1] 1
01-10 22:26:37.272  1059  1059 W surfaceflinger: type=1400 audit(0.0:549432): avc: denied { read } for name="u:object_r:vendor_fp_prop:s0" dev="tmpfs" ino=15712 scontext=u:r:surfaceflinger:s0 tcontext=u:object_r:vendor_fp_prop:s0 tclass=file permissive=0
01-10 22:26:37.272  1059  1059 W surfaceflinger: type=1400 audit(0.0:549433): avc: denied { read } for name="u:object_r:vendor_fp_prop:s0" dev="tmpfs" ino=15712 scontext=u:r:surfaceflinger:s0 tcontext=u:object_r:vendor_fp_prop:s0 tclass=file permissive=0
01-10 22:26:37.287  1059  1059 E libc    : Access denied finding property "ro.hardware.fp.fod"
01-10 22:26:37.287  1059  1059 E libc    : Access denied finding property "ro.hardware.fp.sideCap"
01-10 22:26:37.295  2579  2579 D NavBarTintController: onSampleCollected 1.0
01-10 22:26:37.383  3996 31613 I CastDatabase: Saving the database
01-10 22:26:37.389   998   998 V DisplayFeatureHal: dataCallback value=<  31.1958,   0.0000,   0.0000>,time=23962114556211, sensor=5, temperature(K)=   0.0000
01-10 22:26:37.393  3996 31613 I SQLiteCastStore: [CastNetworkInfo] saved: 0, skipped: 0, [CastDeviceInfo]: saved 0, skipped 0, [Paired Guest Mode DeviceInfo] saved: 0, skipped: 0. [ProbedNetworks]: saved 0, skipped: 0, [ProbedSocketAddress]: saved 0, skipped: 0, [Network-Device pairs]: saved: 0
01-10 22:26:37.558   998   998 V DisplayFeatureHal: dataCallback value=<  31.1958,   0.0000,   0.0000>,time=23962281117096, sensor=5, temperature(K)=   0.0000
01-10 22:26:37.730   998   998 V DisplayFeatureHal: dataCallback value=<  31.1958,   0.0000,   0.0000>,time=23962447802096, sensor=5, temperature(K)=   0.0000
01-10 22:26:37.859  2579  2579 D SignalClusterView: updateMobileTypeImage  0
01-10 22:26:37.852  1059  1059 W surfaceflinger: type=1400 audit(0.0:549434): avc: denied { read } for name="u:object_r:vendor_fp_prop:s0" dev="tmpfs" ino=15712 scontext=u:r:surfaceflinger:s0 tcontext=u:object_r:vendor_fp_prop:s0 tclass=file permissive=0
01-10 22:26:37.852  1059  1059 W surfaceflinger: type=1400 audit(0.0:549435): avc: denied { read } for name="u:object_r:vendor_fp_prop:s0" dev="tmpfs" ino=15712 scontext=u:r:surfaceflinger:s0 tcontext=u:object_r:vendor_fp_prop:s0 tclass=file permissive=0
01-10 22:26:37.865  1059  1059 E libc    : Access denied finding property "ro.hardware.fp.fod"
01-10 22:26:37.866  1059  1059 E libc    : Access denied finding property "ro.hardware.fp.sideCap"
01-10 22:26:37.869  2579  2579 D NavBarTintController: onSampleCollected 1.0
01-10 22:26:37.888   998   998 V DisplayFeatureHal: dataCallback value=<  31.1958,   0.0000,   0.0000>,time=23962614448398, sensor=5, temperature(K)=   0.0000
01-10 22:26:38.062   998   998 V DisplayFeatureHal: dataCallback value=<  31.1958,   0.0000,   0.0000>,time=23962781225117, sensor=5, temperature(K)=   0.0000
01-10 22:26:38.229   998   998 V DisplayFeatureHal: dataCallback value=<  31.1958,   0.0000,   0.0000>,time=23962947907721, sensor=5, temperature(K)=   0.0000
01-10 22:26:38.256  1225  1567 I ThermalEngine: vs_get_temperature: read[0] xo_therm 22991 mC, weight[0] 2
01-10 22:26:38.258  1225  1567 I ThermalEngine: vs_get_temperature: read[1] quiet_therm 21919 mC, weight[1] 1
01-10 22:26:38.262  1059  1059 W surfaceflinger: type=1400 audit(0.0:549436): avc: denied { read } for name="u:object_r:vendor_fp_prop:s0" dev="tmpfs" ino=15712 scontext=u:r:surfaceflinger:s0 tcontext=u:object_r:vendor_fp_prop:s0 tclass=file permissive=0
01-10 22:26:38.262  1059  1059 W surfaceflinger: type=1400 audit(0.0:549437): avc: denied { read } for name="u:object_r:vendor_fp_prop:s0" dev="tmpfs" ino=15712 scontext=u:r:surfaceflinger:s0 tcontext=u:object_r:vendor_fp_prop:s0 tclass=file permissive=0
01-10 22:26:38.270  1059  1059 E libc    : Access denied finding property "ro.hardware.fp.fod"
01-10 22:26:38.271  1059  1059 E libc    : Access denied finding property "ro.hardware.fp.sideCap"
01-10 22:26:38.277  2579  2579 D NavBarTintController: onSampleCollected 1.0
01-10 22:26:38.397   998   998 V DisplayFeatureHal: dataCallback value=<  30.3293,   0.0000,   0.0000>,time=23963114462669, sensor=5, temperature(K)=   0.0000
01-10 22:26:38.563   998   998 V DisplayFeatureHal: dataCallback value=<  30.3293,   0.0000,   0.0000>,time=23963281131159, sensor=5, temperature(K)=   0.0000
01-10 22:26:38.731   998   998 V DisplayFeatureHal: dataCallback value=<  30.3293,   0.0000,   0.0000>,time=23963447885325, sensor=5, temperature(K)=   0.0000
01-10 22:26:38.889   998   998 V DisplayFeatureHal: dataCallback value=<  31.1958,   0.0000,   0.0000>,time=23963614446315, sensor=5, temperature(K)=   0.0000
01-10 22:26:38.931  2579  2579 D SignalClusterView: updateMobileTypeImage  0
01-10 22:26:38.922  1059  1059 W surfaceflinger: type=1400 audit(0.0:549438): avc: denied { read } for name="u:object_r:vendor_fp_prop:s0" dev="tmpfs" ino=15712 scontext=u:r:surfaceflinger:s0 tcontext=u:object_r:vendor_fp_prop:s0 tclass=file permissive=0
01-10 22:26:38.922  1059  1059 W surfaceflinger: type=1400 audit(0.0:549439): avc: denied { read } for name="u:object_r:vendor_fp_prop:s0" dev="tmpfs" ino=15712 scontext=u:r:surfaceflinger:s0 tcontext=u:object_r:vendor_fp_prop:s0 tclass=file permissive=0
01-10 22:26:38.937  1059  1059 E libc    : Access denied finding property "ro.hardware.fp.fod"
01-10 22:26:38.938  1059  1059 E libc    : Access denied finding property "ro.hardware.fp.sideCap"
01-10 22:26:38.944  2579  2579 D NavBarTintController: onSampleCollected 1.0
01-10 22:26:39.063   998   998 V DisplayFeatureHal: dataCallback value=<  31.1958,   0.0000,   0.0000>,time=23963781128659, sensor=5, temperature(K)=   0.0000
01-10 22:26:39.229   998   998 V DisplayFeatureHal: dataCallback value=<  31.1958,   0.0000,   0.0000>,time=23963947793763, sensor=5, temperature(K)=   0.0000
01-10 22:26:39.242  1059  1059 W surfaceflinger: type=1400 audit(0.0:549440): avc: denied { read } for name="u:object_r:vendor_fp_prop:s0" dev="tmpfs" ino=15712 scontext=u:r:surfaceflinger:s0 tcontext=u:object_r:vendor_fp_prop:s0 tclass=file permissive=0
01-10 22:26:39.255  1059  1059 E libc    : Access denied finding property "ro.hardware.fp.fod"
01-10 22:26:39.255  1059  1059 E libc    : Access denied finding property "ro.hardware.fp.sideCap"
01-10 22:26:39.261  1225  1567 I ThermalEngine: vs_get_temperature: read[0] xo_therm 22946 mC, weight[0] 2
01-10 22:26:39.262  2579  2579 D NavBarTintController: onSampleCollected 1.0
01-10 22:26:39.262  1225  1567 I ThermalEngine: vs_get_temperature: read[1] quiet_therm 21875 mC, weight[1] 1
01-10 22:26:39.396   998   998 V DisplayFeatureHal: dataCallback value=<  31.1958,   0.0000,   0.0000>,time=23964114458711, sensor=5, temperature(K)=   0.0000
01-10 22:26:39.565   998   998 V DisplayFeatureHal: dataCallback value=<  31.1958,   0.0000,   0.0000>,time=23964281125377, sensor=5, temperature(K)=   0.0000
01-10 22:26:39.726   998   998 V DisplayFeatureHal: dataCallback value=<  32.0624,   0.0000,   0.0000>,time=23964447882669, sensor=5, temperature(K)=   0.0000
01-10 22:26:39.892   998   998 V DisplayFeatureHal: dataCallback value=<  32.9289,   0.0000,   0.0000>,time=23964614440898, sensor=5, temperature(K)=   0.0000
01-10 22:26:39.964  2579  2579 D SignalClusterView: updateMobileTypeImage  0
01-10 22:26:39.962  1059  1059 W surfaceflinger: type=1400 audit(0.0:549442): avc: denied { read } for name="u:object_r:vendor_fp_prop:s0" dev="tmpfs" ino=15712 scontext=u:r:surfaceflinger:s0 tcontext=u:object_r:vendor_fp_prop:s0 tclass=file permissive=0
01-10 22:26:39.962  1059  1059 W surfaceflinger: type=1400 audit(0.0:549443): avc: denied { read } for name="u:object_r:vendor_fp_prop:s0" dev="tmpfs" ino=15712 scontext=u:r:surfaceflinger:s0 tcontext=u:object_r:vendor_fp_prop:s0 tclass=file permissive=0
01-10 22:26:39.973  1059  1059 E libc    : Access denied finding property "ro.hardware.fp.fod"
01-10 22:26:39.973  1059  1059 E libc    : Access denied finding property "ro.hardware.fp.sideCap"
01-10 22:26:39.979  2579  2579 D NavBarTintController: onSampleCollected 1.0
01-10 22:26:40.058   998   998 V DisplayFeatureHal: dataCallback value=<  35.5286,   0.0000,   0.0000>,time=23964781105690, sensor=5, temperature(K)=   0.0000
01-10 22:26:40.229   998   998 V DisplayFeatureHal: dataCallback value=<  36.3951,   0.0000,   0.0000>,time=23964947899440, sensor=5, temperature(K)=   0.0000
01-10 22:26:40.242  1059  1059 W surfaceflinger: type=1400 audit(0.0:549444): avc: denied { read } for name="u:object_r:vendor_fp_prop:s0" dev="tmpfs" ino=15712 scontext=u:r:surfaceflinger:s0 tcontext=u:object_r:vendor_fp_prop:s0 tclass=file permissive=0
01-10 22:26:40.242  1059  1059 W surfaceflinger: type=1400 audit(0.0:549445): avc: denied { read } for name="u:object_r:vendor_fp_prop:s0" dev="tmpfs" ino=15712 scontext=u:r:surfaceflinger:s0 tcontext=u:object_r:vendor_fp_prop:s0 tclass=file permissive=0
01-10 22:26:40.257  1059  1059 E libc    : Access denied finding property "ro.hardware.fp.fod"
01-10 22:26:40.257  1059  1059 E libc    : Access denied finding property "ro.hardware.fp.sideCap"
01-10 22:26:40.264  2579  2579 D NavBarTintController: onSampleCollected 1.0
01-10 22:26:40.265  1225  1567 I ThermalEngine: vs_get_temperature: read[0] xo_therm 22946 mC, weight[0] 2
01-10 22:26:40.266  1225  1567 I ThermalEngine: vs_get_temperature: read[1] quiet_therm 21875 mC, weight[1] 1
01-10 22:26:40.275  1059  1059 E libc    : Access denied finding property "ro.hardware.fp.fod"
01-10 22:26:40.275  1059  1059 E libc    : Access denied finding property "ro.hardware.fp.sideCap"
01-10 22:26:40.262  1059  1059 W surfaceflinger: type=1400 audit(0.0:549446): avc: denied { read } for name="u:object_r:vendor_fp_prop:s0" dev="tmpfs" ino=15712 scontext=u:r:surfaceflinger:s0 tcontext=u:object_r:vendor_fp_prop:s0 tclass=file permissive=0
01-10 22:26:40.391   998   998 V DisplayFeatureHal: dataCallback value=<  37.2617,   0.0000,   0.0000>,time=23965114544388, sensor=5, temperature(K)=   0.0000
01-10 22:26:40.399  2579  2579 D NavBarTintController: onSampleCollected 1.0
01-10 22:26:40.563   998   998 V DisplayFeatureHal: dataCallback value=<  36.3951,   0.0000,   0.0000>,time=23965281122461, sensor=5, temperature(K)=   0.0000
01-10 22:26:40.730   998   998 V DisplayFeatureHal: dataCallback value=<  36.3951,   0.0000,   0.0000>,time=23965447898971, sensor=5, temperature(K)=   0.0000
01-10 22:26:40.896   998   998 V DisplayFeatureHal: dataCallback value=<  34.6620,   0.0000,   0.0000>,time=23965614435638, sensor=5, temperature(K)=   0.0000
01-10 22:26:41.015  2579  2579 D SignalClusterView: updateMobileTypeImage  0
01-10 22:26:41.025  1059  1059 E libc    : Access denied finding property "ro.hardware.fp.fod"
