01-10 22:26:48.602 16864 16961 I MediaStatHelper: ensureService mConnecting:false, mService:1
01-10 22:26:48.602 16864 16913 D IdProviderImpl: getOAID
01-10 22:26:48.602 16915 17095 I CloudSyncService: SyncTask: key = SyncerKey{action='com.miui.player.SYNC_RECENT_PLAY_LISTS', playlistId=0, playlistType=0}
01-10 22:26:48.602 16915 16941 I MusicStatService: track
01-10 22:26:48.602 16915 17092 I CloudSyncService: SyncTask: key = SyncerKey{action='com.miui.player.SYNC_FAVORITE_PLAYLISTS', playlistId=0, playlistType=102}
01-10 22:26:48.602 16915 17093 I CloudSyncService: SyncTask: key = SyncerKey{action='com.miui.player.SYNC_FAVORITE_PLAYLISTS', playlistId=0, playlistType=103}
01-10 22:26:48.603 16864 16913 D IdProviderImpl: getOAID
01-10 22:26:48.603 16915 17094 I CloudSyncService: SyncTask: key = SyncerKey{action='com.miui.player.SYNC_RECENT_AUDIOS', playlistId=0, playlistType=0}
01-10 22:26:48.605 16864 16913 D IdProviderImpl: getOAID
01-10 22:26:48.605 16864 16961 I MediaStatHelper: ensureService mConnecting:false, mService:1
01-10 22:26:48.605 16915 16941 I MusicStatService: track
01-10 22:26:48.605 16915 17023 I MultiProcessDataSyncService: getServiceToken: needRefresh:false
01-10 22:26:48.606 16864 16913 D IdProviderImpl: getOAID
01-10 22:26:48.607 16915 17091 I FavoritePlaylistSyncer[listType=104]: performDownload(): localRecords.size = 0
01-10 22:26:48.608 16915 17023 I MultiProcessDataSyncService: getServiceToken: mMusicAuthToken false
01-10 22:26:48.608 16864 16864 I MediaPlaybackServiceProxy: removePlayChangedListener listener count is 14
01-10 22:26:48.609 16864 16961 I MediaStatHelper: ensureService mConnecting:false, mService:1
01-10 22:26:48.609 16864 16913 D IdProviderImpl: getOAID
01-10 22:26:48.609 16915 16941 I MusicStatService: track
01-10 22:26:48.610 16864 16864 I MediaPlaybackServiceProxy: removePlayChangedListener listener count is 13
01-10 22:26:48.610 16915 17032 I FavoritePlaylistSyncer[listType=105]: performDownload(): localRecords.size = 0
01-10 22:26:48.610 16915 17094 I AggregateManager: aggregate cost: 0
01-10 22:26:48.610 16915 17095 I RecentPlaylistSyncer: performDownload(): localRecords.size = 0
01-10 22:26:48.610 16864 16913 D IdProviderImpl: getOAID
01-10 22:26:48.610 16915 17093 I FavoritePlaylistSyncer[listType=103]: performDownload(): localRecords.size = 3
01-10 22:26:48.611 16864 16961 I MediaStatHelper: ensureService mConnecting:false, mService:1
01-10 22:26:48.612 16915 17094 I RecentAudioSyncer: performDownload(): localRecords.size = 2
01-10 22:26:48.612 16915 16941 I MusicStatService: track
01-10 22:26:48.612 16915 17092 I FavoritePlaylistSyncer[listType=102]: performDownload(): localRecords.size = 0
01-10 22:26:48.612 16864 16864 I MediaPlaybackServiceProxy: removePlayChangedListener listener count is 12
01-10 22:26:48.612 16864 16913 D IdProviderImpl: getOAID
01-10 22:26:48.613 16864 16864 I MediaPlaybackServiceProxy: removePlayChangedListener listener count is 11
01-10 22:26:48.614 16864 16913 D IdProviderImpl: getOAID
01-10 22:26:48.615 16864 16864 I MediaPlaybackServiceProxy: removePlayChangedListener listener count is 10
01-10 22:26:48.615 16864 16913 D IdProviderImpl: getOAID
01-10 22:26:48.616 16864 16961 I MediaStatHelper: ensureService mConnecting:false, mService:1
01-10 22:26:48.616 16864 16864 I MediaPlaybackServiceProxy: removePlayChangedListener listener count is 9
01-10 22:26:48.616 16915 16941 I MusicStatService: track
01-10 22:26:48.616 16864 16913 D IdProviderImpl: getOAID
01-10 22:26:48.617 16864 16991 D IdProviderImpl: getOAID
01-10 22:26:48.618 16864 16961 I MediaStatHelper: ensureService mConnecting:false, mService:1
01-10 22:26:48.618 16915 16941 I MusicStatService: track
01-10 22:26:48.619 16864 16864 I MediaPlaybackServiceProxy: removePlayChangedListener listener count is 8
01-10 22:26:48.619 16864 16991 D IdProviderImpl: getOAID
01-10 22:26:48.619 16915 17031 I FavoriteAudioSyncer: performDownload(): localRecords.size = 0
01-10 22:26:48.620 16864 16864 I MediaPlaybackServiceProxy: removePlayChangedListener listener count is 7
01-10 22:26:48.620 16864 16961 I MediaStatHelper: ensureService mConnecting:false, mService:1
01-10 22:26:48.620 16864 16991 D IdProviderImpl: getOAID
01-10 22:26:48.620 16915 16941 I MusicStatService: track
01-10 22:26:48.621 16864 16864 I MediaPlaybackServiceProxy: removePlayChangedListener listener count is 6
01-10 22:26:48.622 16864 16991 D IdProviderImpl: getOAID
01-10 22:26:48.622 16864 16961 I MediaStatHelper: ensureService mConnecting:false, mService:1
01-10 22:26:48.622 16915 16941 I MusicStatService: track
01-10 22:26:48.623 16864 16864 I MediaPlaybackServiceProxy: removePlayChangedListener listener count is 5
01-10 22:26:48.623 16864 16991 D IdProviderImpl: getOAID
01-10 22:26:48.623 16864 16961 I MediaStatHelper: ensureService mConnecting:false, mService:1
01-10 22:26:48.623 16915 16941 I MusicStatService: track
01-10 22:26:48.624 16864 16864 I MediaPlaybackServiceProxy: removePlayChangedListener listener count is 4
01-10 22:26:48.624 16864 16991 D IdProviderImpl: getOAID
01-10 22:26:48.625 16864 16961 I MediaStatHelper: ensureService mConnecting:false, mService:1
01-10 22:26:48.625 16915 16941 I MusicStatService: track
01-10 22:26:48.625 16864 16864 I MediaPlaybackServiceProxy: removePlayChangedListener listener count is 3
01-10 22:26:48.625 16864 16991 D IdProviderImpl: getOAID
01-10 22:26:48.626 16864 16864 I LoaderContainer: mLoader.onLoadStateChagned 0
01-10 22:26:48.626 16864 16961 I MediaStatHelper: ensureService mConnecting:false, mService:1
01-10 22:26:48.626 16915 16941 I MusicStatService: track
01-10 22:26:48.627 16864 16991 D IdProviderImpl: getOAID
01-10 22:26:48.628 16864 16961 I MediaStatHelper: ensureService mConnecting:false, mService:1
01-10 22:26:48.628 16915 16941 I MusicStatService: track
01-10 22:26:48.628 16864 16991 D IdProviderImpl: getOAID
01-10 22:26:48.630 16864 16864 I DispatchItemFetcher: stop
01-10 22:26:48.630 16864 16864 E DisplayHelper: pause  the display is not resumed
01-10 22:26:48.630 16864 16864 E DisplayHelper: pause  the display is not resumed
01-10 22:26:48.630 16864 16864 E DisplayHelper: resume  the display is already resumed
01-10 22:26:48.630 16864 16864 E DisplayHelper: pause  the display is not resumed
01-10 22:26:48.630 16864 16961 I MediaStatHelper: ensureService mConnecting:false, mService:1
01-10 22:26:48.631 16915 16941 I MusicStatService: track
01-10 22:26:48.631 16864 16991 D IdProviderImpl: getOAID
01-10 22:26:48.632 16864 16961 I MediaStatHelper: ensureService mConnecting:false, mService:1
01-10 22:26:48.632 16915 16941 I MusicStatService: track
01-10 22:26:48.632 16864 16864 W InputEventReceiver: App Input: Dispatching InputEvent took 105ms in main thread! (MotionEvent: event_seq=1, seq=222835, action=ACTION_UP)
01-10 22:26:48.633 16864 16961 I MediaStatHelper: ensureService mConnecting:false, mService:1
01-10 22:26:48.634 16915 16941 I MusicStatService: track
01-10 22:26:48.635 16864 16961 I MediaStatHelper: ensureService mConnecting:false, mService:1
01-10 22:26:48.635 16915 16941 I MusicStatService: track
01-10 22:26:48.636 16864 16961 I MediaStatHelper: ensureService mConnecting:false, mService:1
01-10 22:26:48.636 16915 16941 I MusicStatService: track
01-10 22:26:48.638 16864 16961 I MediaStatHelper: ensureService mConnecting:false, mService:1
01-10 22:26:48.638 16915 16941 I MusicStatService: track
01-10 22:26:48.639 16864 16864 I FragmentWrapper: draw: no disappearing view
01-10 22:26:48.640 16864 16961 I MediaStatHelper: ensureService mConnecting:false, mService:1
01-10 22:26:48.640 16915 16941 I MusicStatService: track
01-10 22:26:48.641 16864 16961 I MediaStatHelper: ensureService mConnecting:false, mService:1
01-10 22:26:48.641 16915 16941 I MusicStatService: track
01-10 22:26:48.643 16864 16961 I MediaStatHelper: ensureService mConnecting:false, mService:1
01-10 22:26:48.643 16915 16941 I MusicStatService: track
01-10 22:26:48.643 16864 16864 I DisplayFragmentLayout: requestLayout  super.requestLayout
01-10 22:26:48.645 16864 16864 I FavoriteCoverHelper: songList is empty, return!
01-10 22:26:48.645 16864 16864 I FloatingViewData: onResponse  no floating window 
01-10 22:26:48.645 16864 16961 I MediaStatHelper: ensureService mConnecting:false, mService:1
01-10 22:26:48.645 16915 16941 I MusicStatService: track
01-10 22:26:48.647 16864 16864 I FragmentWrapper: draw: no disappearing view
01-10 22:26:48.647 16864 16961 I MediaStatHelper: ensureService mConnecting:false, mService:1
01-10 22:26:48.647 16915 16941 I MusicStatService: track
01-10 22:26:48.650 16864 16961 I MediaStatHelper: ensureService mConnecting:false, mService:1
01-10 22:26:48.650 16915 16941 I MusicStatService: track
01-10 22:26:48.652 16864 16961 I MediaStatHelper: ensureService mConnecting:false, mService:1
01-10 22:26:48.652 16915 16941 I MusicStatService: track
01-10 22:26:48.654 16864 16961 I MediaStatHelper: ensureService mConnecting:false, mService:1
01-10 22:26:48.654 16864 16864 I DisplayFragmentLayout: requestLayout  super.requestLayout
01-10 22:26:48.654 16915 16941 I MusicStatService: track
01-10 22:26:48.656 16864 16961 I MediaStatHelper: ensureService mConnecting:false, mService:1
01-10 22:26:48.656 16915 16941 I MusicStatService: track
01-10 22:26:48.656 16864 17082 I com.miui.player.content.cache.FavoriteVideoCountCache[no uri]: Finish to load in background, size = 1
01-10 22:26:48.658 16864 16864 I FragmentWrapper: draw: no disappearing view
01-10 22:26:48.658 16864 16961 I MediaStatHelper: ensureService mConnecting:false, mService:1
01-10 22:26:48.658 16915 16941 I MusicStatService: track
01-10 22:26:48.660  1059  1059 E libc    : Access denied finding property "ro.hardware.fp.fod"
01-10 22:26:48.660  1059  1059 E libc    : Access denied finding property "ro.hardware.fp.sideCap"
01-10 22:26:48.661 16864 16864 I com.miui.player.content.cache.FavoriteVideoCountCache[no uri]: Update Cache version to 2
01-10 22:26:48.663 16864 16864 I DisplayFragmentLayout: requestLayout  super.requestLayout
01-10 22:26:48.670 16864 17084 I com.miui.player.content.cache.FMCountCache[no uri]: Finish to load in background, size = 2
01-10 22:26:48.674 16864 16864 I FragmentWrapper: draw: no disappearing view
01-10 22:26:48.675  1059  1059 E libc    : Access denied finding property "ro.hardware.fp.fod"
01-10 22:26:48.675  1059  1059 E libc    : Access denied finding property "ro.hardware.fp.sideCap"
01-10 22:26:48.675 16915 17024 I Threads : name=mt_AsyncTask_10, total=38
01-10 22:26:48.676 16915 17096 D IdProviderImpl: getOAID
01-10 22:26:48.677 16864 16864 I com.miui.player.content.cache.FMCountCache[no uri]: Update Cache version to 2
01-10 22:26:48.677 16915 17019 I SelfPlaylistSyncer: performDownload(): pageNum = 0, cursor = null, cloud records size = 1, last modified time = 1567647604099
01-10 22:26:48.677 16915 17019 I SelfPlaylistSyncer: performDownload(): download object counts = 0
01-10 22:26:48.677 16915 17019 I MusicSyncHelper: Download list size=0
01-10 22:26:48.677 16915 17019 V MusicSyncHelper: [Performance]Download spend time=0, operation count=0
01-10 22:26:48.677 16915 17019 I SelfPlaylistSyncer: performDownload(): unmatched local records count = 0
01-10 22:26:48.677 16915 17019 I MusicSyncHelper: Download list size=0
01-10 22:26:48.677 16915 17019 V MusicSyncHelper: [Performance]Download spend time=0, operation count=0
01-10 22:26:48.679  2579  2579 D NavBarTintController: onSampleCollected 1.0
01-10 22:26:48.680 16915 17024 I MultiProcessDataSyncService: getServiceToken: needRefresh:false
01-10 22:26:48.682 16915 17024 I MultiProcessDataSyncService: getServiceToken: mMusicAuthToken false
01-10 22:26:48.693  1059  1059 E libc    : Access denied finding property "ro.hardware.fp.fod"
01-10 22:26:48.693  1059  1059 E libc    : Access denied finding property "ro.hardware.fp.sideCap"
01-10 22:26:48.694 16915 16967 I CloudAudiosSyncer: performDownload(): pageNum = 0, cursor = null, cloud records size = 0, last modified time = 9223372036854775807
01-10 22:26:48.694 16915 16967 I CloudAudiosSyncer: performDownload(): download object counts = 0
01-10 22:26:48.694 16915 17096 D IdProviderImpl: getOAID
01-10 22:26:48.694 16915 16967 I MusicSyncHelper: Download list size=0
01-10 22:26:48.694 16915 16967 V MusicSyncHelper: [Performance]Download spend time=0, operation count=0
01-10 22:26:48.694 16915 16967 I CloudAudiosSyncer: performDownload(): unmatched local records count = 0
01-10 22:26:48.694 16915 16967 I MusicSyncHelper: Download list size=0
01-10 22:26:48.694 16915 16967 V MusicSyncHelper: [Performance]Download spend time=0, operation count=0
01-10 22:26:48.695 16864 16864 I DisplayFragmentLayout: requestLayout  super.requestLayout
01-10 22:26:48.699 16915 17023 I MultiProcessDataSyncService: getServiceToken: needRefresh:false
01-10 22:26:48.700 16915 17023 I MultiProcessDataSyncService: getServiceToken: mMusicAuthToken false
01-10 22:26:48.708 16864 16864 I FragmentWrapper: draw: no disappearing view
01-10 22:26:48.709  1059  1059 E libc    : Access denied finding property "ro.hardware.fp.fod"
01-10 22:26:48.709  1059  1059 E libc    : Access denied finding property "ro.hardware.fp.sideCap"
01-10 22:26:48.720   998   998 V DisplayFeatureHal: dataCallback value=<  36.3951,   0.0000,   0.0000>,time=23973447737617, sensor=5, temperature(K)=   0.0000
01-10 22:26:48.727  1059  1059 E libc    : Access denied finding property "ro.hardware.fp.fod"
01-10 22:26:48.727  1059  1059 E libc    : Access denied finding property "ro.hardware.fp.sideCap"
01-10 22:26:48.744  1059  1059 E libc    : Access denied finding property "ro.hardware.fp.fod"
01-10 22:26:48.745  1059  1059 E libc    : Access denied finding property "ro.hardware.fp.sideCap"
01-10 22:26:48.758 16915 17091 I FavoritePlaylistSyncer[listType=104]: performDownload(): pageNum = 0, cursor = null, cloud records size = 0, last modified time = 0
01-10 22:26:48.758 16915 17091 I FavoritePlaylistSyncer[listType=104]: performDownload(): download object counts = 0
01-10 22:26:48.759 16915 17091 I MusicSyncHelper: Download list size=0
01-10 22:26:48.759 16915 17091 V MusicSyncHelper: [Performance]Download spend time=0, operation count=0
01-10 22:26:48.759 16915 17091 I FavoritePlaylistSyncer[listType=104]: performDownload(): unmatched local records count = 0
01-10 22:26:48.759 16915 17091 I MusicSyncHelper: Download list size=0
01-10 22:26:48.759 16915 17091 V MusicSyncHelper: [Performance]Download spend time=0, operation count=0
01-10 22:26:48.759 16915 16967 D IdProviderImpl: getOAID
01-10 22:26:48.761  1059  1059 E libc    : Access denied finding property "ro.hardware.fp.fod"
01-10 22:26:48.761  1059  1059 E libc    : Access denied finding property "ro.hardware.fp.sideCap"
01-10 22:26:48.765 16915 17024 I MultiProcessDataSyncService: getServiceToken: needRefresh:false
01-10 22:26:48.766 16915 17024 I MultiProcessDataSyncService: getServiceToken: mMusicAuthToken false
01-10 22:26:48.769 16915 17095 I RecentPlaylistSyncer: performDownload(): pageNum = 0, cursor = null, cloud records size = 0, last modified time = 0
01-10 22:26:48.770 16915 17091 D IdProviderImpl: getOAID
01-10 22:26:48.773 16915 17023 I MultiProcessDataSyncService: getServiceToken: needRefresh:false
01-10 22:26:48.773 16915 17095 I RecentPlaylistSyncer: performDownload(): unmatched local records count = 0
01-10 22:26:48.774 16915 17023 I MultiProcessDataSyncService: getServiceToken: mMusicAuthToken false
01-10 22:26:48.776  1059  1059 E libc    : Access denied finding property "ro.hardware.fp.fod"
01-10 22:26:48.776  1059  1059 E libc    : Access denied finding property "ro.hardware.fp.sideCap"
01-10 22:26:48.779  2579  2579 D NavBarTintController: onSampleCollected 1.0
01-10 22:26:48.781 16864 16864 I DisplayFragmentLayout: requestLayout  super.requestLayout
01-10 22:26:48.793  1059  1059 E libc    : Access denied finding property "ro.hardware.fp.fod"
01-10 22:26:48.793  1059  1059 E libc    : Access denied finding property "ro.hardware.fp.sideCap"
01-10 22:26:48.793 16864 16864 I FragmentWrapper: draw: no disappearing view
01-10 22:26:48.812  1059  1059 E libc    : Access denied finding property "ro.hardware.fp.fod"
01-10 22:26:48.812  1059  1059 E libc    : Access denied finding property "ro.hardware.fp.sideCap"
01-10 22:26:48.829  1059  1059 E libc    : Access denied finding property "ro.hardware.fp.fod"
01-10 22:26:48.829  1059  1059 E libc    : Access denied finding property "ro.hardware.fp.sideCap"
01-10 22:26:48.843 16915 17095 D IdProviderImpl: getOAID
01-10 22:26:48.844  1059  1059 E libc    : Access denied finding property "ro.hardware.fp.fod"
01-10 22:26:48.845  1059  1059 E libc    : Access denied finding property "ro.hardware.fp.sideCap"
01-10 22:26:48.845 16915 17032 I FavoritePlaylistSyncer[listType=105]: performDownload(): pageNum = 0, cursor = null, cloud records size = 0, last modified time = 0
01-10 22:26:48.845 16915 17032 I FavoritePlaylistSyncer[listType=105]: performDownload(): download object counts = 0
01-10 22:26:48.846 16915 17032 I MusicSyncHelper: Download list size=0
01-10 22:26:48.846 16915 17032 V MusicSyncHelper: [Performance]Download spend time=0, operation count=0
01-10 22:26:48.846 16915 17032 I FavoritePlaylistSyncer[listType=105]: performDownload(): unmatched local records count = 0
01-10 22:26:48.846 16915 17032 I MusicSyncHelper: Download list size=0
01-10 22:26:48.846 16915 17032 V MusicSyncHelper: [Performance]Download spend time=0, operation count=0
01-10 22:26:48.849 16915 17024 I MultiProcessDataSyncService: getServiceToken: needRefresh:false
01-10 22:26:48.850 16915 17024 I MultiProcessDataSyncService: getServiceToken: mMusicAuthToken false
01-10 22:26:48.861 16915 17032 D IdProviderImpl: getOAID
01-10 22:26:48.861  1059  1059 E libc    : Access denied finding property "ro.hardware.fp.fod"
01-10 22:26:48.861  1059  1059 E libc    : Access denied finding property "ro.hardware.fp.sideCap"
01-10 22:26:48.864 16915 17093 I FavoritePlaylistSyncer[listType=103]: performDownload(): pageNum = 0, cursor = null, cloud records size = 3, last modified time = 1567647604000
01-10 22:26:48.864 16915 17093 I FavoritePlaylistSyncer[listType=103]: performDownload(): download object counts = 0
01-10 22:26:48.864 16915 17093 I MusicSyncHelper: Download list size=0
01-10 22:26:48.864 16915 17093 V MusicSyncHelper: [Performance]Download spend time=0, operation count=0
01-10 22:26:48.864 16915 17093 I FavoritePlaylistSyncer[listType=103]: performDownload(): unmatched local records count = 0
01-10 22:26:48.864 16915 17093 I MusicSyncHelper: Download list size=0
01-10 22:26:48.864 16915 17093 V MusicSyncHelper: [Performance]Download spend time=0, operation count=0
01-10 22:26:48.864 16915 17023 I MultiProcessDataSyncService: getServiceToken: needRefresh:false
01-10 22:26:48.866 16915 17023 I MultiProcessDataSyncService: getServiceToken: mMusicAuthToken false
01-10 22:26:48.878  1059  1059 E libc    : Access denied finding property "ro.hardware.fp.fod"
01-10 22:26:48.878  1059  1059 E libc    : Access denied finding property "ro.hardware.fp.sideCap"
01-10 22:26:48.882  2579  2579 D NavBarTintController: onSampleCollected 1.0
01-10 22:26:48.887   998   998 V DisplayFeatureHal: dataCallback value=<  36.3951,   0.0000,   0.0000>,time=23973614404440, sensor=5, temperature(K)=   0.0000
01-10 22:26:48.893  1059  1059 E libc    : Access denied finding property "ro.hardware.fp.fod"
01-10 22:26:48.894  1059  1059 E libc    : Access denied finding property "ro.hardware.fp.sideCap"
01-10 22:26:48.909  1059  1059 E libc    : Access denied finding property "ro.hardware.fp.fod"
01-10 22:26:48.909  1059  1059 E libc    : Access denied finding property "ro.hardware.fp.sideCap"
01-10 22:26:48.929  1059  1059 E libc    : Access denied finding property "ro.hardware.fp.fod"
01-10 22:26:48.929  1059  1059 E libc    : Access denied finding property "ro.hardware.fp.sideCap"
01-10 22:26:48.940 16915 17093 D IdProviderImpl: getOAID
01-10 22:26:48.940 16915 17092 I FavoritePlaylistSyncer[listType=102]: performDownload(): pageNum = 0, cursor = null, cloud records size = 0, last modified time = 0
01-10 22:26:48.940 16915 17092 I FavoritePlaylistSyncer[listType=102]: performDownload(): download object counts = 0
01-10 22:26:48.940 16915 17092 I MusicSyncHelper: Download list size=0
01-10 22:26:48.941 16915 17092 V MusicSyncHelper: [Performance]Download spend time=0, operation count=0
01-10 22:26:48.941 16915 17092 I FavoritePlaylistSyncer[listType=102]: performDownload(): unmatched local records count = 0
01-10 22:26:48.941 16915 17092 I MusicSyncHelper: Download list size=0
01-10 22:26:48.941 16915 17092 V MusicSyncHelper: [Performance]Download spend time=0, operation count=0
01-10 22:26:48.944  1059  1059 E libc    : Access denied finding property "ro.hardware.fp.fod"
01-10 22:26:48.944  1059  1059 E libc    : Access denied finding property "ro.hardware.fp.sideCap"
01-10 22:26:48.947 16915 17023 I MultiProcessDataSyncService: getServiceToken: needRefresh:false
01-10 22:26:48.951 16915 17023 I MultiProcessDataSyncService: getServiceToken: mMusicAuthToken false
01-10 22:26:48.957 16915 17094 I RecentAudioSyncer: performDownload(): pageNum = 0, cursor = null, cloud records size = 6, last modified time = 1641824392759
01-10 22:26:48.962  1059  1059 E libc    : Access denied finding property "ro.hardware.fp.fod"
01-10 22:26:48.962  1059  1059 E libc    : Access denied finding property "ro.hardware.fp.sideCap"
01-10 22:26:48.968 16915 17094 V AudioTableManager: [Performance]fill() costs 5, count=0
01-10 22:26:48.972 16915 17094 I RecentAudioSyncer: performDownload(): unmatched local records count = 1
01-10 22:26:48.976  1059  1059 E libc    : Access denied finding property "ro.hardware.fp.fod"
01-10 22:26:48.976  1059  1059 E libc    : Access denied finding property "ro.hardware.fp.sideCap"
01-10 22:26:48.976 16915 17094 I AggregateManager: aggregate cost: 1
01-10 22:26:48.983 16864 16864 I com.miui.player.content.cache.PlaylistCountCache[content://com.miui.player.private/playlists_aAdd receiver com.miui.player.display.loader.builder.SongGroupLoader$PlaylistCountObserver$1@30f8613
01-10 22:26:48.983 16864 16991 I Loader  : load in background
01-10 22:26:48.988 16864 16913 I Loader  : load in background
01-10 22:26:48.988 16915 17092 D IdProviderImpl: getOAID
01-10 22:26:48.994  1059  1059 E libc    : Access denied finding property "ro.hardware.fp.fod"
01-10 22:26:48.994  1059  1059 E libc    : Access denied finding property "ro.hardware.fp.sideCap"
01-10 22:26:48.994 16915 17024 I MultiProcessDataSyncService: getServiceToken: needRefresh:false
01-10 22:26:48.996 16864 16864 E DisplayHelper: resume  the display is already resumed
01-10 22:26:48.996 16864 16864 I LoaderRecyclerView: updateData  change start:1 length:1
01-10 22:26:48.996 16864 16864 I DisplayRecyclerView: findRange  rawStartIndex:1  rawCount:1  isHeader:false  isFooter:false  range:(Begin:1,Count:2)
01-10 22:26:48.996 16864 16864 I DisplayRecyclerView: constructRange  rawStartIndex:1  rawCount:1  isHeader:false  isFooter:false  list size:2
01-10 22:26:48.996 16864 16864 I DisplayFragmentLayout: requestLayout  super.requestLayout
01-10 22:26:48.996 16915 17024 I MultiProcessDataSyncService: getServiceToken: mMusicAuthToken false
01-10 22:26:48.996 16864 16864 I DisplayRecyclerView: notifyRawItemRangeChanged  positionStart:1 itemCount:1 beginIndex:1 deletedCount:2 addedCount:2
01-10 22:26:48.996 16864 16864 I com.miui.player.content.cache.PlaylistCountCache[content://com.miui.player.private/playlists_aAdd receiver com.miui.player.display.loader.builder.SongGroupLoader$PlaylistCountObserver$1@30f8613
01-10 22:26:48.998  2579  2579 D NavBarTintController: onSampleCollected 1.0
01-10 22:26:49.001 16864 16991 D IdProviderImpl: getOAID
01-10 22:26:49.008 16864 16961 I MediaStatHelper: ensureService mConnecting:false, mService:1
01-10 22:26:49.009 16915 17001 I MusicStatService: track
01-10 22:26:49.009 16864 16864 I DisplayRecyclerView: onBindViewHolder position= 1
01-10 22:26:49.010  1059  1059 E libc    : Access denied finding property "ro.hardware.fp.fod"
01-10 22:26:49.010  1059  1059 E libc    : Access denied finding property "ro.hardware.fp.sideCap"
01-10 22:26:49.012 16864 16864 I AbsSwitchImage: ImageViewCompat=null
01-10 22:26:49.015 16864 16864 I DisplayRecyclerView: onBindViewHolder position= 2
01-10 22:26:49.017 16864 16864 I DisplayItemUtils: resetImgUrlWhenLocalGroupEmpty count=0, local_id=100, name= 1hu2hguuYwwikjfguyhhghbhhvhhgybyyuhbghvhbhbhghvvfvb
01-10 22:26:49.017 16864 16864 I DisplayItemUtils: resetImgUrlWhenLocalGroupEmpty count=0, local_id=100, name= 1hu2hguuYwwikjfguyhhghbhhvhhgybyyuhbghvhbhbhghvvfvb
01-10 22:26:49.017 16915 17092 I CloudSyncService: SyncTask: key = SyncerKey{action='com.miui.player.SYNC_PLAYLIST_AUDIOS', playlistId=100, playlistType=0}
01-10 22:26:49.018 16864 16864 I com.miui.player.content.cache.PlaylistCountCache[content://com.miui.player.private/playlists_aAdd receiver com.miui.player.display.view.cell.FavoriteSongGroupListItemCell$3@dbecaac
01-10 22:26:49.024 16864 16864 I FragmentWrapper: draw: no disappearing view
01-10 22:26:49.027  1059  1059 E libc    : Access denied finding property "ro.hardware.fp.fod"
01-10 22:26:49.028  1059  1059 E libc    : Access denied finding property "ro.hardware.fp.sideCap"
01-10 22:26:49.028 16864 16864 W Glide   : Load failed for  with size [120x120]
01-10 22:26:49.028 16864 16864 W Glide   : class com.bumptech.glide.load.engine.GlideException: Failed to load resource
01-10 22:26:49.032 16915 17031 I FavoriteAudioSyncer: performDownload(): pageNum = 0, cursor = null, cloud records size = 0, last modified time = 1567647604099
01-10 22:26:49.032 16915 17031 I CloudUtils: getPlaylistCloudLastModified: - 99, time = 0
01-10 22:26:49.032 16915 17031 I FavoriteAudioSyncer: isNewestInLocal: cloudLastModified = 1567647604099, local store last = 0
01-10 22:26:49.032 16915 17031 I CloudUtils: getPlaylistCloudLastModified: - 99, time = 0
01-10 22:26:49.032 16915 17031 I FavoriteAudioSyncer: isNewestInLocal: cloudLastModified = 1567647604099, local store last = 0
01-10 22:26:49.036 16915 17092 I PlaylistAudioSyncer: performDownload(): localRecords.size = 0
01-10 22:26:49.039 16915 17031 I CloudUtils: setPlaylistCloudLastModified: - 99, time = 1567647604099
01-10 22:26:49.040 16915 17031 I FavoriteAudioSyncer: performDownload(): download object counts = 0
01-10 22:26:49.040 16915 17031 I MusicSyncHelper: Download list size=0
01-10 22:26:49.040 16915 17031 V MusicSyncHelper: [Performance]Download spend time=0, operation count=0
01-10 22:26:49.040 16915 17031 I FavoriteAudioSyncer: performDownload(): unmatched local records count = 0
01-10 22:26:49.040 16915 17031 I MusicSyncHelper: Download list size=0
01-10 22:26:49.040 16915 17031 V MusicSyncHelper: [Performance]Download spend time=0, operation count=0
01-10 22:26:49.042 16915 17031 I FavoriteAudioSyncer: sort mode cloud = 6
01-10 22:26:49.043  1059  1059 E libc    : Access denied finding property "ro.hardware.fp.fod"
01-10 22:26:49.044  1059  1059 E libc    : Access denied finding property "ro.hardware.fp.sideCap"
01-10 22:26:49.045 16915 17093 D IdProviderImpl: getOAID
01-10 22:26:49.047 16915 16948 I PreferenceCache: commit diff: update version, newVersion=1059000
01-10 22:26:49.049 16864 17075 I com.miui.player.content.cache.PlaylistCountCache[content://com.miui.player.private/playlists_aStart to load in background
01-10 22:26:49.049 16864 17083 I com.miui.player.content.cache.FavoritePlaylistCountCache[content://com.miui.player.private/plaStart to load in background
01-10 22:26:49.049 16864 17075 E PreferenceCache: await: mv=1058000,  dbV=1059000
01-10 22:26:49.050 16864 16893 I PreferenceCache: handle change: update load background
01-10 22:26:49.050 16915 17023 I MultiProcessDataSyncService: getServiceToken: needRefresh:false
01-10 22:26:49.052 16915 17023 I MultiProcessDataSyncService: getServiceToken: mMusicAuthToken false
01-10 22:26:49.053   998   998 V DisplayFeatureHal: dataCallback value=<  36.3951,   0.0000,   0.0000>,time=23973781071523, sensor=5, temperature(K)=   0.0000
01-10 22:26:49.061  1059  1059 E libc    : Access denied finding property "ro.hardware.fp.fod"
01-10 22:26:49.061  1059  1059 E libc    : Access denied finding property "ro.hardware.fp.sideCap"
01-10 22:26:49.077  1059  1059 E libc    : Access denied finding property "ro.hardware.fp.fod"
01-10 22:26:49.078  1059  1059 E libc    : Access denied finding property "ro.hardware.fp.sideCap"
01-10 22:26:49.081 16915 17031 I CloudUtils: getPlaylistCloudLastModified: - 99, time = 1567647604099
01-10 22:26:49.081 16915 17031 I FavoriteAudioSyncer: isNewestInLocal: cloudLastModified = 1567647604099, local store last = 1567647604099
01-10 22:26:49.093  1059  1059 E libc    : Access denied finding property "ro.hardware.fp.fod"
01-10 22:26:49.093 16864 17083 I com.miui.player.content.cache.FavoritePlaylistCountCache[content://com.miui.player.private/plaFinish to load in background, size = 5
01-10 22:26:49.093  1059  1059 E libc    : Access denied finding property "ro.hardware.fp.sideCap"
01-10 22:26:49.095 16864 16864 I com.miui.player.content.cache.FavoritePlaylistCountCache[content://com.miui.player.private/plaUpdate Cache version to 2
01-10 22:26:49.106 16864 17075 I AggregateManager: aggregate cost: 0
01-10 22:26:49.110  1059  1059 E libc    : Access denied finding property "ro.hardware.fp.fod"
01-10 22:26:49.110  1059  1059 E libc    : Access denied finding property "ro.hardware.fp.sideCap"
01-10 22:26:49.112 16864 16864 I DisplayFragmentLayout: requestLayout  super.requestLayout
01-10 22:26:49.114 16915 17094 W System.err: java.lang.NullPointerException: Attempt to invoke interface method 'java.util.Iterator java.util.List.iterator()' on a null object reference
01-10 22:26:49.114  2579  2579 D NavBarTintController: onSampleCollected 1.0
01-10 22:26:49.114 16915 17094 W System.err: 	at com.xiaomi.music.cloud.CloudCommand.findResult(CloudCommand.java:52)
01-10 22:26:49.114 16915 17094 W System.err: 	at com.xiaomi.music.cloud.impl.command.UpdateRecentAudioCommand.execute(UpdateRecentAudioCommand.java:62)
01-10 22:26:49.114 16915 17094 W System.err: 	at com.xiaomi.music.cloud.impl.CloudEngineImpl.applyBatch(CloudEngineImpl.java:175)
01-10 22:26:49.114 16915 17094 W System.err: 	at com.xiaomi.music.cloud.RecentAudioSyncer.performUpload(RecentAudioSyncer.java:108)
01-10 22:26:49.114 16915 17094 W System.err: 	at com.xiaomi.music.cloud.CloudSyncer.performSync(CloudSyncer.java:40)
01-10 22:26:49.114 16915 17094 W System.err: 	at com.xiaomi.music.cloud.RecentAudioSyncer.performSync(RecentAudioSyncer.java:61)
01-10 22:26:49.114 16915 17094 W System.err: 	at com.xiaomi.music.cloud.CloudSyncService$SyncTask.doInBackground(CloudSyncService.java:201)
01-10 22:26:49.114 16915 17094 W System.err: 	at com.xiaomi.music.cloud.CloudSyncService$SyncTask.doInBackground(CloudSyncService.java:189)
01-10 22:26:49.114 16915 17094 W System.err: 	at com.xiaomi.music.util.AsyncTaskExecutor$LightAsyncTask$1.run(AsyncTaskExecutor.java:112)
01-10 22:26:49.114 16915 17094 W System.err: 	at java.util.concurrent.ThreadPoolExecutor.runWorker(ThreadPoolExecutor.java:1167)
01-10 22:26:49.115 16915 17094 W System.err: 	at java.util.concurrent.ThreadPoolExecutor$Worker.run(ThreadPoolExecutor.java:641)
01-10 22:26:49.115 16915 17094 W System.err: 	at java.lang.Thread.run(Thread.java:919)
01-10 22:26:49.115 16915 17094 I RecentAudioSyncer: upload fail....
01-10 22:26:49.119 16864 17075 I com.miui.player.content.cache.PlaylistCountCache[content://com.miui.player.private/playlists_aFinish to load in background, size = 2
01-10 22:26:49.127  1059  1059 E libc    : Access denied finding property "ro.hardware.fp.fod"
01-10 22:26:49.127  1059  1059 E libc    : Access denied finding property "ro.hardware.fp.sideCap"
01-10 22:26:49.127 16864 16864 I FragmentWrapper: draw: no disappearing view
01-10 22:26:49.132 16864 16864 I com.miui.player.content.cache.PlaylistCountCache[content://com.miui.player.private/playlists_aUpdate Cache version to 2
01-10 22:26:49.132 16864 16864 I DisplayFragmentLayout: requestLayout  super.requestLayout
01-10 22:26:49.135 16864 16864 E Volley_DataLoaderImpl: removeContainerAndCancelIfNecessary remove a wrong container
01-10 22:26:49.135 16864 16864 W System.err: java.lang.Exception: Stack trace
01-10 22:26:49.135 16864 16864 W System.err: 	at java.lang.Thread.dumpStack(Thread.java:1513)
01-10 22:26:49.135 16864 16864 W System.err: 	at com.xiaomi.music.volleywrapper.toolbox.DataLoaderImpl$BatchedDataRequest.removeContainerAndCancelIfNecessary(DataLoaderImpl.java:452)
01-10 22:26:49.135 16864 16864 W System.err: 	at com.xiaomi.music.volleywrapper.toolbox.DataLoaderImpl$DataContainerImpl.cancelRequest(DataLoaderImpl.java:350)
01-10 22:26:49.135 16864 16864 W System.err: 	at com.xiaomi.music.volleywrapper.toolbox.ImageBuilder.tryToCancelRequest(ImageBuilder.java:179)
01-10 22:26:49.135 16864 16864 W System.err: 	at com.xiaomi.music.volleywrapper.toolbox.ImageBuilder.build(ImageBuilder.java:152)
01-10 22:26:49.135 16864 16864 W System.err: 	at com.miui.player.view.NetworkSwitchImage.loadImageIfNecessary(NetworkSwitchImage.java:351)
01-10 22:26:49.135 16864 16864 W System.err: 	at com.miui.player.view.NetworkSwitchImage.setLocalUrl(NetworkSwitchImage.java:216)
01-10 22:26:49.135 16864 16864 W System.err: 	at com.miui.player.view.NetworkSwitchImage.setUrl(NetworkSwitchImage.java:263)
01-10 22:26:49.135 16864 16864 W System.err: 	at com.miui.player.view.NetworkSwitchImage.setUrl(NetworkSwitchImage.java:248)
01-10 22:26:49.135 16864 16864 W System.err: 	at com.miui.player.view.NetworkSwitchImage.setUrl(NetworkSwitchImage.java:232)
01-10 22:26:49.136 16864 16864 W System.err: 	at com.miui.player.view.NetworkSwitchImage.setUrl(NetworkSwitchImage.java:227)
01-10 22:26:49.135 16915 17092 I PlaylistAudioSyncer: performDownload(): pageNum = 0, cursor = null, cloud records size = 0, last modified time = 1567647604099
01-10 22:26:49.136 16864 16864 W System.err: 	at com.miui.player.view.NetworkSwitchImage.setUrl(NetworkSwitchImage.java:222)
01-10 22:26:49.136 16864 16864 W System.err: 	at com.miui.player.display.view.cell.FavoriteSongGroupListItemCell.updateCount(FavoriteSongGroupListItemCell.java:429)
01-10 22:26:49.136 16864 16864 W System.err: 	at com.miui.player.display.view.cell.FavoriteSongGroupListItemCell.access$1100(FavoriteSongGroupListItemCell.java:78)
01-10 22:26:49.136 16915 17092 I CloudUtils: getPlaylistCloudLastModified: - 5fea8c37f76944049fcf49fce1c9e509, time = 1567647604099
01-10 22:26:49.136 16864 16864 W System.err: 	at com.miui.player.display.view.cell.FavoriteSongGroupListItemCell$3.onReceive(FavoriteSongGroupListItemCell.java:391)
01-10 22:26:49.136 16915 17092 I PlaylistAudioSyncer: isNewestInLocal: cloudLastModified = 1567647604099, local store last = 1567647604099
01-10 22:26:49.136 16864 16864 W System.err: 	at android.app.LoadedApk$ReceiverDispatcher$Args.lambda$getRunnable$0$LoadedApk$ReceiverDispatcher$Args(LoadedApk.java:1556)
01-10 22:26:49.136 16864 16864 W System.err: 	at android.app.-$$Lambda$LoadedApk$ReceiverDispatcher$Args$_BumDX2UKsnxLVrE6UJsJZkotuA.run(Unknown Source:2)
01-10 22:26:49.136 16864 16864 W System.err: 	at android.os.Handler.handleCallback(Handler.java:914)
01-10 22:26:49.136 16864 16864 W System.err: 	at android.os.Handler.dispatchMessage(Handler.java:100)
01-10 22:26:49.136 16864 16864 W System.err: 	at android.os.Looper.loop(Looper.java:228)
01-10 22:26:49.136 16864 16864 W System.err: 	at android.app.ActivityThread.main(ActivityThread.java:7589)
01-10 22:26:49.136 16864 16864 W System.err: 	at java.lang.reflect.Method.invoke(Native Method)
01-10 22:26:49.136 16864 16864 W System.err: 	at com.android.internal.os.RuntimeInit$MethodAndArgsCaller.run(RuntimeInit.java:539)
01-10 22:26:49.136 16864 16864 W System.err: 	at com.android.internal.os.ZygoteInit.main(ZygoteInit.java:953)
01-10 22:26:49.137 16864 16864 E Volley_DataLoaderImpl: removeContainerAndCancelIfNecessary remove a wrong container
01-10 22:26:49.138 16864 16864 W System.err: java.lang.Exception: Stack trace
01-10 22:26:49.138 16864 16864 W System.err: 	at java.lang.Thread.dumpStack(Thread.java:1513)
01-10 22:26:49.138 16864 16864 W System.err: 	at com.xiaomi.music.volleywrapper.toolbox.DataLoaderImpl$BatchedDataRequest.removeContainerAndCancelIfNecessary(DataLoaderImpl.java:452)
01-10 22:26:49.138 16864 16864 W System.err: 	at com.xiaomi.music.volleywrapper.toolbox.DataLoaderImpl$DataContainerImpl.cancelRequest(DataLoaderImpl.java:350)
01-10 22:26:49.138 16864 16864 W System.err: 	at com.xiaomi.music.volleywrapper.toolbox.ImageBuilder.tryToCancelRequest(ImageBuilder.java:179)
01-10 22:26:49.138 16864 16864 W System.err: 	at com.xiaomi.music.volleywrapper.toolbox.ImageBuilder.build(ImageBuilder.java:152)
01-10 22:26:49.138 16864 16864 W System.err: 	at com.miui.player.view.NetworkSwitchImage.loadImageIfNecessary(NetworkSwitchImage.java:351)
01-10 22:26:49.138 16864 16864 W System.err: 	at com.miui.player.view.NetworkSwitchImage.setLocalUrl(NetworkSwitchImage.java:216)
01-10 22:26:49.138 16864 16864 W System.err: 	at com.miui.player.view.NetworkSwitchImage.setUrl(NetworkSwitchImage.java:263)
01-10 22:26:49.138 16864 16864 W System.err: 	at com.miui.player.view.NetworkSwitchImage.setUrl(NetworkSwitchImage.java:248)
01-10 22:26:49.138 16864 16864 W System.err: 	at com.miui.player.view.NetworkSwitchImage.setUrl(NetworkSwitchImage.java:232)
01-10 22:26:49.138 16864 16864 W System.err: 	at com.miui.player.view.NetworkSwitchImage.setUrl(NetworkSwitchImage.java:227)
01-10 22:26:49.139 16864 16864 W System.err: 	at com.miui.player.view.NetworkSwitchImage.setUrl(NetworkSwitchImage.java:222)
01-10 22:26:49.139 16864 16864 W System.err: 	at com.miui.player.display.view.cell.FavoriteSongGroupListItemCell.updateCount(FavoriteSongGroupListItemCell.java:429)
01-10 22:26:49.139 16864 16864 W System.err: 	at com.miui.player.display.view.cell.FavoriteSongGroupListItemCell.access$1100(FavoriteSongGroupListItemCell.java:78)
01-10 22:26:49.139 16864 16864 W System.err: 	at com.miui.player.display.view.cell.FavoriteSongGroupListItemCell$3.onReceive(FavoriteSongGroupListItemCell.java:391)
01-10 22:26:49.139 16864 16864 W System.err: 	at android.app.LoadedApk$ReceiverDispatcher$Args.lambda$getRunnable$0$LoadedApk$ReceiverDispatcher$Args(LoadedApk.java:1556)
01-10 22:26:49.139 16864 16864 W System.err: 	at android.app.-$$Lambda$LoadedApk$ReceiverDispatcher$Args$_BumDX2UKsnxLVrE6UJsJZkotuA.run(Unknown Source:2)
01-10 22:26:49.139 16864 16864 W System.err: 	at android.os.Handler.handleCallback(Handler.java:914)
01-10 22:26:49.139 16864 16864 W System.err: 	at android.os.Handler.dispatchMessage(Handler.java:100)
01-10 22:26:49.139 16864 16864 W System.err: 	at android.os.Looper.loop(Looper.java:228)
01-10 22:26:49.139 16864 16864 W System.err: 	at android.app.ActivityThread.main(ActivityThread.java:7589)
01-10 22:26:49.139 16864 16864 W System.err: 	at java.lang.reflect.Method.invoke(Native Method)
01-10 22:26:49.139 16864 16864 W System.err: 	at com.android.internal.os.RuntimeInit$MethodAndArgsCaller.run(RuntimeInit.java:539)
01-10 22:26:49.139 16864 16864 W System.err: 	at com.android.internal.os.ZygoteInit.main(ZygoteInit.java:953)
01-10 22:26:49.142  1059  1059 E libc    : Access denied finding property "ro.hardware.fp.fod"
01-10 22:26:49.143  1059  1059 E libc    : Access denied finding property "ro.hardware.fp.sideCap"
01-10 22:26:49.143 16864 16864 I FragmentWrapper: draw: no disappearing view
01-10 22:26:49.143 16915 17092 I CloudUtils: getPlaylistCloudLastModified: - 5fea8c37f76944049fcf49fce1c9e509, time = 1567647604099
01-10 22:26:49.143 16915 17092 I PlaylistAudioSyncer: isNewestInLocal: cloudLastModified = 1567647604099, local store last = 1567647604099
01-10 22:26:49.146 16864 16864 I DisplayFragmentLayout: requestLayout  super.requestLayout
01-10 22:26:49.146 16864 16864 E Volley_DataLoaderImpl: removeContainerAndCancelIfNecessary remove a wrong container
01-10 22:26:49.146 16864 16864 W System.err: java.lang.Exception: Stack trace
01-10 22:26:49.146 16864 16864 W System.err: 	at java.lang.Thread.dumpStack(Thread.java:1513)
01-10 22:26:49.146 16864 16864 W System.err: 	at com.xiaomi.music.volleywrapper.toolbox.DataLoaderImpl$BatchedDataRequest.removeContainerAndCancelIfNecessary(DataLoaderImpl.java:452)
01-10 22:26:49.146 16864 16864 W System.err: 	at com.xiaomi.music.volleywrapper.toolbox.DataLoaderImpl$DataContainerImpl.cancelRequest(DataLoaderImpl.java:350)
01-10 22:26:49.146 16864 16864 W System.err: 	at com.xiaomi.music.volleywrapper.toolbox.ImageBuilder.tryToCancelRequest(ImageBuilder.java:179)
01-10 22:26:49.146 16864 16864 W System.err: 	at com.xiaomi.music.volleywrapper.toolbox.ImageBuilder.build(ImageBuilder.java:152)
01-10 22:26:49.146 16864 16864 W System.err: 	at com.miui.player.view.NetworkSwitchImage.loadImageIfNecessary(NetworkSwitchImage.java:351)
01-10 22:26:49.147 16864 16864 W System.err: 	at com.miui.player.view.NetworkSwitchImage.setLocalUrl(NetworkSwitchImage.java:216)
01-10 22:26:49.147 16864 16864 W System.err: 	at com.miui.player.view.NetworkSwitchImage.setUrl(NetworkSwitchImage.java:263)
01-10 22:26:49.147 16864 16864 W System.err: 	at com.miui.player.view.NetworkSwitchImage.setUrl(NetworkSwitchImage.java:248)
01-10 22:26:49.147 16864 16864 W System.err: 	at com.miui.player.view.NetworkSwitchImage.setUrl(NetworkSwitchImage.java:232)
01-10 22:26:49.147 16864 16864 W System.err: 	at com.miui.player.view.NetworkSwitchImage.setUrl(NetworkSwitchImage.java:227)
01-10 22:26:49.147 16864 16864 W System.err: 	at com.miui.player.view.NetworkSwitchImage.setUrl(NetworkSwitchImage.java:222)
01-10 22:26:49.147 16864 16864 W System.err: 	at com.miui.player.display.view.cell.FavoriteSongGroupListItemCell.updateCount(FavoriteSongGroupListItemCell.java:429)
01-10 22:26:49.147 16864 16864 W System.err: 	at com.miui.player.display.view.cell.FavoriteSongGroupListItemCell.access$1100(FavoriteSongGroupListItemCell.java:78)
01-10 22:26:49.147 16864 16864 W System.err: 	at com.miui.player.display.view.cell.FavoriteSongGroupListItemCell$3.onReceive(FavoriteSongGroupListItemCell.java:391)
01-10 22:26:49.147 16864 16864 W System.err: 	at android.app.LoadedApk$ReceiverDispatcher$Args.lambda$getRunnable$0$LoadedApk$ReceiverDispatcher$Args(LoadedApk.java:1556)
01-10 22:26:49.147 16864 16864 W System.err: 	at android.app.-$$Lambda$LoadedApk$ReceiverDispatcher$Args$_BumDX2UKsnxLVrE6UJsJZkotuA.run(Unknown Source:2)
01-10 22:26:49.147 16864 16864 W System.err: 	at android.os.Handler.handleCallback(Handler.java:914)
01-10 22:26:49.147 16864 16864 W System.err: 	at android.os.Handler.dispatchMessage(Handler.java:100)
01-10 22:26:49.147 16864 16864 W System.err: 	at android.os.Looper.loop(Looper.java:228)
01-10 22:26:49.147 16864 16864 W System.err: 	at android.app.ActivityThread.main(ActivityThread.java:7589)
01-10 22:26:49.147 16864 16864 W System.err: 	at java.lang.reflect.Method.invoke(Native Method)
01-10 22:26:49.147 16864 16864 W System.err: 	at com.android.internal.os.RuntimeInit$MethodAndArgsCaller.run(RuntimeInit.java:539)
01-10 22:26:49.147 16864 16864 W System.err: 	at com.android.internal.os.ZygoteInit.main(ZygoteInit.java:953)
01-10 22:26:49.154 16864 16988 E FileRequestHandler: status code=404, url=playlist_icon://com.miui.player?data=102&width=235&height=235&localOnly=false&cache_in_local=true&date_modified=1567647604
01-10 22:26:49.154 16864 16988 V FileRequestHandler: [Performance]perform request response=null, cost 17
01-10 22:26:49.154 16864 16988 E CompositeRequestHandler: performRequest 
01-10 22:26:49.154 16864 16988 E CompositeRequestHandler: java.io.IOException: status code=404, url=playlist_icon://com.miui.player?data=102&width=235&height=235&localOnly=false&cache_in_local=true&date_modified=1567647604
01-10 22:26:49.154 16864 16988 E CompositeRequestHandler: 	at com.xiaomi.music.volleywrapper.toolbox.handlers.FileRequestHandler.performRequestInternal(FileRequestHandler.java:282)
01-10 22:26:49.154 16864 16988 E CompositeRequestHandler: 	at com.xiaomi.music.volleywrapper.toolbox.handlers.FileRequestHandler.performRequest(FileRequestHandler.java:170)
01-10 22:26:49.154 16864 16988 E CompositeRequestHandler: 	at com.xiaomi.music.volleywrapper.CompositeRequestHandler.performRequest(CompositeRequestHandler.java:48)
01-10 22:26:49.154 16864 16988 E CompositeRequestHandler: 	at com.xiaomi.music.volleywrapper.ObjectHttpStack.performRequest(ObjectHttpStack.java:40)
01-10 22:26:49.154 16864 16988 E CompositeRequestHandler: 	at com.android.volley.toolbox.BasicNetwork.performRequest(BasicNetwork.java:96)
01-10 22:26:49.154 16864 16988 E CompositeRequestHandler: 	at com.android.volley.NetworkDispatcher.handleNext(NetworkDispatcher.java:143)
01-10 22:26:49.154 16864 16988 E CompositeRequestHandler: 	at com.android.volley.NetworkDispatcher.run(NetworkDispatcher.java:96)
01-10 22:26:49.154 16864 16989 E FileRequestHandler: status code=404, url=playlist_icon://com.miui.player?data=101&width=235&height=235&localOnly=false&cache_in_local=true&date_modified=1567647604
01-10 22:26:49.154 16864 16989 V FileRequestHandler: [Performance]perform request response=null, cost 19
01-10 22:26:49.155 16864 16989 E CompositeRequestHandler: performRequest 
01-10 22:26:49.155 16864 16989 E CompositeRequestHandler: java.io.IOException: status code=404, url=playlist_icon://com.miui.player?data=101&width=235&height=235&localOnly=false&cache_in_local=true&date_modified=1567647604
01-10 22:26:49.155 16864 16989 E CompositeRequestHandler: 	at com.xiaomi.music.volleywrapper.toolbox.handlers.FileRequestHandler.performRequestInternal(FileRequestHandler.java:282)
01-10 22:26:49.155 16864 16989 E CompositeRequestHandler: 	at com.xiaomi.music.volleywrapper.toolbox.handlers.FileRequestHandler.performRequest(FileRequestHandler.java:170)
01-10 22:26:49.155 16864 16989 E CompositeRequestHandler: 	at com.xiaomi.music.volleywrapper.CompositeRequestHandler.performRequest(CompositeRequestHandler.java:48)
01-10 22:26:49.155 16864 16989 E CompositeRequestHandler: 	at com.xiaomi.music.volleywrapper.ObjectHttpStack.performRequest(ObjectHttpStack.java:40)
01-10 22:26:49.155 16864 16989 E CompositeRequestHandler: 	at com.android.volley.toolbox.BasicNetwork.performRequest(BasicNetwork.java:96)
01-10 22:26:49.155 16864 16989 E CompositeRequestHandler: 	at com.android.volley.NetworkDispatcher.handleNext(NetworkDispatcher.java:143)
01-10 22:26:49.155 16864 16989 E CompositeRequestHandler: 	at com.android.volley.NetworkDispatcher.run(NetworkDispatcher.java:96)
01-10 22:26:49.156   559   559 E SELinux : avc:  denied  { find } for interface=vendor.qti.hardware.servicetracker::IServicetracker sid=u:r:system_server:s0 pid=1582 scontext=u:r:system_server:s0 tcontext=u:object_r:default_android_hwservice:s0 tclass=hwservice_manager permissive=0
01-10 22:26:49.160 16864 16864 I FragmentWrapper: draw: no disappearing view
01-10 22:26:49.160  1059  1059 E libc    : Access denied finding property "ro.hardware.fp.fod"
01-10 22:26:49.160  1059  1059 E libc    : Access denied finding property "ro.hardware.fp.sideCap"
01-10 22:26:49.162 16864 16864 I FavoriteCoverHelper: songList is empty, return!
01-10 22:26:49.171 16864 16988 E FileRequestHandler: status code=404, url=playlist_icon://com.miui.player?data=103&width=235&height=235&localOnly=false&cache_in_local=true&date_modified=1567647604
01-10 22:26:49.171 16864 16988 V FileRequestHandler: [Performance]perform request response=null, cost 17
01-10 22:26:49.171 16864 16988 E CompositeRequestHandler: performRequest 
01-10 22:26:49.171 16864 16988 E CompositeRequestHandler: java.io.IOException: status code=404, url=playlist_icon://com.miui.player?data=103&width=235&height=235&localOnly=false&cache_in_local=true&date_modified=1567647604
01-10 22:26:49.171 16864 16988 E CompositeRequestHandler: 	at com.xiaomi.music.volleywrapper.toolbox.handlers.FileRequestHandler.performRequestInternal(FileRequestHandler.java:282)
01-10 22:26:49.171 16864 16988 E CompositeRequestHandler: 	at com.xiaomi.music.volleywrapper.toolbox.handlers.FileRequestHandler.performRequest(FileRequestHandler.java:170)
01-10 22:26:49.171 16864 16988 E CompositeRequestHandler: 	at com.xiaomi.music.volleywrapper.CompositeRequestHandler.performRequest(CompositeRequestHandler.java:48)
01-10 22:26:49.171 16864 16988 E CompositeRequestHandler: 	at com.xiaomi.music.volleywrapper.ObjectHttpStack.performRequest(ObjectHttpStack.java:40)
01-10 22:26:49.171 16864 16988 E CompositeRequestHandler: 	at com.android.volley.toolbox.BasicNetwork.performRequest(BasicNetwork.java:96)
01-10 22:26:49.171 16864 16988 E CompositeRequestHandler: 	at com.android.volley.NetworkDispatcher.handleNext(NetworkDispatcher.java:143)
01-10 22:26:49.171 16864 16988 E CompositeRequestHandler: 	at com.android.volley.NetworkDispatcher.run(NetworkDispatcher.java:96)
01-10 22:26:49.177  1059  1059 E libc    : Access denied finding property "ro.hardware.fp.fod"
01-10 22:26:49.177  1059  1059 E libc    : Access denied finding property "ro.hardware.fp.sideCap"
01-10 22:26:49.193  1059  1059 E libc    : Access denied finding property "ro.hardware.fp.fod"
01-10 22:26:49.193  1059  1059 E libc    : Access denied finding property "ro.hardware.fp.sideCap"
01-10 22:26:49.198  2579  2579 D SignalClusterView: updateMobileTypeImage  0
01-10 22:26:49.208  2579  2579 D SignalClusterView: updateMobileTypeImage  0
01-10 22:26:49.202  1059  1059 W surfaceflinger: type=1400 audit(0.0:550155): avc: denied { read } for name="u:object_r:vendor_fp_prop:s0" dev="tmpfs" ino=15712 scontext=u:r:surfaceflinger:s0 tcontext=u:object_r:vendor_fp_prop:s0 tclass=file permissive=0
