01-10 22:26:48.137 16915 16941 I MultiProcessDataSyncService: getServiceToken: mMusicAuthToken false
01-10 22:26:48.139 16864 16864 I FavoriteCoverHelper: songList is empty, return!
01-10 22:26:48.139 16864 16864 I com.miui.player.content.cache.FavoritePlaylistCountCache[content://com.miui.player.private/plaUpdate Cache version to 1
01-10 22:26:48.143  1059  1059 E libc    : Access denied finding property "ro.hardware.fp.fod"
01-10 22:26:48.143  1059  1059 E libc    : Access denied finding property "ro.hardware.fp.sideCap"
01-10 22:26:48.144 16864 16864 I com.miui.player.content.cache.PlayHistoryCountCache[content://com.miui.player.private/play_hisUpdate Cache version to 1
01-10 22:26:48.144 16864 16864 W Glide   : Load failed for  with size [120x120]
01-10 22:26:48.144 16864 16864 W Glide   : class com.bumptech.glide.load.engine.GlideException: Failed to load resource
01-10 22:26:48.145 16864 16864 I com.miui.player.content.cache.FMCountCache[no uri]: Update Cache version to 1
01-10 22:26:48.148 16864 16864 I MultiChoiceFrameLayoutCard: VideoFeedLoaderContaineronBindItem
01-10 22:26:48.156 16864 16864 I chatty  : uid=10090(com.miui.player) identical 4 lines
01-10 22:26:48.157 16864 16864 I MultiChoiceFrameLayoutCard: VideoFeedLoaderContaineronBindItem
01-10 22:26:48.160 16864 16864 E DisplayHelper: pause  the display is not resumed
01-10 22:26:48.160 16864 16864 I chatty  : uid=10090(com.miui.player) identical 4 lines
01-10 22:26:48.160 16864 16864 E DisplayHelper: pause  the display is not resumed
01-10 22:26:48.161 16864 16864 I DisplayRecyclerView: onBindViewHolder position= 1
01-10 22:26:48.162 16864 16864 I AbsSwitchImage: ImageViewCompat=null
01-10 22:26:48.165  2579  2579 D SignalClusterView: updateMobileTypeImage  0
01-10 22:26:48.165 16864 16864 I DisplayRecyclerView: onBindViewHolder position= 2
01-10 22:26:48.166 16864 16864 I DisplayItemUtils: resetImgUrlWhenLocalGroupEmpty count=0, local_id=100, name= 1hu2hguuYwwikjfguyhhghbhhvhhgybyyuhbghvhbhbhghvvfvb
01-10 22:26:48.166 16864 16864 I DisplayItemUtils: resetImgUrlWhenLocalGroupEmpty count=0, local_id=100, name= 1hu2hguuYwwikjfguyhhghbhhvhhgybyyuhbghvhbhbhghvvfvb
01-10 22:26:48.168 16915 17019 I CloudSyncService: SyncTask: key = SyncerKey{action='com.miui.player.SYNC_PLAYLIST_AUDIOS', playlistId=100, playlistType=0}
01-10 22:26:48.171 16864 16864 I DisplayRecyclerView: onBindViewHolder position= 5
01-10 22:26:48.173 16864 16864 I AbsSwitchImage: ImageViewCompat=null
01-10 22:26:48.174 16864 16864 I DisplayRecyclerView: onBindViewHolder position= 6
01-10 22:26:48.174  2579  2579 D SignalClusterView: updateMobileTypeImage  0
01-10 22:26:48.175 16915 17019 I PlaylistAudioSyncer: performDownload(): localRecords.size = 0
01-10 22:26:48.176 16864 16864 I AbsSwitchImage: ImageViewCompat=null
01-10 22:26:48.177 16864 16864 I DisplayRecyclerView: onBindViewHolder position= 7
01-10 22:26:48.178 16915 17032 D IdProviderImpl: getOAID
01-10 22:26:48.179 16864 16864 I AbsSwitchImage: ImageViewCompat=null
01-10 22:26:48.180 16864 16864 I DisplayRecyclerView: onBindViewHolder position= 8
01-10 22:26:48.181 16915 17023 I MultiProcessDataSyncService: getServiceToken: needRefresh:false
01-10 22:26:48.181 16915 17023 I MultiProcessDataSyncService: getServiceToken: mMusicAuthToken false
01-10 22:26:48.184 16864 16864 I DisplayRecyclerView: onBindViewHolder position= 0
01-10 22:26:48.188 16864 16864 I AbsSwitchImage: ImageViewCompat=null
01-10 22:26:48.191 16864 16864 I AbsSwitchImage: ImageViewCompat=null
01-10 22:26:48.182  1059  1059 W surfaceflinger: type=1400 audit(0.0:550049): avc: denied { read } for name="u:object_r:vendor_fp_prop:s0" dev="tmpfs" ino=15712 scontext=u:r:surfaceflinger:s0 tcontext=u:object_r:vendor_fp_prop:s0 tclass=file permissive=0
01-10 22:26:48.192  1059  1059 E libc    : Access denied finding property "ro.hardware.fp.fod"
01-10 22:26:48.193  1059  1059 E libc    : Access denied finding property "ro.hardware.fp.sideCap"
01-10 22:26:48.193 16864 16864 I AbsSwitchImage: ImageViewCompat=null
01-10 22:26:48.182  1059  1059 W surfaceflinger: type=1400 audit(0.0:550050): avc: denied { read } for name="u:object_r:vendor_fp_prop:s0" dev="tmpfs" ino=15712 scontext=u:r:surfaceflinger:s0 tcontext=u:object_r:vendor_fp_prop:s0 tclass=file permissive=0
01-10 22:26:48.194 16864 16864 I AbsSwitchImage: ImageViewCompat=null
01-10 22:26:48.207 16864 16864 I chatty  : uid=10090(com.miui.player) identical 6 lines
01-10 22:26:48.208 16864 16864 I AbsSwitchImage: ImageViewCompat=null
01-10 22:26:48.211 16864 16864 E DisplayHelper: pause  the display is not resumed
01-10 22:26:48.211 16864 16864 E DisplayHelper: pause  the display is not resumed
01-10 22:26:48.211 16864 16864 E DisplayHelper: resume  the display is already resumed
01-10 22:26:48.211 16864 16864 E DisplayHelper: pause  the display is not resumed
01-10 22:26:48.211 16864 16864 I chatty  : uid=10090(com.miui.player) identical 1 line
01-10 22:26:48.211 16864 16864 E DisplayHelper: pause  the display is not resumed
01-10 22:26:48.213 16864 16864 I DisplayRecyclerView: onBindViewHolder position= 1
01-10 22:26:48.214 16864 16864 I DisplayRecyclerView: onBindViewHolder position= 2
01-10 22:26:48.216 16864 16864 I AbsSwitchImage: ImageViewCompat=null
01-10 22:26:48.219 16864 16864 I MediaPlaybackServiceProxy: addPlayChangedListener listener count is 4
01-10 22:26:48.220 16864 16864 I AbsSwitchImage: ImageViewCompat=null
01-10 22:26:48.220   998   998 V DisplayFeatureHal: dataCallback value=<  37.2617,   0.0000,   0.0000>,time=23972947739909, sensor=5, temperature(K)=   0.0000
01-10 22:26:48.221 16864 16864 I MediaPlaybackServiceProxy: addPlayChangedListener listener count is 5
01-10 22:26:48.222 16864 16864 I AbsSwitchImage: ImageViewCompat=null
01-10 22:26:48.223 16864 16864 I MediaPlaybackServiceProxy: addPlayChangedListener listener count is 6
01-10 22:26:48.229 16864 16864 I DisplayRecyclerView: onBindViewHolder position= 3
01-10 22:26:48.230 16864 16864 I AbsSwitchImage: ImageViewCompat=null
01-10 22:26:48.232 16864 16864 I MediaPlaybackServiceProxy: addPlayChangedListener listener count is 7
01-10 22:26:48.233 16864 16864 I AbsSwitchImage: ImageViewCompat=null
01-10 22:26:48.234 16864 16864 I MediaPlaybackServiceProxy: addPlayChangedListener listener count is 8
01-10 22:26:48.234 16864 16864 I AbsSwitchImage: ImageViewCompat=null
01-10 22:26:48.235 16864 16864 I MediaPlaybackServiceProxy: addPlayChangedListener listener count is 9
01-10 22:26:48.238 16864 16864 I DisplayRecyclerView: onBindViewHolder position= 4
01-10 22:26:48.240 16864 16864 I DisplayRecyclerView: onBindViewHolder position= 5
01-10 22:26:48.241 16864 16864 I DisplayRecyclerView: onBindViewHolder position= 6
01-10 22:26:48.242 16864 16864 I AbsSwitchImage: ImageViewCompat=null
01-10 22:26:48.243 16864 16864 I MediaPlaybackServiceProxy: addPlayChangedListener listener count is 10
01-10 22:26:48.244 16864 16864 I AbsSwitchImage: ImageViewCompat=null
01-10 22:26:48.245 16864 16864 I MediaPlaybackServiceProxy: addPlayChangedListener listener count is 11
01-10 22:26:48.245 16864 16864 I AbsSwitchImage: ImageViewCompat=null
01-10 22:26:48.246 16864 16864 I MediaPlaybackServiceProxy: addPlayChangedListener listener count is 12
01-10 22:26:48.249 16864 16864 I FragmentWrapper: draw: no disappearing view
01-10 22:26:48.250 16864 16864 W Loader  : error code=-24 error=com.android.volley.CacheMissError: request use cache only strategy, but there is no cache hit
01-10 22:26:48.251 16864 16864 I LoaderContainer: mLoader.onLoadStateChagned 2
01-10 22:26:48.251 16864 16864 W Loader  : error code=-24 error=com.android.volley.CacheMissError: request use cache only strategy, but there is no cache hit
01-10 22:26:48.251 16864 16864 I LoaderContainer: mLoader.onLoadStateChagned 2
01-10 22:26:48.251 16864 16864 I com.miui.player.content.cache.FavoriteVideoCountCache[no uri]: Update Cache version to 1
01-10 22:26:48.252 16864 16864 I DisplayFragmentLayout: requestLayout  super.requestLayout
01-10 22:26:48.252 16864 16991 D IdProviderImpl: getOAID
01-10 22:26:48.254 16864 16991 D IdProviderImpl: getOAID
01-10 22:26:48.254  2579  2579 D NavBarTintController: onSampleCollected 1.0
01-10 22:26:48.255 16864 16864 I LoaderContainer: mLoader.onLoadStateChagned 4
01-10 22:26:48.257 16864 16961 I MediaStatHelper: ensureService mConnecting:false, mService:1
01-10 22:26:48.258 16915 16941 I MusicStatService: track
01-10 22:26:48.252  1059  1059 W surfaceflinger: type=1400 audit(0.0:550051): avc: denied { read } for name="u:object_r:vendor_fp_prop:s0" dev="tmpfs" ino=15712 scontext=u:r:surfaceflinger:s0 tcontext=u:object_r:vendor_fp_prop:s0 tclass=file permissive=0
01-10 22:26:48.252  1059  1059 W surfaceflinger: type=1400 audit(0.0:550052): avc: denied { read } for name="u:object_r:vendor_fp_prop:s0" dev="tmpfs" ino=15712 scontext=u:r:surfaceflinger:s0 tcontext=u:object_r:vendor_fp_prop:s0 tclass=file permissive=0
01-10 22:26:48.260  1059  1059 E libc    : Access denied finding property "ro.hardware.fp.fod"
01-10 22:26:48.260  1059  1059 E libc    : Access denied finding property "ro.hardware.fp.sideCap"
01-10 22:26:48.261 16864 16864 I FragmentWrapper: draw: no disappearing view
01-10 22:26:48.264 16864 16961 I MediaStatHelper: ensureService mConnecting:false, mService:1
01-10 22:26:48.264 16915 16941 I MusicStatService: track
01-10 22:26:48.265 16864 16864 W Glide   : Load failed for  with size [120x120]
01-10 22:26:48.265 16864 16864 W Glide   : class com.bumptech.glide.load.engine.GlideException: Failed to load resource
01-10 22:26:48.265 16864 16864 I DisplayFragmentLayout: requestLayout  super.requestLayout
01-10 22:26:48.262  1059  1059 W surfaceflinger: type=1400 audit(0.0:550053): avc: denied { read } for name="u:object_r:vendor_fp_prop:s0" dev="tmpfs" ino=15712 scontext=u:r:surfaceflinger:s0 tcontext=u:object_r:vendor_fp_prop:s0 tclass=file permissive=0
01-10 22:26:48.274  1059  1059 E libc    : Access denied finding property "ro.hardware.fp.fod"
01-10 22:26:48.274  1059  1059 E libc    : Access denied finding property "ro.hardware.fp.sideCap"
01-10 22:26:48.275 16864 16864 I FragmentWrapper: draw: no disappearing view
01-10 22:26:48.276 16864 16864 I FavoriteCoverHelper: songList is empty, return!
01-10 22:26:48.292  1059  1059 E libc    : Access denied finding property "ro.hardware.fp.fod"
01-10 22:26:48.292  1059  1059 E libc    : Access denied finding property "ro.hardware.fp.sideCap"
01-10 22:26:48.296  1225  1567 I ThermalEngine: vs_get_temperature: read[0] xo_therm 23839 mC, weight[0] 2
01-10 22:26:48.297  1225  1567 I ThermalEngine: vs_get_temperature: read[1] quiet_therm 21875 mC, weight[1] 1
01-10 22:26:48.302 16864 16991 D IdProviderImpl: getOAID
01-10 22:26:48.304 16864 16991 D IdProviderImpl: getOAID
01-10 22:26:48.305 16864 16961 I MediaStatHelper: ensureService mConnecting:false, mService:1
01-10 22:26:48.305 16915 16941 I MusicStatService: track
01-10 22:26:48.305 16864 16989 I ImageManager: Retriever decoding album: /storage/emulated/0/Music/8.ape
01-10 22:26:48.306  1298 16406 I ExtendedUtils: printFileName fd(15) -> /storage/emulated/0/Music/8.ape
01-10 22:26:48.307 16864 16961 I MediaStatHelper: ensureService mConnecting:false, mService:1
01-10 22:26:48.307 16915 16941 I MusicStatService: track
01-10 22:26:48.308 16864 16864 I DisplayFragmentLayout: requestLayout  super.requestLayout
01-10 22:26:48.308 16864 16864 I StubBatchFetcher: onResponse  the result size is:3
01-10 22:26:48.308 16864 16864 I LoaderRecyclerView: onSubFetcherResponse  replacement uitype:invisible
01-10 22:26:48.308 16864 16864 I LoaderRecyclerView: replaceStub  find stub:1
01-10 22:26:48.308 16864 16864 I LoaderRecyclerView: replaceStub  find stub:0
01-10 22:26:48.308 16864 16864 I LoaderRecyclerView: onSubFetcherResponse  replace one stub which is not the child of the root:0
01-10 22:26:48.308 16864 16864 I DisplayRecyclerView: notifyRawItemRangeChanged  try to partial update
01-10 22:26:48.308 16864 16864 I LoaderRecyclerView: onSubFetcherResponse  replace stub. replaced:true
01-10 22:26:48.308 16864 16864 I LoaderRecyclerView: onSubFetcherResponse  replacement uitype:invisible
01-10 22:26:48.308 16864 16864 I LoaderRecyclerView: replaceStub  find stub:4
01-10 22:26:48.308 16864 16864 I LoaderRecyclerView: replaceStub  find stub:0
01-10 22:26:48.308 16864 16864 I LoaderRecyclerView: onSubFetcherResponse  replace one stub which is not the child of the root:0
01-10 22:26:48.308 16864 16864 I DisplayRecyclerView: notifyRawItemRangeChanged  try to partial update
01-10 22:26:48.308 16864 16864 I LoaderRecyclerView: onSubFetcherResponse  replace stub. replaced:true
01-10 22:26:48.308 16864 16864 I LoaderRecyclerView: onSubFetcherResponse  replacement uitype:invisible
01-10 22:26:48.308 16864 16864 I LoaderRecyclerView: onSubFetcherResponse  replace one stub which is the child of the root:2
01-10 22:26:48.308 16864 16864 I DisplayRecyclerView: findRange  rawStartIndex:2  rawCount:1  isHeader:false  isFooter:false  range:(Begin:5,Count:0)
01-10 22:26:48.309 16864 16864 I DisplayRecyclerView: constructRange  rawStartIndex:2  rawCount:1  isHeader:false  isFooter:false  list size:0
01-10 22:26:48.309 16864 16864 I DisplayRecyclerView: notifyRawItemRangeChanged  positionStart:2 itemCount:1 beginIndex:5 deletedCount:0 addedCount:0
01-10 22:26:48.309 16864 16864 I LoaderRecyclerView: onSubFetcherResponse  replace stub. replaced:true
01-10 22:26:48.309 16864 16864 I StubBatchFetcher: stop
01-10 22:26:48.310 16864 16864 I FileScanHelper: initAnalysisChineseSet use time=1ms size=2648
01-10 22:26:48.310  1059  1059 E libc    : Access denied finding property "ro.hardware.fp.fod"
01-10 22:26:48.310  1059  1059 E libc    : Access denied finding property "ro.hardware.fp.sideCap"
01-10 22:26:48.311  1582  1678 D CompatibilityInfo: mCompatibilityFlags - 4
01-10 22:26:48.311  1582  1678 D CompatibilityInfo: applicationDensity - 352
01-10 22:26:48.311  1582  1678 D CompatibilityInfo: applicationScale - 1.0
01-10 22:26:48.312   559   559 E SELinux : avc:  denied  { find } for interface=vendor.qti.hardware.servicetracker::IServicetracker sid=u:r:system_server:s0 pid=1582 scontext=u:r:system_server:s0 tcontext=u:object_r:default_android_hwservice:s0 tclass=hwservice_manager permissive=0
01-10 22:26:48.321 16915 16967 I SelfPlaylistSyncer: performDownload(): pageNum = 0, cursor = null, cloud records size = 1, last modified time = 1567647604099
01-10 22:26:48.321 16915 16967 I SelfPlaylistSyncer: performDownload(): download object counts = 0
01-10 22:26:48.322 16915 16967 I MusicSyncHelper: Download list size=0
01-10 22:26:48.322 16915 16967 V MusicSyncHelper: [Performance]Download spend time=0, operation count=0
01-10 22:26:48.322 16915 16967 I SelfPlaylistSyncer: performDownload(): unmatched local records count = 0
01-10 22:26:48.322 16915 16967 I MusicSyncHelper: Download list size=0
01-10 22:26:48.322 16915 16967 V MusicSyncHelper: [Performance]Download spend time=0, operation count=0
01-10 22:26:48.324  1059  1059 E libc    : Access denied finding property "ro.hardware.fp.fod"
01-10 22:26:48.324 16864 16864 I DisplayRecyclerView: onBindViewHolder position= 7
01-10 22:26:48.324  1059  1059 E libc    : Access denied finding property "ro.hardware.fp.sideCap"
01-10 22:26:48.325 16915 16967 I CloudSyncService: SyncTask: key = SyncerKey{action='com.miui.player.SYNC_PLAYLISTS', playlistId=0, playlistType=0}
01-10 22:26:48.325 16864 16864 I AbsSwitchImage: ImageViewCompat=null
01-10 22:26:48.326  1293  1293 I MMParserExtractor: Created(0x318d207af0)
01-10 22:26:48.327 16864 16864 I MediaPlaybackServiceProxy: addPlayChangedListener listener count is 13
01-10 22:26:48.327 16864 16864 I AbsSwitchImage: ImageViewCompat=null
01-10 22:26:48.328  1298 16406 E MetadataRetrieverClient: failed to extract an album art
01-10 22:26:48.328 16864 16989 E MediaMetadataRetrieverJNI: getEmbeddedPicture: Call to getEmbeddedPicture failed.
01-10 22:26:48.328 16864 16864 I MediaPlaybackServiceProxy: addPlayChangedListener listener count is 14
01-10 22:26:48.329 16864 16991 D IdProviderImpl: getOAID
01-10 22:26:48.329 16864 16864 I AbsSwitchImage: ImageViewCompat=null
01-10 22:26:48.330 16915 16967 I SelfPlaylistSyncer: performDownload(): localRecords.size = 1
01-10 22:26:48.330 16864 16864 I MediaPlaybackServiceProxy: addPlayChangedListener listener count is 15
01-10 22:26:48.331 16864 16989 E FileRequestHandler: status code=404, url=local_resource://com.miui.player?data=1%257B%2522addTime%2522%253A0%252C%2522album_id%2522%253A%2522%25E5%25A6%2582%25E6%259E%259C%25E7%2588%25B1%25E5%25BF%2598%25E4%25BA%2586EP%2522%252C%2522album_name%2522%253A%2522%25E5%25A6%2582%25E6%259E%259C%25E7%2588%25B1%25E5%25BF%2598%25E4%25BA%2586EP%2522%252C%2522artist_id%2522%253A%2522%25E6%2588%259A%25E8%2596%2587%2522%252C%2522artist_name%2522%253A%2522%25E6%2588%259A%25E8%2596%2587%2522%252C%2522auditionMusic%2522%253Afalse%252C%2522audition_duration%2522%253A0%252C%2522createTime%2522%253A0%252C%2522drmFile%2522%253Afalse%252C%2522duration%2522%253A239213%252C%2522free%2522%253Atrue%252C%2522globalId%2522%253A%25221%252473%2522%252C%2522hide_album%2522%253A0%252C%2522hide_lyric%2522%253A0%252C%2522mAvailableLocal%2522%253Afalse%252C%2522mCloudStatus%2522%253A-1%252C%2522mSyncId%2522%253A%252248fcda50a3374302b30cc824b32b6aaa%2522%252C%2522mSyncState%2522%253A3%252C%2522mSyncTag%2522%253A0%252C%2522miguMusic%2522%253Afalse%252C%2522modified%2522%253A1641824391%252C%2522name%2522%253A%2522%25E5%25A6%2582%25E6%259E%259C%25E7%2588%25B1%25E5%25BF%2598%25E4%25BA%2586%2522%252C%2522operations%2522%253A0%252C%2522path%2522%253A%2522%252Fstorage%252Femulated%252F0%252FMusic%252F8.ape%2522%252C%2522play_count%2522%253A1%252C%2522recognize_state%2522%253A0%252C%2522sequence%2522%253A1%252C%2522sequence_num%2522%253A0%252C%2522sid%2522%253A%252273%2522%252C%2522size%2522%253A24457953%252C%2522source%2522%253A1%252C%2522state%2522%253A1%252C%2522valid%2522%253Atrue%257D%25241%252C&width=330&height=330&localOnly=false&cache_in_local=false
01-10 22:26:48.331 16864 16989 V FileRequestHandler: [Performance]perform request response=null, cost 34
01-10 22:26:48.331 16864 16989 E CompositeRequestHandler: performRequest 
01-10 22:26:48.331 16864 16989 E CompositeRequestHandler: java.io.IOException: status code=404, url=local_resource://com.miui.player?data=1%257B%2522addTime%2522%253A0%252C%2522album_id%2522%253A%2522%25E5%25A6%2582%25E6%259E%259C%25E7%2588%25B1%25E5%25BF%2598%25E4%25BA%2586EP%2522%252C%2522album_name%2522%253A%2522%25E5%25A6%2582%25E6%259E%259C%25E7%2588%25B1%25E5%25BF%2598%25E4%25BA%2586EP%2522%252C%2522artist_id%2522%253A%2522%25E6%2588%259A%25E8%2596%2587%2522%252C%2522artist_name%2522%253A%2522%25E6%2588%259A%25E8%2596%2587%2522%252C%2522auditionMusic%2522%253Afalse%252C%2522audition_duration%2522%253A0%252C%2522createTime%2522%253A0%252C%2522drmFile%2522%253Afalse%252C%2522duration%2522%253A239213%252C%2522free%2522%253Atrue%252C%2522globalId%2522%253A%25221%252473%2522%252C%2522hide_album%2522%253A0%252C%2522hide_lyric%2522%253A0%252C%2522mAvailableLocal%2522%253Afalse%252C%2522mCloudStatus%2522%253A-1%252C%2522mSyncId%2522%253A%252248fcda50a3374302b30cc824b32b6aaa%2522%252C%2522mSyncState%2522%253A3%252C%2522mSyncTag%2522%253A0%252C%2522miguMusic%2522%253Afalse%252C%2522modified%2522%253A1641824391%252C%2522name%2522%253A%2522%25E5%25A6%2582%25E6%259E%259C%25E7%2588%25B1%25E5%25BF%2598%25E4%25BA%2586%2522%252C%2522operations%2522%253A0%252C%2522path%2522%253A%2522%252Fstorage%252Femulated%252F0%252FMusic%252F8.ape%2522%252C%2522play_count%2522%253A1%252C%2522recognize_state%2522%253A0%252C%2522sequence%2522%253A1%252C%2522sequence_num%2522%253A0%252C%2522sid%2522%253A%252273%2522%252C%2522size%2522%253A24457953%252C%2522source%2522%253A1%252C%2522state%2522%253A1%252C%2522valid%2522%253Atrue%257D%25241%252C&width=330&height=330&localOnly=false&cache_in_local=false
01-10 22:26:48.331 16864 16989 E CompositeRequestHandler: 	at com.xiaomi.music.volleywrapper.toolbox.handlers.FileRequestHandler.performRequestInternal(FileRequestHandler.java:282)
01-10 22:26:48.331 16864 16989 E CompositeRequestHandler: 	at com.xiaomi.music.volleywrapper.toolbox.handlers.FileRequestHandler.performRequest(FileRequestHandler.java:170)
01-10 22:26:48.331 16864 16989 E CompositeRequestHandler: 	at com.xiaomi.music.volleywrapper.CompositeRequestHandler.performRequest(CompositeRequestHandler.java:48)
01-10 22:26:48.331 16864 16989 E CompositeRequestHandler: 	at com.xiaomi.music.volleywrapper.ObjectHttpStack.performRequest(ObjectHttpStack.java:40)
01-10 22:26:48.331 16864 16989 E CompositeRequestHandler: 	at com.android.volley.toolbox.BasicNetwork.performRequest(BasicNetwork.java:96)
01-10 22:26:48.331 16864 16989 E CompositeRequestHandler: 	at com.android.volley.NetworkDispatcher.handleNext(NetworkDispatcher.java:143)
01-10 22:26:48.331 16864 16989 E CompositeRequestHandler: 	at com.android.volley.NetworkDispatcher.run(NetworkDispatcher.java:96)
01-10 22:26:48.331 16915 17032 D IdProviderImpl: getOAID
01-10 22:26:48.332 16864 16864 I DisplayRecyclerView: onBindViewHolder position= 0
01-10 22:26:48.332 16864 16864 I DisplayRecyclerView: onBindViewHolder  try to partial update
01-10 22:26:48.332 16864 16864 I DisplayRecyclerView: onBindViewHolder  partial update
01-10 22:26:48.333 16864 16864 I FragmentWrapper: draw: no disappearing view
01-10 22:26:48.333 16915 17024 I MultiProcessDataSyncService: getServiceToken: needRefresh:false
01-10 22:26:48.334 16915 17024 I MultiProcessDataSyncService: getServiceToken: mMusicAuthToken false
01-10 22:26:48.335 16864 16864 I FileScannerService: onCreate
01-10 22:26:48.336 16864 16961 I MediaStatHelper: ensureService mConnecting:false, mService:1
01-10 22:26:48.336 16864 16864 I FileScannerService: onStartCommand
01-10 22:26:48.336 16864 16864 I FileScannerService: startAsForegroundIfNeed startAsForeground = false
01-10 22:26:48.336 16915 16941 I MusicStatService: track
01-10 22:26:48.336 16864 17088 I FileScannerService: onHandleIntent sizeFilter=0, durationFilter=0
01-10 22:26:48.339 16864 17088 I FileScannerService: old FileScanVersion is=14, now FileScanVersion is=14
01-10 22:26:48.340 16864 16864 I DisplayFragmentLayout: requestLayout  super.requestLayout
01-10 22:26:48.340 16864 17088 I FileScannerService: scanFolder dir=/storage/emulated/0,force=false,trim=true
01-10 22:26:48.343 16864 17088 I LoadLibraryHelper: loadLibrary  ffmpeg_xm
01-10 22:26:48.344 16864 16989 E FileRequestHandler: status code=404, url=playlist_icon://com.miui.player?data=101&width=235&height=235&localOnly=false&cache_in_local=true&date_modified=1567647604
01-10 22:26:48.344 16864 17088 E FFMPEGPlayer-JNI: JNI_OnLoad
01-10 22:26:48.344 16864 17088 I FFMPEGPlayer-JNI: RegisterNatives start for 'com/xiaomi/music/ffmpeg/FFMPEGProvider'
01-10 22:26:48.344 16864 17088 I FFMPEGPlayer-JNI: RegisterNatives start for 'com/xiaomi/music/scanner/FileScanner'
01-10 22:26:48.344 16864 16989 V FileRequestHandler: [Performance]perform request response=null, cost 12
01-10 22:26:48.344 16864 17088 I FFMPEGPlayer-JNI: Load success
01-10 22:26:48.344 16864 17088 I FileScanner-JNI: nativeSetup
01-10 22:26:48.344 16864 16989 E CompositeRequestHandler: performRequest 
01-10 22:26:48.344 16864 16989 E CompositeRequestHandler: java.io.IOException: status code=404, url=playlist_icon://com.miui.player?data=101&width=235&height=235&localOnly=false&cache_in_local=true&date_modified=1567647604
01-10 22:26:48.344 16864 16989 E CompositeRequestHandler: 	at com.xiaomi.music.volleywrapper.toolbox.handlers.FileRequestHandler.performRequestInternal(FileRequestHandler.java:282)
01-10 22:26:48.344 16864 16989 E CompositeRequestHandler: 	at com.xiaomi.music.volleywrapper.toolbox.handlers.FileRequestHandler.performRequest(FileRequestHandler.java:170)
01-10 22:26:48.344 16864 16989 E CompositeRequestHandler: 	at com.xiaomi.music.volleywrapper.CompositeRequestHandler.performRequest(CompositeRequestHandler.java:48)
01-10 22:26:48.344 16864 16989 E CompositeRequestHandler: 	at com.xiaomi.music.volleywrapper.ObjectHttpStack.performRequest(ObjectHttpStack.java:40)
01-10 22:26:48.344 16864 16989 E CompositeRequestHandler: 	at com.android.volley.toolbox.BasicNetwork.performRequest(BasicNetwork.java:96)
01-10 22:26:48.344 16864 16989 E CompositeRequestHandler: 	at com.android.volley.NetworkDispatcher.handleNext(NetworkDispatcher.java:143)
01-10 22:26:48.344 16864 16989 E CompositeRequestHandler: 	at com.android.volley.NetworkDispatcher.run(NetworkDispatcher.java:96)
01-10 22:26:48.344 16864 17088 I FileScanner-cpp: ndk build
01-10 22:26:48.350 16864 16989 E FileRequestHandler: status code=404, url=playlist_icon://com.miui.player?data=102&width=235&height=235&localOnly=false&cache_in_local=true&date_modified=1567647604
01-10 22:26:48.350 16864 16989 V FileRequestHandler: [Performance]perform request response=null, cost 6
01-10 22:26:48.350 16864 16989 E CompositeRequestHandler: performRequest 
01-10 22:26:48.350 16864 16989 E CompositeRequestHandler: java.io.IOException: status code=404, url=playlist_icon://com.miui.player?data=102&width=235&height=235&localOnly=false&cache_in_local=true&date_modified=1567647604
01-10 22:26:48.350 16864 16989 E CompositeRequestHandler: 	at com.xiaomi.music.volleywrapper.toolbox.handlers.FileRequestHandler.performRequestInternal(FileRequestHandler.java:282)
01-10 22:26:48.350 16864 16989 E CompositeRequestHandler: 	at com.xiaomi.music.volleywrapper.toolbox.handlers.FileRequestHandler.performRequest(FileRequestHandler.java:170)
01-10 22:26:48.350 16864 16989 E CompositeRequestHandler: 	at com.xiaomi.music.volleywrapper.CompositeRequestHandler.performRequest(CompositeRequestHandler.java:48)
01-10 22:26:48.350 16864 16989 E CompositeRequestHandler: 	at com.xiaomi.music.volleywrapper.ObjectHttpStack.performRequest(ObjectHttpStack.java:40)
01-10 22:26:48.350 16864 16989 E CompositeRequestHandler: 	at com.android.volley.toolbox.BasicNetwork.performRequest(BasicNetwork.java:96)
01-10 22:26:48.350 16864 16989 E CompositeRequestHandler: 	at com.android.volley.NetworkDispatcher.handleNext(NetworkDispatcher.java:143)
01-10 22:26:48.350 16864 16989 E CompositeRequestHandler: 	at com.android.volley.NetworkDispatcher.run(NetworkDispatcher.java:96)
01-10 22:26:48.351 16864 17088 I FileScannerImpl-java: preScan cost 7ms
01-10 22:26:48.352 16864 17088 I FileScannerImpl-java: noMedia directory=/storage/emulated/0/MIUI/music/playlist_cover
01-10 22:26:48.353 16864 17088 I FileScannerImpl-java: noMedia directory=/storage/emulated/0/MIUI/music/album
01-10 22:26:48.357 16864 16864 I FragmentWrapper: draw: no disappearing view
01-10 22:26:48.357 16864 16989 E FileRequestHandler: status code=404, url=playlist_icon://com.miui.player?data=103&width=235&height=235&localOnly=false&cache_in_local=true&date_modified=1567647604
01-10 22:26:48.357 16864 16989 V FileRequestHandler: [Performance]perform request response=null, cost 6
01-10 22:26:48.357 16864 16989 E CompositeRequestHandler: performRequest 
01-10 22:26:48.357 16864 16989 E CompositeRequestHandler: java.io.IOException: status code=404, url=playlist_icon://com.miui.player?data=103&width=235&height=235&localOnly=false&cache_in_local=true&date_modified=1567647604
01-10 22:26:48.357 16864 16989 E CompositeRequestHandler: 	at com.xiaomi.music.volleywrapper.toolbox.handlers.FileRequestHandler.performRequestInternal(FileRequestHandler.java:282)
01-10 22:26:48.357 16864 16989 E CompositeRequestHandler: 	at com.xiaomi.music.volleywrapper.toolbox.handlers.FileRequestHandler.performRequest(FileRequestHandler.java:170)
01-10 22:26:48.357 16864 16989 E CompositeRequestHandler: 	at com.xiaomi.music.volleywrapper.CompositeRequestHandler.performRequest(CompositeRequestHandler.java:48)
01-10 22:26:48.357 16864 16989 E CompositeRequestHandler: 	at com.xiaomi.music.volleywrapper.ObjectHttpStack.performRequest(ObjectHttpStack.java:40)
01-10 22:26:48.357 16864 16989 E CompositeRequestHandler: 	at com.android.volley.toolbox.BasicNetwork.performRequest(BasicNetwork.java:96)
01-10 22:26:48.357 16864 16989 E CompositeRequestHandler: 	at com.android.volley.NetworkDispatcher.handleNext(NetworkDispatcher.java:143)
01-10 22:26:48.357 16864 16989 E CompositeRequestHandler: 	at com.android.volley.NetworkDispatcher.run(NetworkDispatcher.java:96)
01-10 22:26:48.359 16864 17088 I FileScannerImpl-java: noMedia directory=/storage/emulated/0/Android/data/com.miui.player
01-10 22:26:48.359  1059  1059 E libc    : Access denied finding property "ro.hardware.fp.fod"
01-10 22:26:48.359  1059  1059 E libc    : Access denied finding property "ro.hardware.fp.sideCap"
01-10 22:26:48.359 16864 17088 I FileScannerImpl-java: postScan start
01-10 22:26:48.359 16864 17088 I FileScannerImpl-java: --------postScan: insert 0 folder(s)
01-10 22:26:48.359 16864 17088 I FileScannerImpl-java: --------postScan: insert 0 file(s)
01-10 22:26:48.361  2579  2579 D NavBarTintController: onSampleCollected 1.0
01-10 22:26:48.367 16864 17088 I LocalSongStatHelper: today has report
01-10 22:26:48.368 16864 17088 D FileScannerService: afterScanVolume cost1ms
01-10 22:26:48.369  1582  3058 D CompatibilityInfo: mCompatibilityFlags - 4
01-10 22:26:48.369  1582  3058 D CompatibilityInfo: applicationDensity - 352
01-10 22:26:48.369  1582  3058 D CompatibilityInfo: applicationScale - 1.0
01-10 22:26:48.370   559   559 E SELinux : avc:  denied  { find } for interface=vendor.qti.hardware.servicetracker::IServicetracker sid=u:r:system_server:s0 pid=1582 scontext=u:r:system_server:s0 tcontext=u:object_r:default_android_hwservice:s0 tclass=hwservice_manager permissive=0
01-10 22:26:48.371 16864 17088 I FileScannerService: stopServiceForeground, mHasStartForeground:false
01-10 22:26:48.371   559   559 E SELinux : avc:  denied  { find } for interface=vendor.qti.hardware.servicetracker::IServicetracker sid=u:r:system_server:s0 pid=1582 scontext=u:r:system_server:s0 tcontext=u:object_r:default_android_hwservice:s0 tclass=hwservice_manager permissive=0
01-10 22:26:48.373 16864 16864 I FileScannerSha1Service: onCreate
01-10 22:26:48.374 16864 16864 I FileScannerSha1Service: onStartCommand
01-10 22:26:48.374 16864 16864 I FileScannerSha1Service: startAsForegroundIfNeed startAsForeground = false
01-10 22:26:48.374 16864 17089 I FileScannerSha1Service: onHandleIntent path=,forceScan=false,scanType=0
01-10 22:26:48.374  1059  1059 E libc    : Access denied finding property "ro.hardware.fp.fod"
01-10 22:26:48.374  1059  1059 E libc    : Access denied finding property "ro.hardware.fp.sideCap"
01-10 22:26:48.379 16864 17089 I FileScannerSha1Service: queryTBCSha1Paths path=/storage/emulated/0, size=0, time=4ms
01-10 22:26:48.379 16864 17089 I FileScannerSha1Service: stopServiceForeground, mHasStartForeground:false
01-10 22:26:48.380   559   559 E SELinux : avc:  denied  { find } for interface=vendor.qti.hardware.servicetracker::IServicetracker sid=u:r:system_server:s0 pid=1582 scontext=u:r:system_server:s0 tcontext=u:object_r:default_android_hwservice:s0 tclass=hwservice_manager permissive=0
01-10 22:26:48.386   998   998 V DisplayFeatureHal: dataCallback value=<  36.3951,   0.0000,   0.0000>,time=23973114403450, sensor=5, temperature(K)=   0.0000
01-10 22:26:48.390 16864 16864 I DisplayFragmentLayout: requestLayout  super.requestLayout
01-10 22:26:48.391 16864 16864 I FileScannerSha1Service: onDestroy
01-10 22:26:48.392  1059  1059 E libc    : Access denied finding property "ro.hardware.fp.fod"
01-10 22:26:48.392  1059  1059 E libc    : Access denied finding property "ro.hardware.fp.sideCap"
01-10 22:26:48.408 16864 16864 I FragmentWrapper: draw: no disappearing view
01-10 22:26:48.411  1059  1059 E libc    : Access denied finding property "ro.hardware.fp.fod"
01-10 22:26:48.411  1059  1059 E libc    : Access denied finding property "ro.hardware.fp.sideCap"
01-10 22:26:48.416 16915 16967 I SelfPlaylistSyncer: performDownload(): pageNum = 0, cursor = null, cloud records size = 1, last modified time = 1567647604099
01-10 22:26:48.416 16915 16967 I SelfPlaylistSyncer: performDownload(): download object counts = 0
01-10 22:26:48.416 16915 16967 I MusicSyncHelper: Download list size=0
01-10 22:26:48.416 16915 16967 V MusicSyncHelper: [Performance]Download spend time=0, operation count=0
01-10 22:26:48.416 16915 16967 I SelfPlaylistSyncer: performDownload(): unmatched local records count = 0
01-10 22:26:48.416 16915 16967 I MusicSyncHelper: Download list size=0
01-10 22:26:48.416 16915 16967 V MusicSyncHelper: [Performance]Download spend time=0, operation count=0
01-10 22:26:48.423 16864 16864 I DisplayFragmentLayout: requestLayout  super.requestLayout
01-10 22:26:48.426  1059  1059 E libc    : Access denied finding property "ro.hardware.fp.fod"
01-10 22:26:48.426  1059  1059 E libc    : Access denied finding property "ro.hardware.fp.sideCap"
01-10 22:26:48.430 16915 17019 I PlaylistAudioSyncer: performDownload(): pageNum = 0, cursor = null, cloud records size = 0, last modified time = 1567647604099
01-10 22:26:48.430 16915 17019 I CloudUtils: getPlaylistCloudLastModified: - 5fea8c37f76944049fcf49fce1c9e509, time = 0
01-10 22:26:48.430 16915 17019 I PlaylistAudioSyncer: isNewestInLocal: cloudLastModified = 1567647604099, local store last = 0
01-10 22:26:48.430 16915 17019 I CloudUtils: getPlaylistCloudLastModified: - 5fea8c37f76944049fcf49fce1c9e509, time = 0
01-10 22:26:48.430 16915 17019 I PlaylistAudioSyncer: isNewestInLocal: cloudLastModified = 1567647604099, local store last = 0
01-10 22:26:48.434 16915 17019 I CloudUtils: setPlaylistCloudLastModified: - 5fea8c37f76944049fcf49fce1c9e509, time = 1567647604099
01-10 22:26:48.434 16915 17019 I PlaylistAudioSyncer: performDownload(): download object counts = 0
01-10 22:26:48.434 16915 17019 I MusicSyncHelper: Download list size=0
01-10 22:26:48.434 16915 17019 V MusicSyncHelper: [Performance]Download spend time=0, operation count=0
01-10 22:26:48.434 16915 17019 I PlaylistAudioSyncer: performDownload(): unmatched local records count = 0
01-10 22:26:48.434 16915 17019 I MusicSyncHelper: Download list size=0
01-10 22:26:48.435 16915 17019 V MusicSyncHelper: [Performance]Download spend time=0, operation count=0
01-10 22:26:48.441 16864 16864 I FragmentWrapper: draw: no disappearing view
01-10 22:26:48.445  1059  1059 E libc    : Access denied finding property "ro.hardware.fp.fod"
01-10 22:26:48.445  1059  1059 E libc    : Access denied finding property "ro.hardware.fp.sideCap"
01-10 22:26:48.445 16915 16948 I PreferenceCache: commit diff: update version, newVersion=1055000
01-10 22:26:48.450 16915 17019 I CloudUtils: getPlaylistCloudLastModified: - 5fea8c37f76944049fcf49fce1c9e509, time = 1567647604099
01-10 22:26:48.450 16915 17019 I PlaylistAudioSyncer: isNewestInLocal: cloudLastModified = 1567647604099, local store last = 1567647604099
01-10 22:26:48.457   559   559 E SELinux : avc:  denied  { find } for interface=vendor.qti.hardware.servicetracker::IServicetracker sid=u:r:system_server:s0 pid=1582 scontext=u:r:system_server:s0 tcontext=u:object_r:default_android_hwservice:s0 tclass=hwservice_manager permissive=0
01-10 22:26:48.457 16864 16864 I DisplayFragmentLayout: requestLayout  super.requestLayout
01-10 22:26:48.460  1059  1059 E libc    : Access denied finding property "ro.hardware.fp.fod"
01-10 22:26:48.460  1059  1059 E libc    : Access denied finding property "ro.hardware.fp.sideCap"
01-10 22:26:48.463 16864 16864 I TabGroup: left : 0, right :216parentTop : 69 parentBottom : 200touchX : 1001.0 touchY : 96.0
01-10 22:26:48.463 16864 16864 I TabGroup: left : 216, right :432parentTop : 69 parentBottom : 200touchX : 1001.0 touchY : 96.0
01-10 22:26:48.463 16864 16864 I TabGroup: left : 648, right :864parentTop : 69 parentBottom : 200touchX : 1001.0 touchY : 96.0
01-10 22:26:48.463 16864 16864 I TabGroup: left : 864, right :1080parentTop : 69 parentBottom : 200touchX : 1001.0 touchY : 96.0
01-10 22:26:48.463  2579  2579 D NavBarTintController: onSampleCollected 1.0
01-10 22:26:48.474 16864 16864 I FragmentWrapper: draw: no disappearing view
01-10 22:26:48.476 16864 16864 I DisplayFragmentLayout: requestLayout  super.requestLayout
01-10 22:26:48.476  1059  1059 E libc    : Access denied finding property "ro.hardware.fp.fod"
01-10 22:26:48.476  1059  1059 E libc    : Access denied finding property "ro.hardware.fp.sideCap"
01-10 22:26:48.491 16864 16864 I FragmentWrapper: draw: no disappearing view
01-10 22:26:48.493  1059  1059 E libc    : Access denied finding property "ro.hardware.fp.fod"
01-10 22:26:48.493  1059  1059 E libc    : Access denied finding property "ro.hardware.fp.sideCap"
01-10 22:26:48.497 16864 16864 I DisplayFragmentLayout: requestLayout  super.requestLayout
01-10 22:26:48.508 16864 16864 I FragmentWrapper: draw: no disappearing view
01-10 22:26:48.509  1059  1059 E libc    : Access denied finding property "ro.hardware.fp.fod"
01-10 22:26:48.509  1059  1059 E libc    : Access denied finding property "ro.hardware.fp.sideCap"
01-10 22:26:48.509 16864 16864 I DisplayFragmentLayout: requestLayout  super.requestLayout
01-10 22:26:48.523  2579  3043 D MobileSignalController: onSignalStrengthsChanged: SignalStrength:{mCdma=CellSignalStrengthCdma: cdmaDbm=2147483647 cdmaEcio=2147483647 evdoDbm=2147483647 evdoEcio=2147483647 evdoSnr=2147483647 miuiLevel=0 level=0,mGsm=CellSignalStrengthGsm: rssi=2147483647 ber=2147483647 mTa=2147483647 miuiLevel=0 mLevel=0,mWcdma=CellSignalStrengthWcdma: ss=2147483647 ber=2147483647 rscp=2147483647 ecno=2147483647 miuiLevel=0 level=0,mTdscdma=CellSignalStrengthTdscdma: rssi=2147483647 ber=2147483647 rscp=2147483647 miuiLevel=0 level=0,mLte=CellSignalStrengthLte: rssi=-61 rsrp=-93 rsrq=-9 rssnr=188 cqi=2147483647 ta=2147483647 miuiLevel=5 level=4,mNr=CellSignalStrengthNr:{ csiRsrp = 2147483647 csiRsrq = 2147483647 csiSinr = 2147483647 ssRsrp = 2147483647 ssRsrq = 2147483647 ssSinr = 2147483647 miuiLevel = 0 level = 0 },primary=CellSignalStrengthLte}
01-10 22:26:48.523  2579  3043 D NetworkController.MobileSignalController(1): 4G level = 5
01-10 22:26:48.524 16864 16864 I FragmentWrapper: draw: no disappearing view
01-10 22:26:48.525  1059  1059 E libc    : Access denied finding property "ro.hardware.fp.fod"
01-10 22:26:48.525  1059  1059 E libc    : Access denied finding property "ro.hardware.fp.sideCap"
01-10 22:26:48.526 16864 16864 I DisplayFragmentLayout: requestLayout  super.requestLayout
01-10 22:26:48.528 16864 16864 I TabGroup: left : 0, right :216parentTop : 69 parentBottom : 200touchX : 1001.0 touchY : 96.0
01-10 22:26:48.528 16864 16864 I TabGroup: left : 216, right :432parentTop : 69 parentBottom : 200touchX : 1001.0 touchY : 96.0
01-10 22:26:48.528 16864 16864 I TabGroup: left : 648, right :864parentTop : 69 parentBottom : 200touchX : 1001.0 touchY : 96.0
01-10 22:26:48.528 16864 16864 I TabGroup: left : 864, right :1080parentTop : 69 parentBottom : 200touchX : 1001.0 touchY : 96.0
01-10 22:26:48.529  2579  3043 D MobileSignalController: updateDataType mSelectedDataTypeIcon[0]=2131232922, mSelectedDataActivityIndex=6
01-10 22:26:48.529  2579  3043 D TelephonyIcons: getSignalStrengthIcon: slot=0, inetCondition=1, level=5, roaming=false, signalstrength=SignalStrength:{mCdma=CellSignalStrengthCdma: cdmaDbm=2147483647 cdmaEcio=2147483647 evdoDbm=2147483647 evdoEcio=2147483647 evdoSnr=2147483647 miuiLevel=0 level=0,mGsm=CellSignalStrengthGsm: rssi=2147483647 ber=2147483647 mTa=2147483647 miuiLevel=0 mLevel=0,mWcdma=CellSignalStrengthWcdma: ss=2147483647 ber=2147483647 rscp=2147483647 ecno=2147483647 miuiLevel=0 level=0,mTdscdma=CellSignalStrengthTdscdma: rssi=2147483647 ber=2147483647 rscp=2147483647 miuiLevel=0 level=0,mLte=CellSignalStrengthLte: rssi=-61 rsrp=-93 rsrq=-9 rssnr=188 cqi=2147483647 ta=2147483647 miuiLevel=5 level=4,mNr=CellSignalStrengthNr:{ csiRsrp = 2147483647 csiRsrq = 2147483647 csiSinr = 2147483647 ssRsrp = 2147483647 ssRsrq = 2147483647 ssSinr = 2147483647 miuiLevel = 0 level = 0 },primary=CellSignalStrengthLte}
01-10 22:26:48.529  2579  3043 D TelephonyIcons: getDataActivity, slot=0, activity=3
01-10 22:26:48.529 16864 16864 E PreferenceCache: await: mv=1054000,  dbV=1055000
01-10 22:26:48.529 16864 16893 I PreferenceCache: handle change: update load background
01-10 22:26:48.530  2579  3043 D TelephonyIcons: null signal icon name: drawable/stat_sys_signal_null
01-10 22:26:48.530  2579  3043 D TelephonyIcons: getDataTypeIcon sub=0
01-10 22:26:48.531  2579  2579 D SignalClusterView: updateMobileTypeImage  0
01-10 22:26:48.531 16864 16864 E DisplayHelper: pause  the display is not resumed
01-10 22:26:48.532 16864 16864 E DisplayHelper: pause  the display is not resumed
01-10 22:26:48.532  2579  2579 D SignalClusterView: updateMobileTypeImage  0
01-10 22:26:48.533  2579  2579 D SignalClusterView: updateMobileTypeImage  0
01-10 22:26:48.535   559   559 E SELinux : avc:  denied  { find } for interface=vendor.qti.hardware.servicetracker::IServicetracker sid=u:r:system_server:s0 pid=1582 scontext=u:r:system_server:s0 tcontext=u:object_r:default_android_hwservice:s0 tclass=hwservice_manager permissive=0
01-10 22:26:48.538 16864 16893 I PreferenceCache: commit diff: update version, newVersion=1056000
01-10 22:26:48.540  1582  3058 D CompatibilityInfo: mCompatibilityFlags - 4
01-10 22:26:48.540  1582  3058 D CompatibilityInfo: applicationDensity - 352
01-10 22:26:48.540  1582  3058 D CompatibilityInfo: applicationScale - 1.0
01-10 22:26:48.541  1059  1059 E libc    : Access denied finding property "ro.hardware.fp.fod"
01-10 22:26:48.541  1059  1059 E libc    : Access denied finding property "ro.hardware.fp.sideCap"
01-10 22:26:48.542   559   559 E SELinux : avc:  denied  { find } for interface=vendor.qti.hardware.servicetracker::IServicetracker sid=u:r:system_server:s0 pid=1582 scontext=u:r:system_server:s0 tcontext=u:object_r:default_android_hwservice:s0 tclass=hwservice_manager permissive=0
01-10 22:26:48.546  1582  2481 I MiuiNetworkPolicy: updateUidState uid = 10098, uidState = 4
01-10 22:26:48.550  2579  2579 D SignalClusterView: updateMobileTypeImage  0
01-10 22:26:48.550 16864 16864 I AbsSwitchImage: ImageViewCompat=null
01-10 22:26:48.553   998   998 V DisplayFeatureHal: dataCallback value=<  35.5286,   0.0000,   0.0000>,time=23973281208971, sensor=5, temperature(K)=   0.0000
01-10 22:26:48.553  2579  2579 D SignalClusterView: updateMobileTypeImage  0
01-10 22:26:48.555 16864 16991 D IdProviderImpl: getOAID
01-10 22:26:48.557 16864 16864 E CheckAppInstalledHelper: getApkVersion fail:com.ss.android.ugc.aweme.lite
01-10 22:26:48.559  1059  1059 E libc    : Access denied finding property "ro.hardware.fp.fod"
01-10 22:26:48.559  1059  1059 E libc    : Access denied finding property "ro.hardware.fp.sideCap"
01-10 22:26:48.562  2579  2579 D SignalClusterView: updateMobileTypeImage  0
01-10 22:26:48.566 16864 16961 I AggregateManager: aggregate cost: 0
01-10 22:26:48.567 16864 16864 I com.miui.player.content.cache.PlaylistCountCache[content://com.miui.player.private/playlists_aAdd receiver com.miui.player.display.view.cell.FavoriteSongGroupListItemCell$3@78bb48
01-10 22:26:48.568 16864 16864 I com.miui.player.content.cache.PlaylistCountCache[content://com.miui.player.private/playlists_aAdd receiver com.miui.player.display.view.cell.FavoriteSongGroupListItemCell$3@e27dde1
01-10 22:26:48.568 16864 16961 I MediaStatHelper: ensureService mConnecting:false, mService:1
01-10 22:26:48.568 16915 17001 I MusicStatService: track
01-10 22:26:48.569 16864 16864 I com.miui.player.content.cache.PlaylistCountCache[content://com.miui.player.private/playlists_aAdd receiver com.miui.player.display.view.cell.FavoriteSongGroupListItemCell$3@70243f4
01-10 22:26:48.569 16864 16864 I com.miui.player.content.cache.PlaylistCountCache[content://com.miui.player.private/playlists_aAdd receiver com.miui.player.display.view.cell.FavoriteSongGroupListItemCell$3@f63771d
01-10 22:26:48.570 16864 16991 D IdProviderImpl: getOAID
01-10 22:26:48.572 16864 16864 E DisplayHelper: page_view
01-10 22:26:48.572  2977  2977 I RenderVsyncUpdater: All controllers paused.
01-10 22:26:48.573 16864 16864 I DispatchItemFetcher: start
01-10 22:26:48.574 16864 16961 I MediaStatHelper: ensureService mConnecting:false, mService:1
01-10 22:26:48.574 16915 17001 I MusicStatService: track
01-10 22:26:48.575  1582  1678 D CompatibilityInfo: mCompatibilityFlags - 4
01-10 22:26:48.575  1582  1678 D CompatibilityInfo: applicationDensity - 352
01-10 22:26:48.575  1582  1678 D CompatibilityInfo: applicationScale - 1.0
01-10 22:26:48.575  1059  1059 E libc    : Access denied finding property "ro.hardware.fp.fod"
01-10 22:26:48.575  1059  1059 E libc    : Access denied finding property "ro.hardware.fp.sideCap"
01-10 22:26:48.576   559   559 E SELinux : avc:  denied  { find } for interface=vendor.qti.hardware.servicetracker::IServicetracker sid=u:r:system_server:s0 pid=1582 scontext=u:r:system_server:s0 tcontext=u:object_r:default_android_hwservice:s0 tclass=hwservice_manager permissive=0
01-10 22:26:48.577  1582  2481 I MiuiNetworkPolicy: updateUidState uid = 10056, uidState = 4
01-10 22:26:48.578  2579  2579 D NavBarTintController: onSampleCollected 1.0
01-10 22:26:48.578 16915 16915 E PreferenceCache: await: mv=1055000,  dbV=1056000
01-10 22:26:48.579 16915 16948 I PreferenceCache: handle change: update load background
01-10 22:26:48.582 16864 16864 I FMPurchasedCountCache: needRefresh is true
01-10 22:26:48.582 16864 17084 I com.miui.player.content.cache.FMCountCache[no uri]: Start to load in background
01-10 22:26:48.582 16864 16864 I FavoriteVideoCountCache: needRefresh is true
01-10 22:26:48.582 16864 17082 I com.miui.player.content.cache.FavoriteVideoCountCache[no uri]: Start to load in background
01-10 22:26:48.582 16915 17019 I CloudSyncService: SyncTask: key = SyncerKey{action='com.miui.player.SYNC_PLAYLISTS', playlistId=0, playlistType=0}
01-10 22:26:48.583 16915 16915 E PreferenceCache: await: mv=1056000,  dbV=1057000
01-10 22:26:48.583 16915 16967 I CloudSyncService: SyncTask: key = SyncerKey{action='com.miui.player.SYNC_CLOUD_AUDIOS', playlistId=0, playlistType=0}
01-10 22:26:48.583 16915 16948 I PreferenceCache: handle change: update load background
01-10 22:26:48.584 16915 17001 I MultiProcessDataSyncService: getServiceToken: needRefresh:false
01-10 22:26:48.585 16864 16991 D IdProviderImpl: getOAID
01-10 22:26:48.585 16864 16893 I PreferenceCache: commit diff: update version, newVersion=1057000
01-10 22:26:48.585 16915 16941 I MultiProcessDataSyncService: getServiceToken: needRefresh:false
01-10 22:26:48.585 16915 17001 I MultiProcessDataSyncService: getServiceToken: mMusicAuthToken false
01-10 22:26:48.586 16864 16991 D IdProviderImpl: getOAID
01-10 22:26:48.588 16864 16991 D IdProviderImpl: getOAID
01-10 22:26:48.588 16864 16893 I PreferenceCache: commit diff: update version, newVersion=1058000
01-10 22:26:48.588 16864 16893 I PreferenceCache: commit diff: update version, newVersion=1058000
01-10 22:26:48.589 16915 17019 I SelfPlaylistSyncer: performDownload(): localRecords.size = 1
01-10 22:26:48.589 16864 16991 D IdProviderImpl: getOAID
01-10 22:26:48.590 16864 16913 D IdProviderImpl: getOAID
01-10 22:26:48.591 16864 16961 I MediaStatHelper: ensureService mConnecting:false, mService:1
01-10 22:26:48.591 16915 16940 I MusicStatService: track
01-10 22:26:48.592 16864 16913 D IdProviderImpl: getOAID
01-10 22:26:48.593 16864 16913 D IdProviderImpl: getOAID
01-10 22:26:48.593 16915 16967 I CloudAudiosSyncer: performDownload(): localRecords.size = 0
01-10 22:26:48.593 16864 16961 I MediaStatHelper: ensureService mConnecting:false, mService:1
01-10 22:26:48.593 16915 16940 I MusicStatService: track
01-10 22:26:48.594 16915 17032 D IdProviderImpl: getOAID
01-10 22:26:48.594 16864 16913 D IdProviderImpl: getOAID
01-10 22:26:48.594 16915 16915 E PreferenceCache: await: mv=1057000,  dbV=1058000
01-10 22:26:48.595 16915 16941 I MultiProcessDataSyncService: getServiceToken: mMusicAuthToken false
01-10 22:26:48.595 16915 16948 I PreferenceCache: handle change: update load background
01-10 22:26:48.596 16864 16864 E DisplayHelper: pause  the display is not resumed
01-10 22:26:48.596 16864 16864 I chatty  : uid=10090(com.miui.player) identical 1 line
01-10 22:26:48.596 16864 16864 E DisplayHelper: pause  the display is not resumed
01-10 22:26:48.597 16864 16913 D IdProviderImpl: getOAID
01-10 22:26:48.597 16915 17032 D IdProviderImpl: getOAID
01-10 22:26:48.598 16864 16864 E DisplayHelper: pause  the display is not resumed
01-10 22:26:48.598 16864 16864 I chatty  : uid=10090(com.miui.player) identical 1 line
01-10 22:26:48.598 16864 16864 E DisplayHelper: pause  the display is not resumed
01-10 22:26:48.598 16864 16913 D IdProviderImpl: getOAID
01-10 22:26:48.599 16864 16961 I MediaStatHelper: ensureService mConnecting:false, mService:1
01-10 22:26:48.599 16915 16915 I Threads : name=mt_AsyncTask_5, total=33
01-10 22:26:48.599 16915 16941 I MusicStatService: track
01-10 22:26:48.599 16915 17032 I CloudSyncService: SyncTask: key = SyncerKey{action='com.miui.player.SYNC_FAVORITE_PLAYLISTS', playlistId=0, playlistType=105}
01-10 22:26:48.600 16915 16915 I Threads : name=mt_AsyncTask_6, total=34
01-10 22:26:48.600 16915 17091 I CloudSyncService: SyncTask: key = SyncerKey{action='com.miui.player.SYNC_FAVORITE_PLAYLISTS', playlistId=0, playlistType=104}
01-10 22:26:48.600 16864 16913 D IdProviderImpl: getOAID
01-10 22:26:48.600 16915 16915 I Threads : name=mt_AsyncTask_7, total=35
01-10 22:26:48.600 16915 17024 I MultiProcessDataSyncService: getServiceToken: needRefresh:false
01-10 22:26:48.600 16915 16915 I Threads : name=mt_AsyncTask_8, total=36
01-10 22:26:48.601 16915 16915 I Threads : name=mt_AsyncTask_9, total=37
01-10 22:26:48.601 16915 17024 I MultiProcessDataSyncService: getServiceToken: mMusicAuthToken false
01-10 22:26:48.601 16915 17031 I CloudSyncService: SyncTask: key = SyncerKey{action='com.miui.player.SYNC_FAVORITE_AUDIOS', playlistId=0, playlistType=0}
